../Core/Src/tcp_server/tcp_input_stream.c:23:5:tcp_input_stream_init	24	static
../Core/Src/tcp_server/tcp_input_stream.c:42:5:tcp_input_stream_deinit	16	static
../Core/Src/tcp_server/tcp_input_stream.c:47:7:tcp_input_stream_get_message	16	static
../Core/Src/tcp_server/tcp_input_stream.c:52:5:tcp_input_stream_message_size	4	static
../Core/Src/tcp_server/tcp_input_stream.c:57:5:tcp_input_stream_routine	24	static
../Core/Src/tcp_server/tcp_input_stream.c:88:6:tcp_input_stream_enable_handler	16	static
../Core/Src/tcp_server/tcp_input_stream.c:92:6:tcp_input_stream_disable_handler	16	static
../Core/Src/tcp_server/tcp_input_stream.c:97:9:tcp_input_stream_is_connected	16	static
../Core/Src/tcp_server/tcp_input_stream.c:102:12:tcp_input_stream_open_socket	16	static
../Core/Src/tcp_server/tcp_input_stream.c:108:12:tcp_input_stream_listen_socket	16	static
../Core/Src/tcp_server/tcp_input_stream.c:114:12:tcp_input_stream_receive	32	static
../Core/Src/tcp_server/tcp_input_stream.c:154:5:tcp_input_stream_close_socket	16	static
../Core/Src/tcp_server/tcp_input_stream.c:161:12:tcp_input_stream_reboot_ethernet	16	static
