Archive member included to satisfy reference by file (symbol)

C:/ST/STM32CubeIDE_1.14.1/STM32CubeIDE/plugins/com.st.stm32cube.ide.mcu.externaltools.gnu-tools-for-stm32.11.3.rel1.win32_1.1.100.202309141235/tools/bin/../lib/gcc/arm-none-eabi/11.3.1/../../../../arm-none-eabi/lib/thumb/v7e-m+fp/hard\libc_nano.a(libc_a-exit.o)
                              C:/ST/STM32CubeIDE_1.14.1/STM32CubeIDE/plugins/com.st.stm32cube.ide.mcu.externaltools.gnu-tools-for-stm32.11.3.rel1.win32_1.1.100.202309141235/tools/bin/../lib/gcc/arm-none-eabi/11.3.1/../../../../arm-none-eabi/lib/thumb/v7e-m+fp/hard/crt0.o (exit)
C:/ST/STM32CubeIDE_1.14.1/STM32CubeIDE/plugins/com.st.stm32cube.ide.mcu.externaltools.gnu-tools-for-stm32.11.3.rel1.win32_1.1.100.202309141235/tools/bin/../lib/gcc/arm-none-eabi/11.3.1/../../../../arm-none-eabi/lib/thumb/v7e-m+fp/hard\libc_nano.a(libc_a-itoa.o)
                              ./Core/Src/ssd1306/ssd1306.o (itoa)
C:/ST/STM32CubeIDE_1.14.1/STM32CubeIDE/plugins/com.st.stm32cube.ide.mcu.externaltools.gnu-tools-for-stm32.11.3.rel1.win32_1.1.100.202309141235/tools/bin/../lib/gcc/arm-none-eabi/11.3.1/../../../../arm-none-eabi/lib/thumb/v7e-m+fp/hard\libc_nano.a(libc_a-malloc.o)
                              ./Core/Src/adc/adc_AD7791.o (malloc)
C:/ST/STM32CubeIDE_1.14.1/STM32CubeIDE/plugins/com.st.stm32cube.ide.mcu.externaltools.gnu-tools-for-stm32.11.3.rel1.win32_1.1.100.202309141235/tools/bin/../lib/gcc/arm-none-eabi/11.3.1/../../../../arm-none-eabi/lib/thumb/v7e-m+fp/hard\libc_nano.a(libc_a-mallocr.o)
                              C:/ST/STM32CubeIDE_1.14.1/STM32CubeIDE/plugins/com.st.stm32cube.ide.mcu.externaltools.gnu-tools-for-stm32.11.3.rel1.win32_1.1.100.202309141235/tools/bin/../lib/gcc/arm-none-eabi/11.3.1/../../../../arm-none-eabi/lib/thumb/v7e-m+fp/hard\libc_nano.a(libc_a-malloc.o) (_malloc_r)
C:/ST/STM32CubeIDE_1.14.1/STM32CubeIDE/plugins/com.st.stm32cube.ide.mcu.externaltools.gnu-tools-for-stm32.11.3.rel1.win32_1.1.100.202309141235/tools/bin/../lib/gcc/arm-none-eabi/11.3.1/../../../../arm-none-eabi/lib/thumb/v7e-m+fp/hard\libc_nano.a(libc_a-mlock.o)
                              C:/ST/STM32CubeIDE_1.14.1/STM32CubeIDE/plugins/com.st.stm32cube.ide.mcu.externaltools.gnu-tools-for-stm32.11.3.rel1.win32_1.1.100.202309141235/tools/bin/../lib/gcc/arm-none-eabi/11.3.1/../../../../arm-none-eabi/lib/thumb/v7e-m+fp/hard\libc_nano.a(libc_a-mallocr.o) (__malloc_lock)
C:/ST/STM32CubeIDE_1.14.1/STM32CubeIDE/plugins/com.st.stm32cube.ide.mcu.externaltools.gnu-tools-for-stm32.11.3.rel1.win32_1.1.100.202309141235/tools/bin/../lib/gcc/arm-none-eabi/11.3.1/../../../../arm-none-eabi/lib/thumb/v7e-m+fp/hard\libc_nano.a(libc_a-utoa.o)
                              C:/ST/STM32CubeIDE_1.14.1/STM32CubeIDE/plugins/com.st.stm32cube.ide.mcu.externaltools.gnu-tools-for-stm32.11.3.rel1.win32_1.1.100.202309141235/tools/bin/../lib/gcc/arm-none-eabi/11.3.1/../../../../arm-none-eabi/lib/thumb/v7e-m+fp/hard\libc_nano.a(libc_a-itoa.o) (__utoa)
C:/ST/STM32CubeIDE_1.14.1/STM32CubeIDE/plugins/com.st.stm32cube.ide.mcu.externaltools.gnu-tools-for-stm32.11.3.rel1.win32_1.1.100.202309141235/tools/bin/../lib/gcc/arm-none-eabi/11.3.1/../../../../arm-none-eabi/lib/thumb/v7e-m+fp/hard\libc_nano.a(libc_a-findfp.o)
                              C:/ST/STM32CubeIDE_1.14.1/STM32CubeIDE/plugins/com.st.stm32cube.ide.mcu.externaltools.gnu-tools-for-stm32.11.3.rel1.win32_1.1.100.202309141235/tools/bin/../lib/gcc/arm-none-eabi/11.3.1/../../../../arm-none-eabi/lib/thumb/v7e-m+fp/hard\libc_nano.a(libc_a-exit.o) (__stdio_exit_handler)
C:/ST/STM32CubeIDE_1.14.1/STM32CubeIDE/plugins/com.st.stm32cube.ide.mcu.externaltools.gnu-tools-for-stm32.11.3.rel1.win32_1.1.100.202309141235/tools/bin/../lib/gcc/arm-none-eabi/11.3.1/../../../../arm-none-eabi/lib/thumb/v7e-m+fp/hard\libc_nano.a(libc_a-fwalk.o)
                              C:/ST/STM32CubeIDE_1.14.1/STM32CubeIDE/plugins/com.st.stm32cube.ide.mcu.externaltools.gnu-tools-for-stm32.11.3.rel1.win32_1.1.100.202309141235/tools/bin/../lib/gcc/arm-none-eabi/11.3.1/../../../../arm-none-eabi/lib/thumb/v7e-m+fp/hard\libc_nano.a(libc_a-findfp.o) (_fwalk_sglue)
C:/ST/STM32CubeIDE_1.14.1/STM32CubeIDE/plugins/com.st.stm32cube.ide.mcu.externaltools.gnu-tools-for-stm32.11.3.rel1.win32_1.1.100.202309141235/tools/bin/../lib/gcc/arm-none-eabi/11.3.1/../../../../arm-none-eabi/lib/thumb/v7e-m+fp/hard\libc_nano.a(libc_a-snprintf.o)
                              ./Core/Src/ssd1306/ssd1306_tests.o (snprintf)
C:/ST/STM32CubeIDE_1.14.1/STM32CubeIDE/plugins/com.st.stm32cube.ide.mcu.externaltools.gnu-tools-for-stm32.11.3.rel1.win32_1.1.100.202309141235/tools/bin/../lib/gcc/arm-none-eabi/11.3.1/../../../../arm-none-eabi/lib/thumb/v7e-m+fp/hard\libc_nano.a(libc_a-stdio.o)
[...]
Memory Configuration

Name             Origin             Length             Attributes
CCMRAM           0x0000000010000000 0x0000000000010000 xrw
RAM              0x0000000020000000 0x0000000000020000 xrw
FLASH            0x0000000008000000 0x0000000000080000 xr
*default*        0x0000000000000000 0xffffffffffffffff

Linker script and memory map

LOAD C:/ST/STM32CubeIDE_1.14.1/STM32CubeIDE/plugins/com.st.stm32cube.ide.mcu.externaltools.gnu-tools-for-stm32.11.3.rel1.win32_1.1.100.202309141235/tools/bin/../lib/gcc/arm-none-eabi/11.3.1/thumb/v7e-m+fp/hard/crti.o
LOAD C:/ST/STM32CubeIDE_1.14.1/STM32CubeIDE/plugins/com.st.stm32cube.ide.mcu.externaltools.gnu-tools-for-stm32.11.3.rel1.win32_1.1.100.202309141235/tools/bin/../lib/gcc/arm-none-eabi/11.3.1/thumb/v7e-m+fp/hard/crtbegin.o
LOAD C:/ST/STM32CubeIDE_1.14.1/STM32CubeIDE/plugins/com.st.stm32cube.ide.mcu.externaltools.gnu-tools-for-stm32.11.3.rel1.win32_1.1.100.202309141235/tools/bin/../lib/gcc/arm-none-eabi/11.3.1/../../../../arm-none-eabi/lib/thumb/v7e-m+fp/hard/crt0.o
LOAD ./Core/Src/adc/adc.o
LOAD ./Core/Src/adc/adc_AD7791.o
LOAD ./Core/Src/adc/adc_ADS1242.o
LOAD ./Core/Src/adc/adc_ADS1246.o
LOAD ./Core/Src/adc/adc_emulator.o
LOAD ./Core/Src/adc/adc_monitor.o
LOAD ./Core/Src/adc/counter.o
LOAD ./Core/Src/adc/range_select.o
LOAD ./Core/Src/dac/dac.o
LOAD ./Core/Src/dac/dac_MCP4811_EP.o
LOAD ./Core/Src/dac/dac_emulator.o
LOAD ./Core/Src/display_contents/screens/screen.o
LOAD ./Core/Src/display_contents/screens/screen_1.o
LOAD ./Core/Src/display_contents/widgets/widget.o
LOAD ./Core/Src/flash_manager/flash_data.o
LOAD ./Core/Src/general_task/general_task.o
LOAD ./Core/Src/high_voltage_system/high_voltage_system.o
LOAD ./Core/Src/keyboard/button.o
LOAD ./Core/Src/keyboard/keyboard.o
LOAD ./Core/Src/main.o
LOAD ./Core/Src/stm32f4xx_hal_msp.o
LOAD ./Core/Src/stm32f4xx_it.o
LOAD ./Core/Src/syscalls.o
LOAD ./Core/Src/sysmem.o
LOAD ./Core/Src/system_stm32f4xx.o
LOAD ./Core/Src/pressure_sensor/pressure_sensor.o
LOAD ./Core/Src/ssd1306/ssd1306.o
LOAD ./Core/Src/ssd1306/ssd1306_fonts.o
LOAD ./Core/Src/ssd1306/ssd1306_tests.o
LOAD ./Core/Src/tcp_server/rx_message.o
LOAD ./Core/Src/tcp_server/tcp_input_stream.o
LOAD ./Core/Src/tcp_server/tcp_output_stream.o
LOAD ./Core/Src/tcp_server/tx_message.o
LOAD ./Core/Src/uart_rx_handler/uart_rx_handler.o
LOAD ./Core/Src/w5500_ethernet/socket.o
LOAD ./Core/Src/w5500_ethernet/w5500.o
LOAD ./Core/Src/w5500_ethernet/wizchip_conf.o
LOAD ./Core/Src/w5500_ethernet/wiznet_api.o
LOAD ./Core/Startup/startup_stm32f407vetx.o
LOAD ./Drivers/STM32F4xx_HAL_Driver/Src/stm32f4xx_hal.o
LOAD ./Drivers/STM32F4xx_HAL_Driver/Src/stm32f4xx_hal_cortex.o
LOAD ./Drivers/STM32F4xx_HAL_Driver/Src/stm32f4xx_hal_dma.o
LOAD ./Drivers/STM32F4xx_HAL_Driver/Src/stm32f4xx_hal_dma_ex.o
LOAD ./Drivers/STM32F4xx_HAL_Driver/Src/stm32f4xx_hal_exti.o
LOAD ./Drivers/STM32F4xx_HAL_Driver/Src/stm32f4xx_hal_flash.o
LOAD ./Drivers/STM32F4xx_HAL_Driver/Src/stm32f4xx_hal_flash_ex.o
LOAD ./Drivers/STM32F4xx_HAL_Driver/Src/stm32f4xx_hal_flash_ramfunc.o
LOAD ./Drivers/STM32F4xx_HAL_Driver/Src/stm32f4xx_hal_gpio.o
LOAD ./Drivers/STM32F4xx_HAL_Driver/Src/stm32f4xx_hal_i2c.o
LOAD ./Drivers/STM32F4xx_HAL_Driver/Src/stm32f4xx_hal_i2c_ex.o
LOAD ./Drivers/STM32F4xx_HAL_Driver/Src/stm32f4xx_hal_pwr.o
LOAD ./Drivers/STM32F4xx_HAL_Driver/Src/stm32f4xx_hal_pwr_ex.o
LOAD ./Drivers/STM32F4xx_HAL_Driver/Src/stm32f4xx_hal_rcc.o
LOAD ./Drivers/STM32F4xx_HAL_Driver/Src/stm32f4xx_hal_rcc_ex.o
LOAD ./Drivers/STM32F4xx_HAL_Driver/Src/stm32f4xx_hal_spi.o
LOAD ./Drivers/STM32F4xx_HAL_Driver/Src/stm32f4xx_hal_tim.o
LOAD ./Drivers/STM32F4xx_HAL_Driver/Src/stm32f4xx_hal_tim_ex.o
LOAD ./Drivers/STM32F4xx_HAL_Driver/Src/stm32f4xx_hal_uart.o
START GROUP
LOAD C:/ST/STM32CubeIDE_1.14.1/STM32CubeIDE/plugins/com.st.stm32cube.ide.mcu.externaltools.gnu-tools-for-stm32.11.3.rel1.win32_1.1.100.202309141235/tools/bin/../lib/gcc/arm-none-eabi/11.3.1/../../../../arm-none-eabi/lib/thumb/v7e-m+fp/hard\libc_nano.a
LOAD C:/ST/STM32CubeIDE_1.14.1/STM32CubeIDE/plugins/com.st.stm32cube.ide.mcu.externaltools.gnu-tools-for-stm32.11.3.rel1.win32_1.1.100.202309141235/tools/bin/../lib/gcc/arm-none-eabi/11.3.1/../../../../arm-none-eabi/lib/thumb/v7e-m+fp/hard\libm.a
END GROUP
START GROUP
LOAD C:/ST/STM32CubeIDE_1.14.1/STM32CubeIDE/plugins/com.st.stm32cube.ide.mcu.externaltools.gnu-tools-for-stm32.11.3.rel1.win32_1.1.100.202309141235/tools/bin/../lib/gcc/arm-none-eabi/11.3.1/thumb/v7e-m+fp/hard\libgcc.a
LOAD C:/ST/STM32CubeIDE_1.14.1/STM32CubeIDE/plugins/com.st.stm32cube.ide.mcu.externaltools.gnu-tools-for-stm32.11.3.rel1.win32_1.1.100.202309141235/tools/bin/../lib/gcc/arm-none-eabi/11.3.1/../../../../arm-none-eabi/lib/thumb/v7e-m+fp/hard\libc_nano.a
END GROUP
START GROUP
LOAD C:/ST/STM32CubeIDE_1.14.1/STM32CubeIDE/plugins/com.st.stm32cube.ide.mcu.externaltools.gnu-tools-for-stm32.11.3.rel1.win32_1.1.100.202309141235/tools/bin/../lib/gcc/arm-none-eabi/11.3.1/thumb/v7e-m+fp/hard\libgcc.a
LOAD C:/ST/STM32CubeIDE_1.14.1/STM32CubeIDE/plugins/com.st.stm32cube.ide.mcu.externaltools.gnu-tools-for-stm32.11.3.rel1.win32_1.1.100.202309141235/tools/bin/../lib/gcc/arm-none-eabi/11.3.1/../../../../arm-none-eabi/lib/thumb/v7e-m+fp/hard\libc_nano.a
LOAD C:/ST/STM32CubeIDE_1.14.1/STM32CubeIDE/plugins/com.st.stm32cube.ide.mcu.externaltools.gnu-tools-for-stm32.11.3.rel1.win32_1.1.100.202309141235/tools/bin/../lib/gcc/arm-none-eabi/11.3.1/../../../../arm-none-eabi/lib/thumb/v7e-m+fp/hard\libnosys.a
END GROUP
START GROUP
LOAD C:/ST/STM32CubeIDE_1.14.1/STM32CubeIDE/plugins/com.st.stm32cube.ide.mcu.externaltools.gnu-tools-for-stm32.11.3.rel1.win32_1.1.100.202309141235/tools/bin/../lib/gcc/arm-none-eabi/11.3.1/thumb/v7e-m+fp/hard\libgcc.a
LOAD C:/ST/STM32CubeIDE_1.14.1/STM32CubeIDE/plugins/com.st.stm32cube.ide.mcu.externaltools.gnu-tools-for-stm32.11.3.rel1.win32_1.1.100.202309141235/tools/bin/../lib/gcc/arm-none-eabi/11.3.1/../../../../arm-none-eabi/lib/thumb/v7e-m+fp/hard\libc_nano.a
LOAD C:/ST/STM32CubeIDE_1.14.1/STM32CubeIDE/plugins/com.st.stm32cube.ide.mcu.externaltools.gnu-tools-for-stm32.11.3.rel1.win32_1.1.100.202309141235/tools/bin/../lib/gcc/arm-none-eabi/11.3.1/../../../../arm-none-eabi/lib/thumb/v7e-m+fp/hard\libnosys.a
END GROUP
LOAD C:/ST/STM32CubeIDE_1.14.1/STM32CubeIDE/plugins/com.st.stm32cube.ide.mcu.externaltools.gnu-tools-for-stm32.11.3.rel1.win32_1.1.100.202309141235/tools/bin/../lib/gcc/arm-none-eabi/11.3.1/thumb/v7e-m+fp/hard/crtend.o
LOAD C:/ST/STM32CubeIDE_1.14.1/STM32CubeIDE/plugins/com.st.stm32cube.ide.mcu.externaltools.gnu-tools-for-stm32.11.3.rel1.win32_1.1.100.202309141235/tools/bin/../lib/gcc/arm-none-eabi/11.3.1/thumb/v7e-m+fp/hard/crtn.o
                0x0000000020020000                _estack = (ORIGIN (RAM) + LENGTH (RAM))
                0x0000000000000200                _Min_Heap_Size = 0x200
                0x0000000000000400                _Min_Stack_Size = 0x400

.isr_vector     0x0000000008000000      0x188
                0x0000000008000000                . = ALIGN (0x4)
 *(.isr_vector)
 .isr_vector    0x0000000008000000      0x188 ./Core/Startup/startup_stm32f407vetx.o
                0x0000000008000000                g_pfnVectors
                0x0000000008000188                . = ALIGN (0x4)

.text           0x0000000008000188     0xad50
                0x0000000008000188                . = ALIGN (0x4)
 *(.text)
 .text          0x0000000008000188       0x40 C:/ST/STM32CubeIDE_1.14.1/STM32CubeIDE/plugins/com.st.stm32cube.ide.mcu.externaltools.gnu-tools-for-stm32.11.3.rel1.win32_1.1.100.202309141235/tools/bin/../lib/gcc/arm-none-eabi/11.3.1/thumb/v7e-m+fp/hard/crtbegin.o
 .text          0x00000000080001c8      0x378 C:/ST/STM32CubeIDE_1.14.1/STM32CubeIDE/plugins/com.st.stm32cube.ide.mcu.externaltools.gnu-tools-for-stm32.11.3.rel1.win32_1.1.100.202309141235/tools/bin/../lib/gcc/arm-none-eabi/11.3.1/thumb/v7e-m+fp/hard\libgcc.a(_arm_addsubdf3.o)
                0x00000000080001c8                __aeabi_drsub
                0x00000000080001d0                __aeabi_dsub
                0x00000000080001d0                __subdf3
                0x00000000080001d4                __aeabi_dadd
                0x00000000080001d4                __adddf3
                0x000000000800044c                __floatunsidf
                0x000000000800044c                __aeabi_ui2d
                0x000000000800046c                __floatsidf
                0x000000000800046c                __aeabi_i2d
                0x0000000008000490                __aeabi_f2d
                0x0000000008000490                __extendsfdf2
                0x00000000080004d4                __floatundidf
                0x00000000080004d4                __aeabi_ul2d
                0x00000000080004e4                __floatdidf
                0x00000000080004e4                __aeabi_l2d
 .text          0x0000000008000540      0x424 C:/ST/STM32CubeIDE_1.14.1/STM32CubeIDE/plugins/com.st.stm32cube.ide.mcu.externaltools.gnu-tools-for-stm32.11.3.rel1.win32_1.1.100.202309141235/tools/bin/../lib/gcc/arm-none-eabi/11.3.1/thumb/v7e-m+fp/hard\libgcc.a(_arm_muldivdf3.o)
                0x0000000008000540                __aeabi_dmul
                0x0000000008000540                __muldf3
                0x0000000008000794                __divdf3
                0x0000000008000794                __aeabi_ddiv
 .text          0x0000000008000964      0x110 C:/ST/STM32CubeIDE_1.14.1/STM32CubeIDE/plugins/com.st.stm32cube.ide.mcu.externaltools.gnu-tools-for-stm32.11.3.rel1.win32_1.1.100.202309141235/tools/bin/../lib/gcc/arm-none-eabi/11.3.1/thumb/v7e-m+fp/hard\libgcc.a(_arm_cmpdf2.o)
                0x0000000008000964                __gtdf2
                0x0000000008000964                __gedf2
                0x000000000800096c                __ltdf2
                0x000000000800096c                __ledf2
                0x0000000008000974                __nedf2
                0x0000000008000974                __eqdf2
                0x0000000008000974                __cmpdf2
                0x00000000080009f0                __aeabi_cdrcmple
                0x0000000008000a00                __aeabi_cdcmpeq
                0x0000000008000a00                __aeabi_cdcmple
                0x0000000008000a10                __aeabi_dcmpeq
                0x0000000008000a24                __aeabi_dcmplt
                0x0000000008000a38                __aeabi_dcmple
                0x0000000008000a4c                __aeabi_dcmpge
                0x0000000008000a60                __aeabi_dcmpgt
 .text          0x0000000008000a74       0x2c C:/ST/STM32CubeIDE_1.14.1/STM32CubeIDE/plugins/com.st.stm32cube.ide.mcu.externaltools.gnu-tools-for-stm32.11.3.rel1.win32_1.1.100.202309141235/tools/bin/../lib/gcc/arm-none-eabi/11.3.1/thumb/v7e-m+fp/hard\libgcc.a(_arm_unorddf2.o)
                0x0000000008000a74                __unorddf2
                0x0000000008000a74                __aeabi_dcmpun
 .text          0x0000000008000aa0       0x50 C:/ST/STM32CubeIDE_1.14.1/STM32CubeIDE/plugins/com.st.stm32cube.ide.mcu.externaltools.gnu-tools-for-stm32.11.3.rel1.win32_1.1.100.202309141235/tools/bin/../lib/gcc/arm-none-eabi/11.3.1/thumb/v7e-m+fp/hard\libgcc.a(_arm_fixdfsi.o)
                0x0000000008000aa0                __aeabi_d2iz
                0x0000000008000aa0                __fixdfsi
 .text          0x0000000008000af0       0x40 C:/ST/STM32CubeIDE_1.14.1/STM32CubeIDE/plugins/com.st.stm32cube.ide.mcu.externaltools.gnu-tools-for-stm32.11.3.rel1.win32_1.1.100.202309141235/tools/bin/../lib/gcc/arm-none-eabi/11.3.1/thumb/v7e-m+fp/hard\libgcc.a(_arm_fixunsdfsi.o)
                0x0000000008000af0                __aeabi_d2uiz
                0x0000000008000af0                __fixunsdfsi
 .text          0x0000000008000b30       0xa0 C:/ST/STM32CubeIDE_1.14.1/STM32CubeIDE/plugins/com.st.stm32cube.ide.mcu.externaltools.gnu-tools-for-stm32.11.3.rel1.win32_1.1.100.202309141235/tools/bin/../lib/gcc/arm-none-eabi/11.3.1/thumb/v7e-m+fp/hard\libgcc.a(_arm_truncdfsf2.o)
                0x0000000008000b30                __truncdfsf2
                0x0000000008000b30                __aeabi_d2f
 .text          0x0000000008000bd0       0x30 C:/ST/STM32CubeIDE_1.14.1/STM32CubeIDE/plugins/com.st.stm32cube.ide.mcu.externaltools.gnu-tools-for-stm32.11.3.rel1.win32_1.1.100.202309141235/tools/bin/../lib/gcc/arm-none-eabi/11.3.1/thumb/v7e-m+fp/hard\libgcc.a(_aeabi_uldivmod.o)
                0x0000000008000bd0                __aeabi_uldivmod
 .text          0x0000000008000c00       0x30 C:/ST/STM32CubeIDE_1.14.1/STM32CubeIDE/plugins/com.st.stm32cube.ide.mcu.externaltools.gnu-tools-for-stm32.11.3.rel1.win32_1.1.100.202309141235/tools/bin/../lib/gcc/arm-none-eabi/11.3.1/thumb/v7e-m+fp/hard\libgcc.a(_fixdfdi.o)
                0x0000000008000c00                __fixdfdi
                0x0000000008000c00                __aeabi_d2lz
 .text          0x0000000008000c30       0x3c C:/ST/STM32CubeIDE_1.14.1/STM32CubeIDE/plugins/com.st.stm32cube.ide.mcu.externaltools.gnu-tools-for-stm32.11.3.rel1.win32_1.1.100.202309141235/tools/bin/../lib/gcc/arm-none-eabi/11.3.1/thumb/v7e-m+fp/hard\libgcc.a(_fixunsdfdi.o)
                0x0000000008000c30                __fixunsdfdi
                0x0000000008000c30                __aeabi_d2ulz
 .text          0x0000000008000c6c      0x2c8 C:/ST/STM32CubeIDE_1.14.1/STM32CubeIDE/plugins/com.st.stm32cube.ide.mcu.externaltools.gnu-tools-for-stm32.11.3.rel1.win32_1.1.100.202309141235/tools/bin/../lib/gcc/arm-none-eabi/11.3.1/thumb/v7e-m+fp/hard\libgcc.a(_udivmoddi4.o)
                0x0000000008000c6c                __udivmoddi4
 .text          0x0000000008000f34        0x4 C:/ST/STM32CubeIDE_1.14.1/STM32CubeIDE/plugins/com.st.stm32cube.ide.mcu.externaltools.gnu-tools-for-stm32.11.3.rel1.win32_1.1.100.202309141235/tools/bin/../lib/gcc/arm-none-eabi/11.3.1/thumb/v7e-m+fp/hard\libgcc.a(_dvmd_tls.o)
                0x0000000008000f34                __aeabi_idiv0
                0x0000000008000f34                __aeabi_ldiv0
 *(.text*)
 .text.adc_init
                0x0000000008000f38       0x1a ./Core/Src/adc/adc.o
                0x0000000008000f38                adc_init
 .text.adc_update
                0x0000000008000f52       0x1e ./Core/Src/adc/adc.o
                0x0000000008000f52                adc_update
 .text.adc_get_cnt
                0x0000000008000f70       0x1c ./Core/Src/adc/adc.o
                0x0000000008000f70                adc_get_cnt
 .text.adc_get_vout
                0x0000000008000f8c       0x28 ./Core/Src/adc/adc.o
                0x0000000008000f8c                adc_get_vout
 .text.init     0x0000000008000fb4       0x16 ./Core/Src/adc/adc_ADS1246.o
 *fill*         0x0000000008000fca        0x2 
 .text.update   0x0000000008000fcc      0x258 ./Core/Src/adc/adc_ADS1246.o
 .text.get_cnt  0x0000000008001224       0x1a ./Core/Src/adc/adc_ADS1246.o
 .text.get_vout
                0x000000000800123e       0x60 ./Core/Src/adc/adc_ADS1246.o
 *fill*         0x000000000800129e        0x2 
 .text.adc_ADS1246_create
                0x00000000080012a0      0x104 ./Core/Src/adc/adc_ADS1246.o
                0x00000000080012a0                adc_ADS1246_create
 .text.spi_select
                0x00000000080013a4       0x24 ./Core/Src/adc/adc_ADS1246.o
 .text.spi_deselect
                0x00000000080013c8       0x24 ./Core/Src/adc/adc_ADS1246.o
 .text.spi_hw_command
                0x00000000080013ec       0x3a ./Core/Src/adc/adc_ADS1246.o
 .text.check_negative_24_to_32
                0x0000000008001426       0x2e ./Core/Src/adc/adc_ADS1246.o
 .text.adc_monitor_init
                0x0000000008001454       0x34 ./Core/Src/adc/adc_monitor.o
                0x0000000008001454                adc_monitor_init
 .text.adc_monitor_update
                0x0000000008001488      0x104 ./Core/Src/adc/adc_monitor.o
                0x0000000008001488                adc_monitor_update
 .text.adc_monitor_start_measurement
                0x000000000800158c       0x44 ./Core/Src/adc/adc_monitor.o
                0x000000000800158c                adc_monitor_start_measurement
 .text.adc_monitor_reset_measurement
                0x00000000080015d0       0x2e ./Core/Src/adc/adc_monitor.o
                0x00000000080015d0                adc_monitor_reset_measurement
 .text.adc_monitor_get_average_signal_value
                0x00000000080015fe       0x24 ./Core/Src/adc/adc_monitor.o
                0x00000000080015fe                adc_monitor_get_average_signal_value
 .text.adc_monitor_get_measurement_cycle_no
                0x0000000008001622       0x18 ./Core/Src/adc/adc_monitor.o
                0x0000000008001622                adc_monitor_get_measurement_cycle_no
 .text.adc_monitor_get_measurement_state
                0x000000000800163a       0x1a ./Core/Src/adc/adc_monitor.o
                0x000000000800163a                adc_monitor_get_measurement_state
 .text.set_adc_dose_range_select_pin
                0x0000000008001654       0x2c ./Core/Src/adc/range_select.o
                0x0000000008001654                set_adc_dose_range_select_pin
 .text.select_broad_adc_dose_range
                0x0000000008001680       0x2c ./Core/Src/adc/range_select.o
                0x0000000008001680                select_broad_adc_dose_range
 .text.select_narrow_adc_dose_range
                0x00000000080016ac       0x2c ./Core/Src/adc/range_select.o
                0x00000000080016ac                select_narrow_adc_dose_range
 .text.dac_init
                0x00000000080016d8       0x1a ./Core/Src/dac/dac.o
                0x00000000080016d8                dac_init
 .text.dac_set_input_value
                0x00000000080016f2       0x1e ./Core/Src/dac/dac.o
                0x00000000080016f2                dac_set_input_value
 .text.init     0x0000000008001710       0x78 ./Core/Src/dac/dac_MCP4811_EP.o
 .text.set_digital_value
                0x0000000008001788       0x80 ./Core/Src/dac/dac_MCP4811_EP.o
 .text.get_reference_voltage
                0x0000000008001808       0x26 ./Core/Src/dac/dac_MCP4811_EP.o
 *fill*         0x000000000800182e        0x2 
 .text.dac_MCP4811EP_create
                0x0000000008001830       0xb4 ./Core/Src/dac/dac_MCP4811_EP.o
                0x0000000008001830                dac_MCP4811EP_create
 .text.spi_select
                0x00000000080018e4       0x24 ./Core/Src/dac/dac_MCP4811_EP.o
 .text.spi_deselect
                0x0000000008001908       0x24 ./Core/Src/dac/dac_MCP4811_EP.o
 .text.spi_hw_command
                0x000000000800192c       0x3a ./Core/Src/dac/dac_MCP4811_EP.o
 .text.screen_init
                0x0000000008001966       0x1a ./Core/Src/display_contents/screens/screen.o
                0x0000000008001966                screen_init
 .text.screen_draw
                0x0000000008001980       0x1a ./Core/Src/display_contents/screens/screen.o
                0x0000000008001980                screen_draw
 .text.screen_update
                0x000000000800199a       0x1a ./Core/Src/display_contents/screens/screen.o
                0x000000000800199a                screen_update
 .text.init_    0x00000000080019b4       0x60 ./Core/Src/display_contents/screens/screen_1.o
 *fill*         0x0000000008001a14        0x4 
 .text.update_  0x0000000008001a18      0x288 ./Core/Src/display_contents/screens/screen_1.o
 .text.draw_    0x0000000008001ca0       0x3c ./Core/Src/display_contents/screens/screen_1.o
 .text.reg_keyboard_cbs_
                0x0000000008001cdc       0x1e ./Core/Src/display_contents/screens/screen_1.o
 *fill*         0x0000000008001cfa        0x2 
 .text.screen_1_instance
                0x0000000008001cfc       0x28 ./Core/Src/display_contents/screens/screen_1.o
                0x0000000008001cfc                screen_1_instance
 .text.flash_data_erase_sector
                0x0000000008001d24       0x4c ./Core/Src/flash_manager/flash_data.o
 .text.flash_data_write
                0x0000000008001d70       0x78 ./Core/Src/flash_manager/flash_data.o
                0x0000000008001d70                flash_data_write
 .text.flash_data_read
                0x0000000008001de8       0x60 ./Core/Src/flash_manager/flash_data.o
                0x0000000008001de8                flash_data_read
 .text.general_task_init
                0x0000000008001e48      0x4cc ./Core/Src/general_task/general_task.o
                0x0000000008001e48                general_task_init
 .text.general_task_setup
                0x0000000008002314      0x188 ./Core/Src/general_task/general_task.o
                0x0000000008002314                general_task_setup
 *fill*         0x000000000800249c        0x4 
 .text.general_task_loop
                0x00000000080024a0      0x18c ./Core/Src/general_task/general_task.o
                0x00000000080024a0                general_task_loop
 .text.general_task_timer_interrupt
                0x000000000800262c       0xd2 ./Core/Src/general_task/general_task.o
                0x000000000800262c                general_task_timer_interrupt
 *fill*         0x00000000080026fe        0x2 
 .text.general_task_uart_recv_callback
                0x0000000008002700       0x48 ./Core/Src/general_task/general_task.o
                0x0000000008002700                general_task_uart_recv_callback
 .text.general_task_switch_screen
                0x0000000008002748       0x20 ./Core/Src/general_task/general_task.o
                0x0000000008002748                general_task_switch_screen
 .text.hv_init  0x0000000008002768       0x80 ./Core/Src/high_voltage_system/high_voltage_system.o
                0x0000000008002768                hv_init
 .text.hv_select_negative_source
                0x00000000080027e8       0x22 ./Core/Src/high_voltage_system/high_voltage_system.o
                0x00000000080027e8                hv_select_negative_source
 .text.hv_select_positive_source
                0x000000000800280a       0x22 ./Core/Src/high_voltage_system/high_voltage_system.o
                0x000000000800280a                hv_select_positive_source
 .text.hv_set_abs_output_voltage_V
                0x000000000800282c       0x68 ./Core/Src/high_voltage_system/high_voltage_system.o
                0x000000000800282c                hv_set_abs_output_voltage_V
 .text.hv_get_output_voltage_V
                0x0000000008002894       0x48 ./Core/Src/high_voltage_system/high_voltage_system.o
                0x0000000008002894                hv_get_output_voltage_V
 .text.hv_set_output_voltage_adc_offset
                0x00000000080028dc       0x22 ./Core/Src/high_voltage_system/high_voltage_system.o
                0x00000000080028dc                hv_set_output_voltage_adc_offset
 .text.empty_cb_
                0x00000000080028fe        0xe ./Core/Src/keyboard/button.o
 .text.button_reset_cbs
                0x000000000800290c       0x2c ./Core/Src/keyboard/button.o
                0x000000000800290c                button_reset_cbs
 .text.button_routine
                0x0000000008002938      0x11c ./Core/Src/keyboard/button.o
                0x0000000008002938                button_routine
 .text.button_is_pressed
                0x0000000008002a54       0x30 ./Core/Src/keyboard/button.o
 .text.keyboard_routine
                0x0000000008002a84       0x4a ./Core/Src/keyboard/keyboard.o
                0x0000000008002a84                keyboard_routine
 .text.keyboard_reset_cbs
                0x0000000008002ace       0x4a ./Core/Src/keyboard/keyboard.o
                0x0000000008002ace                keyboard_reset_cbs
 .text.HAL_UART_RxCpltCallback
                0x0000000008002b18       0x28 ./Core/Src/main.o
                0x0000000008002b18                HAL_UART_RxCpltCallback
 .text.main     0x0000000008002b40       0x60 ./Core/Src/main.o
                0x0000000008002b40                main
 .text.SystemClock_Config
                0x0000000008002ba0       0xd4 ./Core/Src/main.o
                0x0000000008002ba0                SystemClock_Config
 .text.MX_I2C1_Init
                0x0000000008002c74       0x5c ./Core/Src/main.o
 .text.MX_I2C3_Init
                0x0000000008002cd0       0x5c ./Core/Src/main.o
 .text.MX_SPI1_Init
                0x0000000008002d2c       0x6c ./Core/Src/main.o
 .text.MX_SPI2_Init
                0x0000000008002d98       0x6c ./Core/Src/main.o
 .text.MX_SPI3_Init
                0x0000000008002e04       0x6c ./Core/Src/main.o
 .text.MX_TIM6_Init
                0x0000000008002e70       0x68 ./Core/Src/main.o
 .text.MX_USART1_UART_Init
                0x0000000008002ed8       0x54 ./Core/Src/main.o
 .text.MX_GPIO_Init
                0x0000000008002f2c      0x1e4 ./Core/Src/main.o
 .text.HAL_TIM_PeriodElapsedCallback
                0x0000000008003110       0x48 ./Core/Src/main.o
                0x0000000008003110                HAL_TIM_PeriodElapsedCallback
 .text.Error_Handler
                0x0000000008003158        0xa ./Core/Src/main.o
                0x0000000008003158                Error_Handler
 *fill*         0x0000000008003162        0x2 
 .text.HAL_MspInit
                0x0000000008003164       0x50 ./Core/Src/stm32f4xx_hal_msp.o
                0x0000000008003164                HAL_MspInit
 .text.HAL_I2C_MspInit
                0x00000000080031b4      0x140 ./Core/Src/stm32f4xx_hal_msp.o
                0x00000000080031b4                HAL_I2C_MspInit
 .text.HAL_SPI_MspInit
                0x00000000080032f4      0x16c ./Core/Src/stm32f4xx_hal_msp.o
                0x00000000080032f4                HAL_SPI_MspInit
 .text.HAL_TIM_Base_MspInit
                0x0000000008003460       0x50 ./Core/Src/stm32f4xx_hal_msp.o
                0x0000000008003460                HAL_TIM_Base_MspInit
 .text.HAL_UART_MspInit
                0x00000000080034b0       0xa0 ./Core/Src/stm32f4xx_hal_msp.o
                0x00000000080034b0                HAL_UART_MspInit
 .text.SDTimer_Handler
                0x0000000008003550       0x48 ./Core/Src/stm32f4xx_it.o
                0x0000000008003550                SDTimer_Handler
 .text.NMI_Handler
                0x0000000008003598        0x6 ./Core/Src/stm32f4xx_it.o
                0x0000000008003598                NMI_Handler
 .text.HardFault_Handler
                0x000000000800359e        0x6 ./Core/Src/stm32f4xx_it.o
                0x000000000800359e                HardFault_Handler
 .text.MemManage_Handler
                0x00000000080035a4        0x6 ./Core/Src/stm32f4xx_it.o
                0x00000000080035a4                MemManage_Handler
 .text.BusFault_Handler
                0x00000000080035aa        0x6 ./Core/Src/stm32f4xx_it.o
                0x00000000080035aa                BusFault_Handler
 .text.UsageFault_Handler
                0x00000000080035b0        0x6 ./Core/Src/stm32f4xx_it.o
                0x00000000080035b0                UsageFault_Handler
 .text.SVC_Handler
                0x00000000080035b6        0xe ./Core/Src/stm32f4xx_it.o
                0x00000000080035b6                SVC_Handler
 .text.DebugMon_Handler
                0x00000000080035c4        0xe ./Core/Src/stm32f4xx_it.o
                0x00000000080035c4                DebugMon_Handler
 .text.PendSV_Handler
                0x00000000080035d2        0xe ./Core/Src/stm32f4xx_it.o
                0x00000000080035d2                PendSV_Handler
 .text.SysTick_Handler
                0x00000000080035e0       0x34 ./Core/Src/stm32f4xx_it.o
                0x00000000080035e0                SysTick_Handler
 .text.USART1_IRQHandler
                0x0000000008003614       0x14 ./Core/Src/stm32f4xx_it.o
                0x0000000008003614                USART1_IRQHandler
 .text.TIM6_DAC_IRQHandler
                0x0000000008003628       0x14 ./Core/Src/stm32f4xx_it.o
                0x0000000008003628                TIM6_DAC_IRQHandler
 .text._sbrk    0x000000000800363c       0x6c ./Core/Src/sysmem.o
                0x000000000800363c                _sbrk
 .text.SystemInit
                0x00000000080036a8       0x24 ./Core/Src/system_stm32f4xx.o
                0x00000000080036a8                SystemInit
 .text.pressure_sensor_init
                0x00000000080036cc       0x38 ./Core/Src/pressure_sensor/pressure_sensor.o
                0x00000000080036cc                pressure_sensor_init
 .text.pressure_sensor_get_Pa
                0x0000000008003704       0x66 ./Core/Src/pressure_sensor/pressure_sensor.o
                0x0000000008003704                pressure_sensor_get_Pa
 .text.ssd1306_Reset
                0x000000000800376a        0xe ./Core/Src/ssd1306/ssd1306.o
                0x000000000800376a                ssd1306_Reset
 .text.ssd1306_WriteCommand
                0x0000000008003778       0x30 ./Core/Src/ssd1306/ssd1306.o
                0x0000000008003778                ssd1306_WriteCommand
 .text.ssd1306_WriteData
                0x00000000080037a8       0x34 ./Core/Src/ssd1306/ssd1306.o
                0x00000000080037a8                ssd1306_WriteData
 .text.ssd1306_Init
                0x00000000080037dc       0xd4 ./Core/Src/ssd1306/ssd1306.o
                0x00000000080037dc                ssd1306_Init
 .text.ssd1306_Fill
                0x00000000080038b0       0x30 ./Core/Src/ssd1306/ssd1306.o
                0x00000000080038b0                ssd1306_Fill
 .text.ssd1306_UpdateScreen
                0x00000000080038e0       0x50 ./Core/Src/ssd1306/ssd1306.o
                0x00000000080038e0                ssd1306_UpdateScreen
 .text.ssd1306_DrawPixel
                0x0000000008003930       0xa8 ./Core/Src/ssd1306/ssd1306.o
                0x0000000008003930                ssd1306_DrawPixel
 .text.ssd1306_WriteChar
                0x00000000080039d8      0x124 ./Core/Src/ssd1306/ssd1306.o
                0x00000000080039d8                ssd1306_WriteChar
 .text.ssd1306_WriteString
                0x0000000008003afc       0x4c ./Core/Src/ssd1306/ssd1306.o
                0x0000000008003afc                ssd1306_WriteString
 .text.ssd1306_SetCursor
                0x0000000008003b48       0x30 ./Core/Src/ssd1306/ssd1306.o
                0x0000000008003b48                ssd1306_SetCursor
 .text.ssd1306_SetContrast
                0x0000000008003b78       0x26 ./Core/Src/ssd1306/ssd1306.o
                0x0000000008003b78                ssd1306_SetContrast
 *fill*         0x0000000008003b9e        0x2 
 .text.ssd1306_SetDisplayOn
                0x0000000008003ba0       0x3c ./Core/Src/ssd1306/ssd1306.o
                0x0000000008003ba0                ssd1306_SetDisplayOn
 .text.ssd1306_WriteInt
                0x0000000008003bdc       0xf8 ./Core/Src/ssd1306/ssd1306.o
                0x0000000008003bdc                ssd1306_WriteInt
 .text.rx_message_run_command
                0x0000000008003cd4       0xbc ./Core/Src/tcp_server/rx_message.o
                0x0000000008003cd4                rx_message_run_command
 .text.tcp_input_stream_init
                0x0000000008003d90       0x88 ./Core/Src/tcp_server/tcp_input_stream.o
                0x0000000008003d90                tcp_input_stream_init
 .text.tcp_input_stream_routine
                0x0000000008003e18       0x8a ./Core/Src/tcp_server/tcp_input_stream.o
                0x0000000008003e18                tcp_input_stream_routine
 .text.tcp_input_stream_enable_handler
                0x0000000008003ea2       0x1c ./Core/Src/tcp_server/tcp_input_stream.o
                0x0000000008003ea2                tcp_input_stream_enable_handler
 .text.tcp_input_stream_open_socket
                0x0000000008003ebe       0x30 ./Core/Src/tcp_server/tcp_input_stream.o
 .text.tcp_input_stream_listen_socket
                0x0000000008003eee       0x26 ./Core/Src/tcp_server/tcp_input_stream.o
 .text.tcp_input_stream_receive
                0x0000000008003f14       0xc8 ./Core/Src/tcp_server/tcp_input_stream.o
 .text.tcp_input_stream_reboot_ethernet
                0x0000000008003fdc       0x44 ./Core/Src/tcp_server/tcp_input_stream.o
 .text.tcp_output_stream_init
                0x0000000008004020       0x6c ./Core/Src/tcp_server/tcp_output_stream.o
                0x0000000008004020                tcp_output_stream_init
 .text.tcp_output_stream_set_message
                0x000000000800408c       0x5a ./Core/Src/tcp_server/tcp_output_stream.o
                0x000000000800408c                tcp_output_stream_set_message
 .text.tcp_output_stream_routine
                0x00000000080040e6       0x90 ./Core/Src/tcp_server/tcp_output_stream.o
                0x00000000080040e6                tcp_output_stream_routine
 .text.tcp_output_stream_open_socket
                0x0000000008004176       0x32 ./Core/Src/tcp_server/tcp_output_stream.o
 .text.tcp_output_stream_listen_socket
                0x00000000080041a8       0x26 ./Core/Src/tcp_server/tcp_output_stream.o
 .text.tcp_output_stream_send
                0x00000000080041ce       0x28 ./Core/Src/tcp_server/tcp_output_stream.o
 .text.tcp_output_stream_close_socket
                0x00000000080041f6       0x1e ./Core/Src/tcp_server/tcp_output_stream.o
                0x00000000080041f6                tcp_output_stream_close_socket
 .text.tcp_output_stream_reboot_socket
                0x0000000008004214       0x54 ./Core/Src/tcp_server/tcp_output_stream.o
 .text.tx_message_increase_id
                0x0000000008004268       0x26 ./Core/Src/tcp_server/tx_message.o
                0x0000000008004268                tx_message_increase_id
 .text.tx_message_set_adc_dr_uV
                0x000000000800428e       0x1e ./Core/Src/tcp_server/tx_message.o
                0x000000000800428e                tx_message_set_adc_dr_uV
 .text.tx_message_set_adc_dr_average_uV
                0x00000000080042ac       0x1e ./Core/Src/tcp_server/tx_message.o
                0x00000000080042ac                tx_message_set_adc_dr_average_uV
 .text.tx_message_set_hv_out_mV
                0x00000000080042ca       0x1e ./Core/Src/tcp_server/tx_message.o
                0x00000000080042ca                tx_message_set_hv_out_mV
 .text.tx_message_set_press_out_Pa
                0x00000000080042e8       0x1e ./Core/Src/tcp_server/tx_message.o
                0x00000000080042e8                tx_message_set_press_out_Pa
 .text.tx_message_set_adc_dr_measure_state
                0x0000000008004306       0x20 ./Core/Src/tcp_server/tx_message.o
                0x0000000008004306                tx_message_set_adc_dr_measure_state
 .text.tx_message_set_adc_dr_measure_time
                0x0000000008004326       0x20 ./Core/Src/tcp_server/tx_message.o
                0x0000000008004326                tx_message_set_adc_dr_measure_time
 .text.tx_message_get
                0x0000000008004346       0x16 ./Core/Src/tcp_server/tx_message.o
                0x0000000008004346                tx_message_get
 .text.tx_message_size
                0x000000000800435c       0x10 ./Core/Src/tcp_server/tx_message.o
                0x000000000800435c                tx_message_size
 .text.uart_handle_rx_message
                0x000000000800436c      0x12c ./Core/Src/uart_rx_handler/uart_rx_handler.o
                0x000000000800436c                uart_handle_rx_message
 .text.socket   0x0000000008004498      0x228 ./Core/Src/w5500_ethernet/socket.o
                0x0000000008004498                socket
 .text.close    0x00000000080046c0       0xdc ./Core/Src/w5500_ethernet/socket.o
                0x00000000080046c0                close
 .text.listen   0x000000000800479c       0xb2 ./Core/Src/w5500_ethernet/socket.o
                0x000000000800479c                listen
 *fill*         0x000000000800484e        0x2 
 .text.disconnect
                0x0000000008004850       0xec ./Core/Src/w5500_ethernet/socket.o
                0x0000000008004850                disconnect
 .text.send     0x000000000800493c      0x1f4 ./Core/Src/w5500_ethernet/socket.o
                0x000000000800493c                send
 .text.recv     0x0000000008004b30      0x16c ./Core/Src/w5500_ethernet/socket.o
                0x0000000008004b30                recv
 .text.WIZCHIP_READ
                0x0000000008004c9c       0x98 ./Core/Src/w5500_ethernet/w5500.o
                0x0000000008004c9c                WIZCHIP_READ
 .text.WIZCHIP_WRITE
                0x0000000008004d34       0x9c ./Core/Src/w5500_ethernet/w5500.o
                0x0000000008004d34                WIZCHIP_WRITE
 .text.WIZCHIP_READ_BUF
                0x0000000008004dd0       0xc0 ./Core/Src/w5500_ethernet/w5500.o
                0x0000000008004dd0                WIZCHIP_READ_BUF
 .text.WIZCHIP_WRITE_BUF
                0x0000000008004e90       0xc0 ./Core/Src/w5500_ethernet/w5500.o
                0x0000000008004e90                WIZCHIP_WRITE_BUF
 .text.getSn_TX_FSR
                0x0000000008004f50       0x96 ./Core/Src/w5500_ethernet/w5500.o
                0x0000000008004f50                getSn_TX_FSR
 .text.getSn_RX_RSR
                0x0000000008004fe6       0x96 ./Core/Src/w5500_ethernet/w5500.o
                0x0000000008004fe6                getSn_RX_RSR
 .text.wiz_send_data
                0x000000000800507c       0xb8 ./Core/Src/w5500_ethernet/w5500.o
                0x000000000800507c                wiz_send_data
 .text.wiz_recv_data
                0x0000000008005134       0xb8 ./Core/Src/w5500_ethernet/w5500.o
                0x0000000008005134                wiz_recv_data
 .text.wizchip_cris_enter
                0x00000000080051ec        0xe ./Core/Src/w5500_ethernet/wizchip_conf.o
                0x00000000080051ec                wizchip_cris_enter
 .text.wizchip_cris_exit
                0x00000000080051fa        0xe ./Core/Src/w5500_ethernet/wizchip_conf.o
                0x00000000080051fa                wizchip_cris_exit
 .text.wizchip_cs_select
                0x0000000008005208        0xe ./Core/Src/w5500_ethernet/wizchip_conf.o
                0x0000000008005208                wizchip_cs_select
 .text.wizchip_cs_deselect
                0x0000000008005216        0xe ./Core/Src/w5500_ethernet/wizchip_conf.o
                0x0000000008005216                wizchip_cs_deselect
 .text.wizchip_bus_readdata
                0x0000000008005224       0x1a ./Core/Src/w5500_ethernet/wizchip_conf.o
                0x0000000008005224                wizchip_bus_readdata
 .text.wizchip_bus_writedata
                0x000000000800523e       0x1e ./Core/Src/w5500_ethernet/wizchip_conf.o
                0x000000000800523e                wizchip_bus_writedata
 .text.wizchip_spi_readbyte
                0x000000000800525c       0x10 ./Core/Src/w5500_ethernet/wizchip_conf.o
                0x000000000800525c                wizchip_spi_readbyte
 .text.wizchip_spi_writebyte
                0x000000000800526c       0x16 ./Core/Src/w5500_ethernet/wizchip_conf.o
                0x000000000800526c                wizchip_spi_writebyte
 .text.wizchip_spi_readburst
                0x0000000008005282       0x18 ./Core/Src/w5500_ethernet/wizchip_conf.o
                0x0000000008005282                wizchip_spi_readburst
 .text.wizchip_spi_writeburst
                0x000000000800529a       0x18 ./Core/Src/w5500_ethernet/wizchip_conf.o
                0x000000000800529a                wizchip_spi_writeburst
 *fill*         0x00000000080052b2        0x2 
 .text.reg_wizchip_cs_cbfunc
                0x00000000080052b4       0x4c ./Core/Src/w5500_ethernet/wizchip_conf.o
                0x00000000080052b4                reg_wizchip_cs_cbfunc
 .text.reg_wizchip_spi_cbfunc
                0x0000000008005300       0x58 ./Core/Src/w5500_ethernet/wizchip_conf.o
                0x0000000008005300                reg_wizchip_spi_cbfunc
 .text.reg_wizchip_spiburst_cbfunc
                0x0000000008005358       0x58 ./Core/Src/w5500_ethernet/wizchip_conf.o
                0x0000000008005358                reg_wizchip_spiburst_cbfunc
 .text.ctlnetwork
                0x00000000080053b0       0x7c ./Core/Src/w5500_ethernet/wizchip_conf.o
                0x00000000080053b0                ctlnetwork
 .text.wizchip_sw_reset
                0x000000000800542c       0x98 ./Core/Src/w5500_ethernet/wizchip_conf.o
                0x000000000800542c                wizchip_sw_reset
 .text.wizchip_init
                0x00000000080054c4      0x118 ./Core/Src/w5500_ethernet/wizchip_conf.o
                0x00000000080054c4                wizchip_init
 .text.wizchip_setnetinfo
                0x00000000080055dc       0x80 ./Core/Src/w5500_ethernet/wizchip_conf.o
                0x00000000080055dc                wizchip_setnetinfo
 .text.wizchip_getnetinfo
                0x000000000800565c       0x80 ./Core/Src/w5500_ethernet/wizchip_conf.o
                0x000000000800565c                wizchip_getnetinfo
 .text.wizchip_setnetmode
                0x00000000080056dc       0x44 ./Core/Src/w5500_ethernet/wizchip_conf.o
                0x00000000080056dc                wizchip_setnetmode
 .text.wizchip_getnetmode
                0x0000000008005720       0x10 ./Core/Src/w5500_ethernet/wizchip_conf.o
                0x0000000008005720                wizchip_getnetmode
 .text.wizchip_settimeout
                0x0000000008005730       0x42 ./Core/Src/w5500_ethernet/wizchip_conf.o
                0x0000000008005730                wizchip_settimeout
 .text.wizchip_gettimeout
                0x0000000008005772       0x44 ./Core/Src/w5500_ethernet/wizchip_conf.o
                0x0000000008005772                wizchip_gettimeout
 *fill*         0x00000000080057b6        0x2 
 .text.W5500_Select
                0x00000000080057b8       0x18 ./Core/Src/w5500_ethernet/wiznet_api.o
                0x00000000080057b8                W5500_Select
 .text.W5500_Deselect
                0x00000000080057d0       0x18 ./Core/Src/w5500_ethernet/wiznet_api.o
                0x00000000080057d0                W5500_Deselect
 .text.W5500_ReadBuff
                0x00000000080057e8       0x28 ./Core/Src/w5500_ethernet/wiznet_api.o
                0x00000000080057e8                W5500_ReadBuff
 .text.W5500_WriteBuff
                0x0000000008005810       0x28 ./Core/Src/w5500_ethernet/wiznet_api.o
                0x0000000008005810                W5500_WriteBuff
 .text.W5500_ReadByte
                0x0000000008005838       0x1a ./Core/Src/w5500_ethernet/wiznet_api.o
                0x0000000008005838                W5500_ReadByte
 .text.W5500_WriteByte
                0x0000000008005852       0x1c ./Core/Src/w5500_ethernet/wiznet_api.o
                0x0000000008005852                W5500_WriteByte
 *fill*         0x000000000800586e        0x2 
 .text.W5500_SetAddress
                0x0000000008005870       0x38 ./Core/Src/w5500_ethernet/wiznet_api.o
                0x0000000008005870                W5500_SetAddress
 .text.W5500_Reboot
                0x00000000080058a8       0x90 ./Core/Src/w5500_ethernet/wiznet_api.o
                0x00000000080058a8                W5500_Reboot
 .text.Reset_Handler
                0x0000000008005938       0x50 ./Core/Startup/startup_stm32f407vetx.o
                0x0000000008005938                Reset_Handler
 .text.Default_Handler
                0x0000000008005988        0x2 ./Core/Startup/startup_stm32f407vetx.o
                0x0000000008005988                RTC_Alarm_IRQHandler
                0x0000000008005988                HASH_RNG_IRQHandler
                0x0000000008005988                EXTI2_IRQHandler
                0x0000000008005988                TIM8_CC_IRQHandler
                0x0000000008005988                TIM1_CC_IRQHandler
                0x0000000008005988                DMA2_Stream5_IRQHandler
                0x0000000008005988                DMA1_Stream5_IRQHandler
                0x0000000008005988                PVD_IRQHandler
                0x0000000008005988                SDIO_IRQHandler
                0x0000000008005988                TAMP_STAMP_IRQHandler
                0x0000000008005988                CAN2_RX1_IRQHandler
                0x0000000008005988                EXTI3_IRQHandler
                0x0000000008005988                TIM8_TRG_COM_TIM14_IRQHandler
                0x0000000008005988                TIM1_UP_TIM10_IRQHandler
                0x0000000008005988                TIM8_UP_TIM13_IRQHandler
                0x0000000008005988                I2C3_ER_IRQHandler
                0x0000000008005988                EXTI0_IRQHandler
                0x0000000008005988                I2C2_EV_IRQHandler
                0x0000000008005988                DMA1_Stream2_IRQHandler
                0x0000000008005988                CAN1_RX0_IRQHandler
                0x0000000008005988                FPU_IRQHandler
                0x0000000008005988                OTG_HS_WKUP_IRQHandler
                0x0000000008005988                CAN2_SCE_IRQHandler
                0x0000000008005988                DMA2_Stream2_IRQHandler
                0x0000000008005988                SPI1_IRQHandler
                0x0000000008005988                TIM1_BRK_TIM9_IRQHandler
                0x0000000008005988                DCMI_IRQHandler
                0x0000000008005988                CAN2_RX0_IRQHandler
                0x0000000008005988                DMA2_Stream3_IRQHandler
                0x0000000008005988                USART6_IRQHandler
                0x0000000008005988                USART3_IRQHandler
                0x0000000008005988                CAN1_RX1_IRQHandler
                0x0000000008005988                UART5_IRQHandler
                0x0000000008005988                DMA2_Stream0_IRQHandler
                0x0000000008005988                TIM4_IRQHandler
                0x0000000008005988                I2C1_EV_IRQHandler
                0x0000000008005988                DMA1_Stream6_IRQHandler
                0x0000000008005988                DMA1_Stream1_IRQHandler
                0x0000000008005988                UART4_IRQHandler
                0x0000000008005988                TIM3_IRQHandler
                0x0000000008005988                RCC_IRQHandler
                0x0000000008005988                TIM8_BRK_TIM12_IRQHandler
                0x0000000008005988                Default_Handler
                0x0000000008005988                EXTI15_10_IRQHandler
                0x0000000008005988                ADC_IRQHandler
                0x0000000008005988                DMA1_Stream7_IRQHandler
                0x0000000008005988                TIM7_IRQHandler
                0x0000000008005988                CAN2_TX_IRQHandler
                0x0000000008005988                TIM5_IRQHandler
                0x0000000008005988                DMA2_Stream7_IRQHandler
                0x0000000008005988                I2C3_EV_IRQHandler
                0x0000000008005988                EXTI9_5_IRQHandler
                0x0000000008005988                RTC_WKUP_IRQHandler
                0x0000000008005988                ETH_WKUP_IRQHandler
                0x0000000008005988                SPI2_IRQHandler
                0x0000000008005988                OTG_HS_EP1_IN_IRQHandler
                0x0000000008005988                DMA1_Stream0_IRQHandler
                0x0000000008005988                CAN1_TX_IRQHandler
                0x0000000008005988                EXTI4_IRQHandler
                0x0000000008005988                FSMC_IRQHandler
                0x0000000008005988                ETH_IRQHandler
                0x0000000008005988                OTG_HS_EP1_OUT_IRQHandler
                0x0000000008005988                WWDG_IRQHandler
                0x0000000008005988                TIM2_IRQHandler
                0x0000000008005988                OTG_FS_WKUP_IRQHandler
                0x0000000008005988                TIM1_TRG_COM_TIM11_IRQHandler
                0x0000000008005988                OTG_HS_IRQHandler
                0x0000000008005988                EXTI1_IRQHandler
                0x0000000008005988                USART2_IRQHandler
                0x0000000008005988                I2C2_ER_IRQHandler
                0x0000000008005988                DMA2_Stream1_IRQHandler
                0x0000000008005988                CAN1_SCE_IRQHandler
                0x0000000008005988                FLASH_IRQHandler
                0x0000000008005988                DMA2_Stream4_IRQHandler
                0x0000000008005988                OTG_FS_IRQHandler
                0x0000000008005988                SPI3_IRQHandler
                0x0000000008005988                DMA1_Stream4_IRQHandler
                0x0000000008005988                I2C1_ER_IRQHandler
                0x0000000008005988                DMA2_Stream6_IRQHandler
                0x0000000008005988                DMA1_Stream3_IRQHandler
 *fill*         0x000000000800598a        0x2 
 .text.HAL_Init
                0x000000000800598c       0x44 ./Drivers/STM32F4xx_HAL_Driver/Src/stm32f4xx_hal.o
                0x000000000800598c                HAL_Init
 .text.HAL_InitTick
                0x00000000080059d0       0x60 ./Drivers/STM32F4xx_HAL_Driver/Src/stm32f4xx_hal.o
                0x00000000080059d0                HAL_InitTick
 .text.HAL_IncTick
                0x0000000008005a30       0x28 ./Drivers/STM32F4xx_HAL_Driver/Src/stm32f4xx_hal.o
                0x0000000008005a30                HAL_IncTick
 .text.HAL_GetTick
                0x0000000008005a58       0x18 ./Drivers/STM32F4xx_HAL_Driver/Src/stm32f4xx_hal.o
                0x0000000008005a58                HAL_GetTick
 .text.HAL_Delay
                0x0000000008005a70       0x48 ./Drivers/STM32F4xx_HAL_Driver/Src/stm32f4xx_hal.o
                0x0000000008005a70                HAL_Delay
 .text.__NVIC_SetPriorityGrouping
                0x0000000008005ab8       0x48 ./Drivers/STM32F4xx_HAL_Driver/Src/stm32f4xx_hal_cortex.o
 .text.__NVIC_GetPriorityGrouping
                0x0000000008005b00       0x1c ./Drivers/STM32F4xx_HAL_Driver/Src/stm32f4xx_hal_cortex.o
 .text.__NVIC_EnableIRQ
                0x0000000008005b1c       0x3c ./Drivers/STM32F4xx_HAL_Driver/Src/stm32f4xx_hal_cortex.o
 .text.__NVIC_DisableIRQ
                0x0000000008005b58       0x48 ./Drivers/STM32F4xx_HAL_Driver/Src/stm32f4xx_hal_cortex.o
 .text.__NVIC_SetPriority
                0x0000000008005ba0       0x54 ./Drivers/STM32F4xx_HAL_Driver/Src/stm32f4xx_hal_cortex.o
 .text.NVIC_EncodePriority
                0x0000000008005bf4       0x66 ./Drivers/STM32F4xx_HAL_Driver/Src/stm32f4xx_hal_cortex.o
 *fill*         0x0000000008005c5a        0x2 
 .text.SysTick_Config
                0x0000000008005c5c       0x44 ./Drivers/STM32F4xx_HAL_Driver/Src/stm32f4xx_hal_cortex.o
 .text.HAL_NVIC_SetPriorityGrouping
                0x0000000008005ca0       0x16 ./Drivers/STM32F4xx_HAL_Driver/Src/stm32f4xx_hal_cortex.o
                0x0000000008005ca0                HAL_NVIC_SetPriorityGrouping
 .text.HAL_NVIC_SetPriority
                0x0000000008005cb6       0x38 ./Drivers/STM32F4xx_HAL_Driver/Src/stm32f4xx_hal_cortex.o
                0x0000000008005cb6                HAL_NVIC_SetPriority
 .text.HAL_NVIC_EnableIRQ
                0x0000000008005cee       0x1c ./Drivers/STM32F4xx_HAL_Driver/Src/stm32f4xx_hal_cortex.o
                0x0000000008005cee                HAL_NVIC_EnableIRQ
 .text.HAL_NVIC_DisableIRQ
                0x0000000008005d0a       0x1c ./Drivers/STM32F4xx_HAL_Driver/Src/stm32f4xx_hal_cortex.o
                0x0000000008005d0a                HAL_NVIC_DisableIRQ
 .text.HAL_SYSTICK_Config
                0x0000000008005d26       0x18 ./Drivers/STM32F4xx_HAL_Driver/Src/stm32f4xx_hal_cortex.o
                0x0000000008005d26                HAL_SYSTICK_Config
 .text.HAL_DMA_Abort
                0x0000000008005d3e       0xe0 ./Drivers/STM32F4xx_HAL_Driver/Src/stm32f4xx_hal_dma.o
                0x0000000008005d3e                HAL_DMA_Abort
 .text.HAL_DMA_Abort_IT
                0x0000000008005e1e       0x44 ./Drivers/STM32F4xx_HAL_Driver/Src/stm32f4xx_hal_dma.o
                0x0000000008005e1e                HAL_DMA_Abort_IT
 *fill*         0x0000000008005e62        0x2 
 .text.HAL_FLASH_Program
                0x0000000008005e64       0xa8 ./Drivers/STM32F4xx_HAL_Driver/Src/stm32f4xx_hal_flash.o
                0x0000000008005e64                HAL_FLASH_Program
 .text.HAL_FLASH_Unlock
                0x0000000008005f0c       0x44 ./Drivers/STM32F4xx_HAL_Driver/Src/stm32f4xx_hal_flash.o
                0x0000000008005f0c                HAL_FLASH_Unlock
 .text.HAL_FLASH_Lock
                0x0000000008005f50       0x20 ./Drivers/STM32F4xx_HAL_Driver/Src/stm32f4xx_hal_flash.o
                0x0000000008005f50                HAL_FLASH_Lock
 .text.FLASH_WaitForLastOperation
                0x0000000008005f70       0x80 ./Drivers/STM32F4xx_HAL_Driver/Src/stm32f4xx_hal_flash.o
                0x0000000008005f70                FLASH_WaitForLastOperation
 .text.FLASH_Program_DoubleWord
                0x0000000008005ff0       0x64 ./Drivers/STM32F4xx_HAL_Driver/Src/stm32f4xx_hal_flash.o
 .text.FLASH_Program_Word
                0x0000000008006054       0x44 ./Drivers/STM32F4xx_HAL_Driver/Src/stm32f4xx_hal_flash.o
 .text.FLASH_Program_HalfWord
                0x0000000008006098       0x48 ./Drivers/STM32F4xx_HAL_Driver/Src/stm32f4xx_hal_flash.o
 .text.FLASH_Program_Byte
                0x00000000080060e0       0x44 ./Drivers/STM32F4xx_HAL_Driver/Src/stm32f4xx_hal_flash.o
 .text.FLASH_SetErrorCode
                0x0000000008006124       0xac ./Drivers/STM32F4xx_HAL_Driver/Src/stm32f4xx_hal_flash.o
 .text.HAL_FLASHEx_Erase
                0x00000000080061d0       0xe0 ./Drivers/STM32F4xx_HAL_Driver/Src/stm32f4xx_hal_flash_ex.o
                0x00000000080061d0                HAL_FLASHEx_Erase
 .text.FLASH_MassErase
                0x00000000080062b0       0x48 ./Drivers/STM32F4xx_HAL_Driver/Src/stm32f4xx_hal_flash_ex.o
 .text.FLASH_Erase_Sector
                0x00000000080062f8       0x90 ./Drivers/STM32F4xx_HAL_Driver/Src/stm32f4xx_hal_flash_ex.o
                0x00000000080062f8                FLASH_Erase_Sector
 .text.FLASH_FlushCaches
                0x0000000008006388       0x8c ./Drivers/STM32F4xx_HAL_Driver/Src/stm32f4xx_hal_flash_ex.o
                0x0000000008006388                FLASH_FlushCaches
 .text.HAL_GPIO_Init
                0x0000000008006414      0x338 ./Drivers/STM32F4xx_HAL_Driver/Src/stm32f4xx_hal_gpio.o
                0x0000000008006414                HAL_GPIO_Init
 .text.HAL_GPIO_ReadPin
                0x000000000800674c       0x30 ./Drivers/STM32F4xx_HAL_Driver/Src/stm32f4xx_hal_gpio.o
                0x000000000800674c                HAL_GPIO_ReadPin
 .text.HAL_GPIO_WritePin
                0x000000000800677c       0x32 ./Drivers/STM32F4xx_HAL_Driver/Src/stm32f4xx_hal_gpio.o
                0x000000000800677c                HAL_GPIO_WritePin
 *fill*         0x00000000080067ae        0x2 
 .text.HAL_I2C_Init
                0x00000000080067b0      0x288 ./Drivers/STM32F4xx_HAL_Driver/Src/stm32f4xx_hal_i2c.o
                0x00000000080067b0                HAL_I2C_Init
 .text.HAL_I2C_Mem_Write
                0x0000000008006a38      0x1f4 ./Drivers/STM32F4xx_HAL_Driver/Src/stm32f4xx_hal_i2c.o
                0x0000000008006a38                HAL_I2C_Mem_Write
 .text.I2C_RequestMemoryWrite
                0x0000000008006c2c      0x12c ./Drivers/STM32F4xx_HAL_Driver/Src/stm32f4xx_hal_i2c.o
 .text.I2C_WaitOnFlagUntilTimeout
                0x0000000008006d58       0xf4 ./Drivers/STM32F4xx_HAL_Driver/Src/stm32f4xx_hal_i2c.o
 .text.I2C_WaitOnMasterAddressFlagUntilTimeout
                0x0000000008006e4c      0x140 ./Drivers/STM32F4xx_HAL_Driver/Src/stm32f4xx_hal_i2c.o
 .text.I2C_WaitOnTXEFlagUntilTimeout
                0x0000000008006f8c       0x90 ./Drivers/STM32F4xx_HAL_Driver/Src/stm32f4xx_hal_i2c.o
 .text.I2C_WaitOnBTFFlagUntilTimeout
                0x000000000800701c       0x90 ./Drivers/STM32F4xx_HAL_Driver/Src/stm32f4xx_hal_i2c.o
 .text.I2C_IsAcknowledgeFailed
                0x00000000080070ac       0x5e ./Drivers/STM32F4xx_HAL_Driver/Src/stm32f4xx_hal_i2c.o
 *fill*         0x000000000800710a        0x2 
 .text.HAL_RCC_OscConfig
                0x000000000800710c      0x4f0 ./Drivers/STM32F4xx_HAL_Driver/Src/stm32f4xx_hal_rcc.o
                0x000000000800710c                HAL_RCC_OscConfig
 .text.HAL_RCC_ClockConfig
                0x00000000080075fc      0x1cc ./Drivers/STM32F4xx_HAL_Driver/Src/stm32f4xx_hal_rcc.o
                0x00000000080075fc                HAL_RCC_ClockConfig
 .text.HAL_RCC_GetSysClockFreq
                0x00000000080077c8      0x18c ./Drivers/STM32F4xx_HAL_Driver/Src/stm32f4xx_hal_rcc.o
                0x00000000080077c8                HAL_RCC_GetSysClockFreq
 .text.HAL_RCC_GetHCLKFreq
                0x0000000008007954       0x18 ./Drivers/STM32F4xx_HAL_Driver/Src/stm32f4xx_hal_rcc.o
                0x0000000008007954                HAL_RCC_GetHCLKFreq
 .text.HAL_RCC_GetPCLK1Freq
                0x000000000800796c       0x28 ./Drivers/STM32F4xx_HAL_Driver/Src/stm32f4xx_hal_rcc.o
                0x000000000800796c                HAL_RCC_GetPCLK1Freq
 .text.HAL_RCC_GetPCLK2Freq
                0x0000000008007994       0x28 ./Drivers/STM32F4xx_HAL_Driver/Src/stm32f4xx_hal_rcc.o
                0x0000000008007994                HAL_RCC_GetPCLK2Freq
 .text.HAL_SPI_Init
                0x00000000080079bc      0x112 ./Drivers/STM32F4xx_HAL_Driver/Src/stm32f4xx_hal_spi.o
                0x00000000080079bc                HAL_SPI_Init
 .text.HAL_SPI_Transmit
                0x0000000008007ace      0x286 ./Drivers/STM32F4xx_HAL_Driver/Src/stm32f4xx_hal_spi.o
                0x0000000008007ace                HAL_SPI_Transmit
 .text.HAL_SPI_Receive
                0x0000000008007d54      0x230 ./Drivers/STM32F4xx_HAL_Driver/Src/stm32f4xx_hal_spi.o
                0x0000000008007d54                HAL_SPI_Receive
 .text.HAL_SPI_TransmitReceive
                0x0000000008007f84      0x360 ./Drivers/STM32F4xx_HAL_Driver/Src/stm32f4xx_hal_spi.o
                0x0000000008007f84                HAL_SPI_TransmitReceive
 .text.HAL_SPI_GetState
                0x00000000080082e4       0x1c ./Drivers/STM32F4xx_HAL_Driver/Src/stm32f4xx_hal_spi.o
                0x00000000080082e4                HAL_SPI_GetState
 .text.SPI_WaitFlagStateUntilTimeout
                0x0000000008008300      0x110 ./Drivers/STM32F4xx_HAL_Driver/Src/stm32f4xx_hal_spi.o
 .text.SPI_EndRxTransaction
                0x0000000008008410       0xca ./Drivers/STM32F4xx_HAL_Driver/Src/stm32f4xx_hal_spi.o
 *fill*         0x00000000080084da        0x2 
 .text.SPI_EndRxTxTransaction
                0x00000000080084dc       0xa8 ./Drivers/STM32F4xx_HAL_Driver/Src/stm32f4xx_hal_spi.o
 .text.HAL_TIM_Base_Init
                0x0000000008008584       0x9e ./Drivers/STM32F4xx_HAL_Driver/Src/stm32f4xx_hal_tim.o
                0x0000000008008584                HAL_TIM_Base_Init
 *fill*         0x0000000008008622        0x2 
 .text.HAL_TIM_Base_Start_IT
                0x0000000008008624       0xe0 ./Drivers/STM32F4xx_HAL_Driver/Src/stm32f4xx_hal_tim.o
                0x0000000008008624                HAL_TIM_Base_Start_IT
 .text.HAL_TIM_IRQHandler
                0x0000000008008704      0x1e0 ./Drivers/STM32F4xx_HAL_Driver/Src/stm32f4xx_hal_tim.o
                0x0000000008008704                HAL_TIM_IRQHandler
 .text.HAL_TIM_OC_DelayElapsedCallback
                0x00000000080088e4       0x14 ./Drivers/STM32F4xx_HAL_Driver/Src/stm32f4xx_hal_tim.o
                0x00000000080088e4                HAL_TIM_OC_DelayElapsedCallback
 .text.HAL_TIM_IC_CaptureCallback
                0x00000000080088f8       0x14 ./Drivers/STM32F4xx_HAL_Driver/Src/stm32f4xx_hal_tim.o
                0x00000000080088f8                HAL_TIM_IC_CaptureCallback
 .text.HAL_TIM_PWM_PulseFinishedCallback
                0x000000000800890c       0x14 ./Drivers/STM32F4xx_HAL_Driver/Src/stm32f4xx_hal_tim.o
                0x000000000800890c                HAL_TIM_PWM_PulseFinishedCallback
 .text.HAL_TIM_TriggerCallback
                0x0000000008008920       0x14 ./Drivers/STM32F4xx_HAL_Driver/Src/stm32f4xx_hal_tim.o
                0x0000000008008920                HAL_TIM_TriggerCallback
 .text.TIM_Base_SetConfig
                0x0000000008008934      0x158 ./Drivers/STM32F4xx_HAL_Driver/Src/stm32f4xx_hal_tim.o
                0x0000000008008934                TIM_Base_SetConfig
 .text.HAL_TIMEx_MasterConfigSynchronization
                0x0000000008008a8c       0xf8 ./Drivers/STM32F4xx_HAL_Driver/Src/stm32f4xx_hal_tim_ex.o
                0x0000000008008a8c                HAL_TIMEx_MasterConfigSynchronization
 .text.HAL_TIMEx_CommutCallback
                0x0000000008008b84       0x14 ./Drivers/STM32F4xx_HAL_Driver/Src/stm32f4xx_hal_tim_ex.o
                0x0000000008008b84                HAL_TIMEx_CommutCallback
 .text.HAL_TIMEx_BreakCallback
                0x0000000008008b98       0x14 ./Drivers/STM32F4xx_HAL_Driver/Src/stm32f4xx_hal_tim_ex.o
                0x0000000008008b98                HAL_TIMEx_BreakCallback
 .text.HAL_UART_Init
                0x0000000008008bac       0xa0 ./Drivers/STM32F4xx_HAL_Driver/Src/stm32f4xx_hal_uart.o
                0x0000000008008bac                HAL_UART_Init
 .text.HAL_UART_Transmit
                0x0000000008008c4c      0x116 ./Drivers/STM32F4xx_HAL_Driver/Src/stm32f4xx_hal_uart.o
                0x0000000008008c4c                HAL_UART_Transmit
 .text.HAL_UART_Receive_IT
                0x0000000008008d62       0x4a ./Drivers/STM32F4xx_HAL_Driver/Src/stm32f4xx_hal_uart.o
                0x0000000008008d62                HAL_UART_Receive_IT
 .text.HAL_UART_IRQHandler
                0x0000000008008dac      0x524 ./Drivers/STM32F4xx_HAL_Driver/Src/stm32f4xx_hal_uart.o
                0x0000000008008dac                HAL_UART_IRQHandler
 .text.HAL_UART_TxCpltCallback
                0x00000000080092d0       0x14 ./Drivers/STM32F4xx_HAL_Driver/Src/stm32f4xx_hal_uart.o
                0x00000000080092d0                HAL_UART_TxCpltCallback
 .text.HAL_UART_ErrorCallback
                0x00000000080092e4       0x14 ./Drivers/STM32F4xx_HAL_Driver/Src/stm32f4xx_hal_uart.o
                0x00000000080092e4                HAL_UART_ErrorCallback
 .text.HAL_UARTEx_RxEventCallback
                0x00000000080092f8       0x18 ./Drivers/STM32F4xx_HAL_Driver/Src/stm32f4xx_hal_uart.o
                0x00000000080092f8                HAL_UARTEx_RxEventCallback
 .text.UART_WaitOnFlagUntilTimeout
                0x0000000008009310       0xb2 ./Drivers/STM32F4xx_HAL_Driver/Src/stm32f4xx_hal_uart.o
 .text.UART_Start_Receive_IT
                0x00000000080093c2       0x74 ./Drivers/STM32F4xx_HAL_Driver/Src/stm32f4xx_hal_uart.o
                0x00000000080093c2                UART_Start_Receive_IT
 .text.UART_EndRxTransfer
                0x0000000008009436       0xc6 ./Drivers/STM32F4xx_HAL_Driver/Src/stm32f4xx_hal_uart.o
 .text.UART_DMAAbortOnError
                0x00000000080094fc       0x28 ./Drivers/STM32F4xx_HAL_Driver/Src/stm32f4xx_hal_uart.o
 .text.UART_Transmit_IT
                0x0000000008009524       0xa0 ./Drivers/STM32F4xx_HAL_Driver/Src/stm32f4xx_hal_uart.o
 .text.UART_EndTransmit_IT
                0x00000000080095c4       0x30 ./Drivers/STM32F4xx_HAL_Driver/Src/stm32f4xx_hal_uart.o
 .text.UART_Receive_IT
                0x00000000080095f4      0x17c ./Drivers/STM32F4xx_HAL_Driver/Src/stm32f4xx_hal_uart.o
 .text.UART_SetConfig
                0x0000000008009770      0x4e8 ./Drivers/STM32F4xx_HAL_Driver/Src/stm32f4xx_hal_uart.o
 .text.__itoa   0x0000000008009c58       0x30 C:/ST/STM32CubeIDE_1.14.1/STM32CubeIDE/plugins/com.st.stm32cube.ide.mcu.externaltools.gnu-tools-for-stm32.11.3.rel1.win32_1.1.100.202309141235/tools/bin/../lib/gcc/arm-none-eabi/11.3.1/../../../../arm-none-eabi/lib/thumb/v7e-m+fp/hard\libc_nano.a(libc_a-itoa.o)
                0x0000000008009c58                __itoa
 .text.itoa     0x0000000008009c88        0x4 C:/ST/STM32CubeIDE_1.14.1/STM32CubeIDE/plugins/com.st.stm32cube.ide.mcu.externaltools.gnu-tools-for-stm32.11.3.rel1.win32_1.1.100.202309141235/tools/bin/../lib/gcc/arm-none-eabi/11.3.1/../../../../arm-none-eabi/lib/thumb/v7e-m+fp/hard\libc_nano.a(libc_a-itoa.o)
                0x0000000008009c88                itoa
 .text.malloc   0x0000000008009c8c       0x10 C:/ST/STM32CubeIDE_1.14.1/STM32CubeIDE/plugins/com.st.stm32cube.ide.mcu.externaltools.gnu-tools-for-stm32.11.3.rel1.win32_1.1.100.202309141235/tools/bin/../lib/gcc/arm-none-eabi/11.3.1/../../../../arm-none-eabi/lib/thumb/v7e-m+fp/hard\libc_nano.a(libc_a-malloc.o)
                0x0000000008009c8c                malloc
 .text.sbrk_aligned
                0x0000000008009c9c       0x40 C:/ST/STM32CubeIDE_1.14.1/STM32CubeIDE/plugins/com.st.stm32cube.ide.mcu.externaltools.gnu-tools-for-stm32.11.3.rel1.win32_1.1.100.202309141235/tools/bin/../lib/gcc/arm-none-eabi/11.3.1/../../../../arm-none-eabi/lib/thumb/v7e-m+fp/hard\libc_nano.a(libc_a-mallocr.o)
 .text._malloc_r
                0x0000000008009cdc      0x100 C:/ST/STM32CubeIDE_1.14.1/STM32CubeIDE/plugins/com.st.stm32cube.ide.mcu.externaltools.gnu-tools-for-stm32.11.3.rel1.win32_1.1.100.202309141235/tools/bin/../lib/gcc/arm-none-eabi/11.3.1/../../../../arm-none-eabi/lib/thumb/v7e-m+fp/hard\libc_nano.a(libc_a-mallocr.o)
                0x0000000008009cdc                _malloc_r
 .text.__malloc_lock
                0x0000000008009ddc        0xc C:/ST/STM32CubeIDE_1.14.1/STM32CubeIDE/plugins/com.st.stm32cube.ide.mcu.externaltools.gnu-tools-for-stm32.11.3.rel1.win32_1.1.100.202309141235/tools/bin/../lib/gcc/arm-none-eabi/11.3.1/../../../../arm-none-eabi/lib/thumb/v7e-m+fp/hard\libc_nano.a(libc_a-mlock.o)
                0x0000000008009ddc                __malloc_lock
 .text.__malloc_unlock
                0x0000000008009de8        0xc C:/ST/STM32CubeIDE_1.14.1/STM32CubeIDE/plugins/com.st.stm32cube.ide.mcu.externaltools.gnu-tools-for-stm32.11.3.rel1.win32_1.1.100.202309141235/tools/bin/../lib/gcc/arm-none-eabi/11.3.1/../../../../arm-none-eabi/lib/thumb/v7e-m+fp/hard\libc_nano.a(libc_a-mlock.o)
                0x0000000008009de8                __malloc_unlock
 .text.__utoa   0x0000000008009df4       0x84 C:/ST/STM32CubeIDE_1.14.1/STM32CubeIDE/plugins/com.st.stm32cube.ide.mcu.externaltools.gnu-tools-for-stm32.11.3.rel1.win32_1.1.100.202309141235/tools/bin/../lib/gcc/arm-none-eabi/11.3.1/../../../../arm-none-eabi/lib/thumb/v7e-m+fp/hard\libc_nano.a(libc_a-utoa.o)
                0x0000000008009df4                __utoa
 .text.memset   0x0000000008009e78       0x10 C:/ST/STM32CubeIDE_1.14.1/STM32CubeIDE/plugins/com.st.stm32cube.ide.mcu.externaltools.gnu-tools-for-stm32.11.3.rel1.win32_1.1.100.202309141235/tools/bin/../lib/gcc/arm-none-eabi/11.3.1/../../../../arm-none-eabi/lib/thumb/v7e-m+fp/hard\libc_nano.a(libc_a-memset.o)
                0x0000000008009e78                memset
 .text._sbrk_r  0x0000000008009e88       0x20 C:/ST/STM32CubeIDE_1.14.1/STM32CubeIDE/plugins/com.st.stm32cube.ide.mcu.externaltools.gnu-tools-for-stm32.11.3.rel1.win32_1.1.100.202309141235/tools/bin/../lib/gcc/arm-none-eabi/11.3.1/../../../../arm-none-eabi/lib/thumb/v7e-m+fp/hard\libc_nano.a(libc_a-sbrkr.o)
                0x0000000008009e88                _sbrk_r
 .text.__errno  0x0000000008009ea8        0xc C:/ST/STM32CubeIDE_1.14.1/STM32CubeIDE/plugins/com.st.stm32cube.ide.mcu.externaltools.gnu-tools-for-stm32.11.3.rel1.win32_1.1.100.202309141235/tools/bin/../lib/gcc/arm-none-eabi/11.3.1/../../../../arm-none-eabi/lib/thumb/v7e-m+fp/hard\libc_nano.a(libc_a-errno.o)
                0x0000000008009ea8                __errno
 .text.__libc_init_array
                0x0000000008009eb4       0x48 C:/ST/STM32CubeIDE_1.14.1/STM32CubeIDE/plugins/com.st.stm32cube.ide.mcu.externaltools.gnu-tools-for-stm32.11.3.rel1.win32_1.1.100.202309141235/tools/bin/../lib/gcc/arm-none-eabi/11.3.1/../../../../arm-none-eabi/lib/thumb/v7e-m+fp/hard\libc_nano.a(libc_a-init.o)
                0x0000000008009eb4                __libc_init_array
 .text.__retarget_lock_acquire_recursive
                0x0000000008009efc        0x2 C:/ST/STM32CubeIDE_1.14.1/STM32CubeIDE/plugins/com.st.stm32cube.ide.mcu.externaltools.gnu-tools-for-stm32.11.3.rel1.win32_1.1.100.202309141235/tools/bin/../lib/gcc/arm-none-eabi/11.3.1/../../../../arm-none-eabi/lib/thumb/v7e-m+fp/hard\libc_nano.a(libc_a-lock.o)
                0x0000000008009efc                __retarget_lock_acquire_recursive
 .text.__retarget_lock_release_recursive
                0x0000000008009efe        0x2 C:/ST/STM32CubeIDE_1.14.1/STM32CubeIDE/plugins/com.st.stm32cube.ide.mcu.externaltools.gnu-tools-for-stm32.11.3.rel1.win32_1.1.100.202309141235/tools/bin/../lib/gcc/arm-none-eabi/11.3.1/../../../../arm-none-eabi/lib/thumb/v7e-m+fp/hard\libc_nano.a(libc_a-lock.o)
                0x0000000008009efe                __retarget_lock_release_recursive
 .text.memcpy   0x0000000008009f00       0x1c C:/ST/STM32CubeIDE_1.14.1/STM32CubeIDE/plugins/com.st.stm32cube.ide.mcu.externaltools.gnu-tools-for-stm32.11.3.rel1.win32_1.1.100.202309141235/tools/bin/../lib/gcc/arm-none-eabi/11.3.1/../../../../arm-none-eabi/lib/thumb/v7e-m+fp/hard\libc_nano.a(libc_a-memcpy-stub.o)
                0x0000000008009f00                memcpy
 .text.pow      0x0000000008009f1c       0xe0 C:/ST/STM32CubeIDE_1.14.1/STM32CubeIDE/plugins/com.st.stm32cube.ide.mcu.externaltools.gnu-tools-for-stm32.11.3.rel1.win32_1.1.100.202309141235/tools/bin/../lib/gcc/arm-none-eabi/11.3.1/../../../../arm-none-eabi/lib/thumb/v7e-m+fp/hard\libm.a(libm_a-w_pow.o)
                0x0000000008009f1c                pow
 .text.finite   0x0000000008009ffc       0x16 C:/ST/STM32CubeIDE_1.14.1/STM32CubeIDE/plugins/com.st.stm32cube.ide.mcu.externaltools.gnu-tools-for-stm32.11.3.rel1.win32_1.1.100.202309141235/tools/bin/../lib/gcc/arm-none-eabi/11.3.1/../../../../arm-none-eabi/lib/thumb/v7e-m+fp/hard\libm.a(libm_a-s_finite.o)
                0x0000000008009ffc                finite
 .text.fmin     0x000000000800a012       0x4e C:/ST/STM32CubeIDE_1.14.1/STM32CubeIDE/plugins/com.st.stm32cube.ide.mcu.externaltools.gnu-tools-for-stm32.11.3.rel1.win32_1.1.100.202309141235/tools/bin/../lib/gcc/arm-none-eabi/11.3.1/../../../../arm-none-eabi/lib/thumb/v7e-m+fp/hard\libm.a(libm_a-s_fmin.o)
                0x000000000800a012                fmin
 .text.__fpclassifyd
                0x000000000800a060       0x54 C:/ST/STM32CubeIDE_1.14.1/STM32CubeIDE/plugins/com.st.stm32cube.ide.mcu.externaltools.gnu-tools-for-stm32.11.3.rel1.win32_1.1.100.202309141235/tools/bin/../lib/gcc/arm-none-eabi/11.3.1/../../../../arm-none-eabi/lib/thumb/v7e-m+fp/hard\libm.a(libm_a-s_fpclassify.o)
                0x000000000800a060                __fpclassifyd
 .text.round    0x000000000800a0b4       0x90 C:/ST/STM32CubeIDE_1.14.1/STM32CubeIDE/plugins/com.st.stm32cube.ide.mcu.externaltools.gnu-tools-for-stm32.11.3.rel1.win32_1.1.100.202309141235/tools/bin/../lib/gcc/arm-none-eabi/11.3.1/../../../../arm-none-eabi/lib/thumb/v7e-m+fp/hard\libm.a(libm_a-s_round.o)
                0x000000000800a0b4                round
 *fill*         0x000000000800a144        0x4 
 .text.__ieee754_pow
                0x000000000800a148      0xa54 C:/ST/STM32CubeIDE_1.14.1/STM32CubeIDE/plugins/com.st.stm32cube.ide.mcu.externaltools.gnu-tools-for-stm32.11.3.rel1.win32_1.1.100.202309141235/tools/bin/../lib/gcc/arm-none-eabi/11.3.1/../../../../arm-none-eabi/lib/thumb/v7e-m+fp/hard\libm.a(libm_a-e_pow.o)
                0x000000000800a148                __ieee754_pow
 .text.fabs     0x000000000800ab9c       0x12 C:/ST/STM32CubeIDE_1.14.1/STM32CubeIDE/plugins/com.st.stm32cube.ide.mcu.externaltools.gnu-tools-for-stm32.11.3.rel1.win32_1.1.100.202309141235/tools/bin/../lib/gcc/arm-none-eabi/11.3.1/../../../../arm-none-eabi/lib/thumb/v7e-m+fp/hard\libm.a(libm_a-s_fabs.o)
                0x000000000800ab9c                fabs
 *fill*         0x000000000800abae        0x2 
 .text.scalbn   0x000000000800abb0       0xfc C:/ST/STM32CubeIDE_1.14.1/STM32CubeIDE/plugins/com.st.stm32cube.ide.mcu.externaltools.gnu-tools-for-stm32.11.3.rel1.win32_1.1.100.202309141235/tools/bin/../lib/gcc/arm-none-eabi/11.3.1/../../../../arm-none-eabi/lib/thumb/v7e-m+fp/hard\libm.a(libm_a-s_scalbn.o)
                0x000000000800abb0                scalbn
 .text.with_errno
                0x000000000800acac       0x14 C:/ST/STM32CubeIDE_1.14.1/STM32CubeIDE/plugins/com.st.stm32cube.ide.mcu.externaltools.gnu-tools-for-stm32.11.3.rel1.win32_1.1.100.202309141235/tools/bin/../lib/gcc/arm-none-eabi/11.3.1/../../../../arm-none-eabi/lib/thumb/v7e-m+fp/hard\libm.a(libm_a-math_err.o)
 .text.xflow    0x000000000800acc0       0x28 C:/ST/STM32CubeIDE_1.14.1/STM32CubeIDE/plugins/com.st.stm32cube.ide.mcu.externaltools.gnu-tools-for-stm32.11.3.rel1.win32_1.1.100.202309141235/tools/bin/../lib/gcc/arm-none-eabi/11.3.1/../../../../arm-none-eabi/lib/thumb/v7e-m+fp/hard\libm.a(libm_a-math_err.o)
 .text.__math_uflow
                0x000000000800ace8       0x12 C:/ST/STM32CubeIDE_1.14.1/STM32CubeIDE/plugins/com.st.stm32cube.ide.mcu.externaltools.gnu-tools-for-stm32.11.3.rel1.win32_1.1.100.202309141235/tools/bin/../lib/gcc/arm-none-eabi/11.3.1/../../../../arm-none-eabi/lib/thumb/v7e-m+fp/hard\libm.a(libm_a-math_err.o)
                0x000000000800ace8                __math_uflow
 .text.__math_oflow
                0x000000000800acfa       0x12 C:/ST/STM32CubeIDE_1.14.1/STM32CubeIDE/plugins/com.st.stm32cube.ide.mcu.externaltools.gnu-tools-for-stm32.11.3.rel1.win32_1.1.100.202309141235/tools/bin/../lib/gcc/arm-none-eabi/11.3.1/../../../../arm-none-eabi/lib/thumb/v7e-m+fp/hard\libm.a(libm_a-math_err.o)
                0x000000000800acfa                __math_oflow
 .text.__ieee754_sqrt
                0x000000000800ad0c      0x1b4 C:/ST/STM32CubeIDE_1.14.1/STM32CubeIDE/plugins/com.st.stm32cube.ide.mcu.externaltools.gnu-tools-for-stm32.11.3.rel1.win32_1.1.100.202309141235/tools/bin/../lib/gcc/arm-none-eabi/11.3.1/../../../../arm-none-eabi/lib/thumb/v7e-m+fp/hard\libm.a(libm_a-e_sqrt.o)
                0x000000000800ad0c                __ieee754_sqrt
 *(.glue_7)
 .glue_7        0x000000000800aec0        0x0 linker stubs
 *(.glue_7t)
 .glue_7t       0x000000000800aec0        0x0 linker stubs
 *(.eh_frame)
 .eh_frame      0x000000000800aec0        0x0 C:/ST/STM32CubeIDE_1.14.1/STM32CubeIDE/plugins/com.st.stm32cube.ide.mcu.externaltools.gnu-tools-for-stm32.11.3.rel1.win32_1.1.100.202309141235/tools/bin/../lib/gcc/arm-none-eabi/11.3.1/thumb/v7e-m+fp/hard/crtbegin.o
 *(.init)
 .init          0x000000000800aec0        0x4 C:/ST/STM32CubeIDE_1.14.1/STM32CubeIDE/plugins/com.st.stm32cube.ide.mcu.externaltools.gnu-tools-for-stm32.11.3.rel1.win32_1.1.100.202309141235/tools/bin/../lib/gcc/arm-none-eabi/11.3.1/thumb/v7e-m+fp/hard/crti.o
                0x000000000800aec0                _init
 .init          0x000000000800aec4        0x8 C:/ST/STM32CubeIDE_1.14.1/STM32CubeIDE/plugins/com.st.stm32cube.ide.mcu.externaltools.gnu-tools-for-stm32.11.3.rel1.win32_1.1.100.202309141235/tools/bin/../lib/gcc/arm-none-eabi/11.3.1/thumb/v7e-m+fp/hard/crtn.o
 *(.fini)
 .fini          0x000000000800aecc        0x4 C:/ST/STM32CubeIDE_1.14.1/STM32CubeIDE/plugins/com.st.stm32cube.ide.mcu.externaltools.gnu-tools-for-stm32.11.3.rel1.win32_1.1.100.202309141235/tools/bin/../lib/gcc/arm-none-eabi/11.3.1/thumb/v7e-m+fp/hard/crti.o
                0x000000000800aecc                _fini
 .fini          0x000000000800aed0        0x8 C:/ST/STM32CubeIDE_1.14.1/STM32CubeIDE/plugins/com.st.stm32cube.ide.mcu.externaltools.gnu-tools-for-stm32.11.3.rel1.win32_1.1.100.202309141235/tools/bin/../lib/gcc/arm-none-eabi/11.3.1/thumb/v7e-m+fp/hard/crtn.o
                0x000000000800aed8                . = ALIGN (0x4)
                0x000000000800aed8                _etext = .

.vfp11_veneer   0x000000000800aed8        0x0
 .vfp11_veneer  0x000000000800aed8        0x0 linker stubs

.v4_bx          0x000000000800aed8        0x0
 .v4_bx         0x000000000800aed8        0x0 linker stubs

.iplt           0x000000000800aed8        0x0
 .iplt          0x000000000800aed8        0x0 C:/ST/STM32CubeIDE_1.14.1/STM32CubeIDE/plugins/com.st.stm32cube.ide.mcu.externaltools.gnu-tools-for-stm32.11.3.rel1.win32_1.1.100.202309141235/tools/bin/../lib/gcc/arm-none-eabi/11.3.1/thumb/v7e-m+fp/hard/crtbegin.o

.rodata         0x000000000800aed8      0x850
                0x000000000800aed8                . = ALIGN (0x4)
 *(.rodata)
 .rodata        0x000000000800aed8       0x23 ./Core/Src/display_contents/screens/screen_1.o
 *fill*         0x000000000800aefb        0x1 
 .rodata        0x000000000800aefc       0x36 ./Core/Src/general_task/general_task.o
 *fill*         0x000000000800af32        0x2 
 .rodata        0x000000000800af34        0x8 ./Core/Src/w5500_ethernet/wiznet_api.o
 *(.rodata*)
 .rodata.AHBPrescTable
                0x000000000800af3c       0x10 ./Core/Src/system_stm32f4xx.o
                0x000000000800af3c                AHBPrescTable
 .rodata.APBPrescTable
                0x000000000800af4c        0x8 ./Core/Src/system_stm32f4xx.o
                0x000000000800af4c                APBPrescTable
 .rodata.MAX_NUMBER_LENGTH.0
                0x000000000800af54        0x4 ./Core/Src/ssd1306/ssd1306.o
 .rodata.Font7x10
                0x000000000800af58      0x76c ./Core/Src/ssd1306/ssd1306_fonts.o
 .rodata.Font_7x10
                0x000000000800b6c4        0xc ./Core/Src/ssd1306/ssd1306_fonts.o
                0x000000000800b6c4                Font_7x10
 .rodata.__utoa.str1.1
                0x000000000800b6d0       0x25 C:/ST/STM32CubeIDE_1.14.1/STM32CubeIDE/plugins/com.st.stm32cube.ide.mcu.externaltools.gnu-tools-for-stm32.11.3.rel1.win32_1.1.100.202309141235/tools/bin/../lib/gcc/arm-none-eabi/11.3.1/../../../../arm-none-eabi/lib/thumb/v7e-m+fp/hard\libc_nano.a(libc_a-utoa.o)
 *fill*         0x000000000800b6f5        0x3 
 .rodata.bp     0x000000000800b6f8       0x10 C:/ST/STM32CubeIDE_1.14.1/STM32CubeIDE/plugins/com.st.stm32cube.ide.mcu.externaltools.gnu-tools-for-stm32.11.3.rel1.win32_1.1.100.202309141235/tools/bin/../lib/gcc/arm-none-eabi/11.3.1/../../../../arm-none-eabi/lib/thumb/v7e-m+fp/hard\libm.a(libm_a-e_pow.o)
 .rodata.dp_h   0x000000000800b708       0x10 C:/ST/STM32CubeIDE_1.14.1/STM32CubeIDE/plugins/com.st.stm32cube.ide.mcu.externaltools.gnu-tools-for-stm32.11.3.rel1.win32_1.1.100.202309141235/tools/bin/../lib/gcc/arm-none-eabi/11.3.1/../../../../arm-none-eabi/lib/thumb/v7e-m+fp/hard\libm.a(libm_a-e_pow.o)
 .rodata.dp_l   0x000000000800b718       0x10 C:/ST/STM32CubeIDE_1.14.1/STM32CubeIDE/plugins/com.st.stm32cube.ide.mcu.externaltools.gnu-tools-for-stm32.11.3.rel1.win32_1.1.100.202309141235/tools/bin/../lib/gcc/arm-none-eabi/11.3.1/../../../../arm-none-eabi/lib/thumb/v7e-m+fp/hard\libm.a(libm_a-e_pow.o)
                0x000000000800b728                . = ALIGN (0x4)

.ARM.extab      0x000000000800b728        0x0
                0x000000000800b728                . = ALIGN (0x4)
 *(.ARM.extab* .gnu.linkonce.armextab.*)
                0x000000000800b728                . = ALIGN (0x4)

.ARM            0x000000000800b728        0x8
                0x000000000800b728                . = ALIGN (0x4)
                0x000000000800b728                __exidx_start = .
 *(.ARM.exidx*)
 .ARM.exidx     0x000000000800b728        0x8 C:/ST/STM32CubeIDE_1.14.1/STM32CubeIDE/plugins/com.st.stm32cube.ide.mcu.externaltools.gnu-tools-for-stm32.11.3.rel1.win32_1.1.100.202309141235/tools/bin/../lib/gcc/arm-none-eabi/11.3.1/thumb/v7e-m+fp/hard\libgcc.a(_udivmoddi4.o)
                0x000000000800b730                __exidx_end = .
                0x000000000800b730                . = ALIGN (0x4)

.rel.dyn        0x000000000800b730        0x0
 .rel.iplt      0x000000000800b730        0x0 C:/ST/STM32CubeIDE_1.14.1/STM32CubeIDE/plugins/com.st.stm32cube.ide.mcu.externaltools.gnu-tools-for-stm32.11.3.rel1.win32_1.1.100.202309141235/tools/bin/../lib/gcc/arm-none-eabi/11.3.1/thumb/v7e-m+fp/hard/crtbegin.o

.preinit_array  0x000000000800b730        0x0
                0x000000000800b730                . = ALIGN (0x4)
                0x000000000800b730                PROVIDE (__preinit_array_start = .)
 *(.preinit_array*)
                0x000000000800b730                PROVIDE (__preinit_array_end = .)
                0x000000000800b730                . = ALIGN (0x4)

.init_array     0x000000000800b730        0x4
                0x000000000800b730                . = ALIGN (0x4)
                0x000000000800b730                PROVIDE (__init_array_start = .)
 *(SORT_BY_NAME(.init_array.*))
 *(.init_array*)
 .init_array    0x000000000800b730        0x4 C:/ST/STM32CubeIDE_1.14.1/STM32CubeIDE/plugins/com.st.stm32cube.ide.mcu.externaltools.gnu-tools-for-stm32.11.3.rel1.win32_1.1.100.202309141235/tools/bin/../lib/gcc/arm-none-eabi/11.3.1/thumb/v7e-m+fp/hard/crtbegin.o
                0x000000000800b734                PROVIDE (__init_array_end = .)
                0x000000000800b734                . = ALIGN (0x4)

.fini_array     0x000000000800b734        0x4
                0x000000000800b734                . = ALIGN (0x4)
                [!provide]                        PROVIDE (__fini_array_start = .)
 *(SORT_BY_NAME(.fini_array.*))
 *(.fini_array*)
 .fini_array    0x000000000800b734        0x4 C:/ST/STM32CubeIDE_1.14.1/STM32CubeIDE/plugins/com.st.stm32cube.ide.mcu.externaltools.gnu-tools-for-stm32.11.3.rel1.win32_1.1.100.202309141235/tools/bin/../lib/gcc/arm-none-eabi/11.3.1/thumb/v7e-m+fp/hard/crtbegin.o
                [!provide]                        PROVIDE (__fini_array_end = .)
                0x000000000800b738                . = ALIGN (0x4)
                0x000000000800b738                _sidata = LOADADDR (.data)

.data           0x0000000020000000       0xe0 load address 0x000000000800b738
                0x0000000020000000                . = ALIGN (0x4)
                0x0000000020000000                _sdata = .
 *(.data)
 *(.data*)
 .data.CMD_NOP  0x0000000020000000        0x1 ./Core/Src/adc/adc_ADS1246.o
 .data.CMD_RDATA
                0x0000000020000001        0x1 ./Core/Src/adc/adc_ADS1246.o
 .data.CMD_WREG
                0x0000000020000002        0x1 ./Core/Src/adc/adc_ADS1246.o
 .data.REG_SYS0
                0x0000000020000003        0x1 ./Core/Src/adc/adc_ADS1246.o
 .data.methods  0x0000000020000004       0x10 ./Core/Src/adc/adc_ADS1246.o
 .data.methods  0x0000000020000014        0xc ./Core/Src/dac/dac_MCP4811_EP.o
 .data.TEXT_FONT
                0x0000000020000020        0x4 ./Core/Src/display_contents/screens/screen_1.o
 .data.methods  0x0000000020000024       0x10 ./Core/Src/display_contents/screens/screen_1.o
 .data.single_screen
                0x0000000020000034        0x8 ./Core/Src/display_contents/screens/screen_1.o
 .data.adctim   0x000000002000003c        0x4 ./Core/Src/main.o
                0x000000002000003c                adctim
 .data.conf_uart
                0x0000000020000040        0x4 ./Core/Src/main.o
                0x0000000020000040                conf_uart
 .data.SystemCoreClock
                0x0000000020000044        0x4 ./Core/Src/system_stm32f4xx.o
                0x0000000020000044                SystemCoreClock
 .data.sock_any_port
                0x0000000020000048        0x2 ./Core/Src/w5500_ethernet/socket.o
 *fill*         0x000000002000004a        0x2 
 .data.WIZCHIP  0x000000002000004c       0x28 ./Core/Src/w5500_ethernet/wizchip_conf.o
                0x000000002000004c                WIZCHIP
 .data.uwTickPrio
                0x0000000020000074        0x4 ./Drivers/STM32F4xx_HAL_Driver/Src/stm32f4xx_hal.o
                0x0000000020000074                uwTickPrio
 .data.uwTickFreq
                0x0000000020000078        0x1 ./Drivers/STM32F4xx_HAL_Driver/Src/stm32f4xx_hal.o
                0x0000000020000078                uwTickFreq
 *fill*         0x0000000020000079        0x3 
 .data._impure_data
                0x000000002000007c       0x4c C:/ST/STM32CubeIDE_1.14.1/STM32CubeIDE/plugins/com.st.stm32cube.ide.mcu.externaltools.gnu-tools-for-stm32.11.3.rel1.win32_1.1.100.202309141235/tools/bin/../lib/gcc/arm-none-eabi/11.3.1/../../../../arm-none-eabi/lib/thumb/v7e-m+fp/hard\libc_nano.a(libc_a-impure.o)
                0x000000002000007c                _impure_data
 .data._impure_ptr
                0x00000000200000c8        0x4 C:/ST/STM32CubeIDE_1.14.1/STM32CubeIDE/plugins/com.st.stm32cube.ide.mcu.externaltools.gnu-tools-for-stm32.11.3.rel1.win32_1.1.100.202309141235/tools/bin/../lib/gcc/arm-none-eabi/11.3.1/../../../../arm-none-eabi/lib/thumb/v7e-m+fp/hard\libc_nano.a(libc_a-impure.o)
                0x00000000200000c8                _impure_ptr
 *fill*         0x00000000200000cc        0x4 
 .data.one      0x00000000200000d0        0x8 C:/ST/STM32CubeIDE_1.14.1/STM32CubeIDE/plugins/com.st.stm32cube.ide.mcu.externaltools.gnu-tools-for-stm32.11.3.rel1.win32_1.1.100.202309141235/tools/bin/../lib/gcc/arm-none-eabi/11.3.1/../../../../arm-none-eabi/lib/thumb/v7e-m+fp/hard\libm.a(libm_a-e_sqrt.o)
 .data.tiny     0x00000000200000d8        0x8 C:/ST/STM32CubeIDE_1.14.1/STM32CubeIDE/plugins/com.st.stm32cube.ide.mcu.externaltools.gnu-tools-for-stm32.11.3.rel1.win32_1.1.100.202309141235/tools/bin/../lib/gcc/arm-none-eabi/11.3.1/../../../../arm-none-eabi/lib/thumb/v7e-m+fp/hard\libm.a(libm_a-e_sqrt.o)
 *(.RamFunc)
 *(.RamFunc*)
                0x00000000200000e0                . = ALIGN (0x4)
                0x00000000200000e0                _edata = .
                0x000000000800b818                _siccmram = LOADADDR (.ccmram)

.igot.plt       0x00000000200000e0        0x0 load address 0x000000000800b818
 .igot.plt      0x00000000200000e0        0x0 C:/ST/STM32CubeIDE_1.14.1/STM32CubeIDE/plugins/com.st.stm32cube.ide.mcu.externaltools.gnu-tools-for-stm32.11.3.rel1.win32_1.1.100.202309141235/tools/bin/../lib/gcc/arm-none-eabi/11.3.1/thumb/v7e-m+fp/hard/crtbegin.o

.ccmram         0x0000000010000000        0x0 load address 0x000000000800b818
                0x0000000010000000                . = ALIGN (0x4)
                0x0000000010000000                _sccmram = .
 *(.ccmram)
 *(.ccmram*)
                0x0000000010000000                . = ALIGN (0x4)
                0x0000000010000000                _eccmram = .
                0x0000000010000000                . = ALIGN (0x4)

.bss            0x00000000200000e0      0xb48
                0x00000000200000e0                _sbss = .
                0x00000000200000e0                __bss_start__ = _sbss
 *(.bss)
 .bss           0x00000000200000e0       0x1c C:/ST/STM32CubeIDE_1.14.1/STM32CubeIDE/plugins/com.st.stm32cube.ide.mcu.externaltools.gnu-tools-for-stm32.11.3.rel1.win32_1.1.100.202309141235/tools/bin/../lib/gcc/arm-none-eabi/11.3.1/thumb/v7e-m+fp/hard/crtbegin.o
 *(.bss*)
 .bss.CMD_WAKEUP
                0x00000000200000fc        0x1 ./Core/Src/adc/adc_ADS1246.o
 *fill*         0x00000000200000fd        0x3 
 .bss.rangeSelectPort
                0x0000000020000100        0x4 ./Core/Src/adc/range_select.o
 .bss.rangeSelectPin
                0x0000000020000104        0x2 ./Core/Src/adc/range_select.o
 .bss.initialized
                0x0000000020000106        0x1 ./Core/Src/display_contents/screens/screen_1.o
 *fill*         0x0000000020000107        0x1 
 .bss.data      0x0000000020000108       0x50 ./Core/Src/display_contents/screens/screen_1.o
 .bss.hi2c1     0x0000000020000158       0x54 ./Core/Src/main.o
                0x0000000020000158                hi2c1
 .bss.hi2c3     0x00000000200001ac       0x54 ./Core/Src/main.o
                0x00000000200001ac                hi2c3
 .bss.hspi1     0x0000000020000200       0x58 ./Core/Src/main.o
                0x0000000020000200                hspi1
 .bss.hspi2     0x0000000020000258       0x58 ./Core/Src/main.o
                0x0000000020000258                hspi2
 .bss.hspi3     0x00000000200002b0       0x58 ./Core/Src/main.o
                0x00000000200002b0                hspi3
 .bss.htim6     0x0000000020000308       0x48 ./Core/Src/main.o
                0x0000000020000308                htim6
 .bss.huart1    0x0000000020000350       0x48 ./Core/Src/main.o
                0x0000000020000350                huart1
 .bss.task      0x0000000020000398      0x2d8 ./Core/Src/main.o
                0x0000000020000398                task
 .bss.FatFsCnt  0x0000000020000670        0x1 ./Core/Src/stm32f4xx_it.o
                0x0000000020000670                FatFsCnt
 .bss.Timer1    0x0000000020000671        0x1 ./Core/Src/stm32f4xx_it.o
                0x0000000020000671                Timer1
 .bss.Timer2    0x0000000020000672        0x1 ./Core/Src/stm32f4xx_it.o
                0x0000000020000672                Timer2
 *fill*         0x0000000020000673        0x1 
 .bss.__sbrk_heap_end
                0x0000000020000674        0x4 ./Core/Src/sysmem.o
 .bss.SSD1306_Buffer
                0x0000000020000678      0x400 ./Core/Src/ssd1306/ssd1306.o
 .bss.SSD1306   0x0000000020000a78        0x6 ./Core/Src/ssd1306/ssd1306.o
 .bss.sock_io_mode
                0x0000000020000a7e        0x2 ./Core/Src/w5500_ethernet/socket.o
 .bss.sock_is_sending
                0x0000000020000a80        0x2 ./Core/Src/w5500_ethernet/socket.o
 *fill*         0x0000000020000a82        0x2 
 .bss.sock_remained_size
                0x0000000020000a84       0x10 ./Core/Src/w5500_ethernet/socket.o
 .bss.sock_pack_info
                0x0000000020000a94        0x8 ./Core/Src/w5500_ethernet/socket.o
                0x0000000020000a94                sock_pack_info
 .bss._DNS_     0x0000000020000a9c        0x4 ./Core/Src/w5500_ethernet/wizchip_conf.o
 .bss._DHCP_    0x0000000020000aa0        0x1 ./Core/Src/w5500_ethernet/wizchip_conf.o
 *fill*         0x0000000020000aa1        0x3 
 .bss.gWIZNETINFO
                0x0000000020000aa4       0x17 ./Core/Src/w5500_ethernet/wiznet_api.o
 *fill*         0x0000000020000abb        0x1 
 .bss.uwTick    0x0000000020000abc        0x4 ./Drivers/STM32F4xx_HAL_Driver/Src/stm32f4xx_hal.o
                0x0000000020000abc                uwTick
 .bss.pFlash    0x0000000020000ac0       0x20 ./Drivers/STM32F4xx_HAL_Driver/Src/stm32f4xx_hal_flash.o
                0x0000000020000ac0                pFlash
 .bss.__malloc_free_list
                0x0000000020000ae0        0x4 C:/ST/STM32CubeIDE_1.14.1/STM32CubeIDE/plugins/com.st.stm32cube.ide.mcu.externaltools.gnu-tools-for-stm32.11.3.rel1.win32_1.1.100.202309141235/tools/bin/../lib/gcc/arm-none-eabi/11.3.1/../../../../arm-none-eabi/lib/thumb/v7e-m+fp/hard\libc_nano.a(libc_a-mallocr.o)
                0x0000000020000ae0                __malloc_free_list
 .bss.__malloc_sbrk_start
                0x0000000020000ae4        0x4 C:/ST/STM32CubeIDE_1.14.1/STM32CubeIDE/plugins/com.st.stm32cube.ide.mcu.externaltools.gnu-tools-for-stm32.11.3.rel1.win32_1.1.100.202309141235/tools/bin/../lib/gcc/arm-none-eabi/11.3.1/../../../../arm-none-eabi/lib/thumb/v7e-m+fp/hard\libc_nano.a(libc_a-mallocr.o)
                0x0000000020000ae4                __malloc_sbrk_start
 .bss.__sf      0x0000000020000ae8      0x138 C:/ST/STM32CubeIDE_1.14.1/STM32CubeIDE/plugins/com.st.stm32cube.ide.mcu.externaltools.gnu-tools-for-stm32.11.3.rel1.win32_1.1.100.202309141235/tools/bin/../lib/gcc/arm-none-eabi/11.3.1/../../../../arm-none-eabi/lib/thumb/v7e-m+fp/hard\libc_nano.a(libc_a-findfp.o)
                0x0000000020000ae8                __sf
 .bss.errno     0x0000000020000c20        0x4 C:/ST/STM32CubeIDE_1.14.1/STM32CubeIDE/plugins/com.st.stm32cube.ide.mcu.externaltools.gnu-tools-for-stm32.11.3.rel1.win32_1.1.100.202309141235/tools/bin/../lib/gcc/arm-none-eabi/11.3.1/../../../../arm-none-eabi/lib/thumb/v7e-m+fp/hard\libc_nano.a(libc_a-reent.o)
                0x0000000020000c20                errno
 .bss.__lock___malloc_recursive_mutex
                0x0000000020000c24        0x1 C:/ST/STM32CubeIDE_1.14.1/STM32CubeIDE/plugins/com.st.stm32cube.ide.mcu.externaltools.gnu-tools-for-stm32.11.3.rel1.win32_1.1.100.202309141235/tools/bin/../lib/gcc/arm-none-eabi/11.3.1/../../../../arm-none-eabi/lib/thumb/v7e-m+fp/hard\libc_nano.a(libc_a-lock.o)
                0x0000000020000c24                __lock___malloc_recursive_mutex
 *(COMMON)
                0x0000000020000c28                . = ALIGN (0x4)
 *fill*         0x0000000020000c25        0x3 
                0x0000000020000c28                _ebss = .
                0x0000000020000c28                __bss_end__ = _ebss

._user_heap_stack
                0x0000000020000c28      0x600
                0x0000000020000c28                . = ALIGN (0x8)
                [!provide]                        PROVIDE (end = .)
                0x0000000020000c28                PROVIDE (_end = .)
                0x0000000020000e28                . = (. + _Min_Heap_Size)
 *fill*         0x0000000020000c28      0x200 
                0x0000000020001228                . = (. + _Min_Stack_Size)
 *fill*         0x0000000020000e28      0x400 
                0x0000000020001228                . = ALIGN (0x8)

/DISCARD/
 libc.a(*)
 libm.a(*)
 libgcc.a(*)

.ARM.attributes
                0x0000000000000000       0x30
 *(.ARM.attributes)
 .ARM.attributes
                0x0000000000000000       0x1e C:/ST/STM32CubeIDE_1.14.1/STM32CubeIDE/plugins/com.st.stm32cube.ide.mcu.externaltools.gnu-tools-for-stm32.11.3.rel1.win32_1.1.100.202309141235/tools/bin/../lib/gcc/arm-none-eabi/11.3.1/thumb/v7e-m+fp/hard/crti.o
 .ARM.attributes
                0x000000000000001e       0x34 C:/ST/STM32CubeIDE_1.14.1/STM32CubeIDE/plugins/com.st.stm32cube.ide.mcu.externaltools.gnu-tools-for-stm32.11.3.rel1.win32_1.1.100.202309141235/tools/bin/../lib/gcc/arm-none-eabi/11.3.1/thumb/v7e-m+fp/hard/crtbegin.o
 .ARM.attributes
                0x0000000000000052       0x34 ./Core/Src/adc/adc.o
 .ARM.attributes
                0x0000000000000086       0x34 ./Core/Src/adc/adc_ADS1246.o
 .ARM.attributes
                0x00000000000000ba       0x34 ./Core/Src/adc/adc_monitor.o
 .ARM.attributes
                0x00000000000000ee       0x34 ./Core/Src/adc/range_select.o
 .ARM.attributes
                0x0000000000000122       0x34 ./Core/Src/dac/dac.o
 .ARM.attributes
                0x0000000000000156       0x34 ./Core/Src/dac/dac_MCP4811_EP.o
 .ARM.attributes
                0x000000000000018a       0x34 ./Core/Src/display_contents/screens/screen.o
 .ARM.attributes
                0x00000000000001be       0x34 ./Core/Src/display_contents/screens/screen_1.o
 .ARM.attributes
                0x00000000000001f2       0x34 ./Core/Src/flash_manager/flash_data.o
 .ARM.attributes
                0x0000000000000226       0x34 ./Core/Src/general_task/general_task.o
 .ARM.attributes