Archive member included to satisfy reference by file (symbol)

C:/ST/STM32CubeIDE_1.14.1/STM32CubeIDE/plugins/com.st.stm32cube.ide.mcu.externaltools.gnu-tools-for-stm32.11.3.rel1.win32_1.1.100.202309141235/tools/bin/../lib/gcc/arm-none-eabi/11.3.1/../../../../arm-none-eabi/lib/thumb/v7e-m+fp/hard\libc_nano.a(libc_a-exit.o)
                              C:/ST/STM32CubeIDE_1.14.1/STM32CubeIDE/plugins/com.st.stm32cube.ide.mcu.externaltools.gnu-tools-for-stm32.11.3.rel1.win32_1.1.100.202309141235/tools/bin/../lib/gcc/arm-none-eabi/11.3.1/../../../../arm-none-eabi/lib/thumb/v7e-m+fp/hard/crt0.o (exit)
C:/ST/STM32CubeIDE_1.14.1/STM32CubeIDE/plugins/com.st.stm32cube.ide.mcu.externaltools.gnu-tools-for-stm32.11.3.rel1.win32_1.1.100.202309141235/tools/bin/../lib/gcc/arm-none-eabi/11.3.1/../../../../arm-none-eabi/lib/thumb/v7e-m+fp/hard\libc_nano.a(libc_a-itoa.o)
                              ./Core/Src/ssd1306/ssd1306.o (itoa)
C:/ST/STM32CubeIDE_1.14.1/STM32CubeIDE/plugins/com.st.stm32cube.ide.mcu.externaltools.gnu-tools-for-stm32.11.3.rel1.win32_1.1.100.202309141235/tools/bin/../lib/gcc/arm-none-eabi/11.3.1/../../../../arm-none-eabi/lib/thumb/v7e-m+fp/hard\libc_nano.a(libc_a-malloc.o)
                              ./Core/Src/adc/adc_AD7791.o (malloc)
C:/ST/STM32CubeIDE_1.14.1/STM32CubeIDE/plugins/com.st.stm32cube.ide.mcu.externaltools.gnu-tools-for-stm32.11.3.rel1.win32_1.1.100.202309141235/tools/bin/../lib/gcc/arm-none-eabi/11.3.1/../../../../arm-none-eabi/lib/thumb/v7e-m+fp/hard\libc_nano.a(libc_a-mallocr.o)
                              C:/ST/STM32CubeIDE_1.14.1/STM32CubeIDE/plugins/com.st.stm32cube.ide.mcu.externaltools.gnu-tools-for-stm32.11.3.rel1.win32_1.1.100.202309141235/tools/bin/../lib/gcc/arm-none-eabi/11.3.1/../../../../arm-none-eabi/lib/thumb/v7e-m+fp/hard\libc_nano.a(libc_a-malloc.o) (_malloc_r)
C:/ST/STM32CubeIDE_1.14.1/STM32CubeIDE/plugins/com.st.stm32cube.ide.mcu.externaltools.gnu-tools-for-stm32.11.3.rel1.win32_1.1.100.202309141235/tools/bin/../lib/gcc/arm-none-eabi/11.3.1/../../../../arm-none-eabi/lib/thumb/v7e-m+fp/hard\libc_nano.a(libc_a-mlock.o)
                              C:/ST/STM32CubeIDE_1.14.1/STM32CubeIDE/plugins/com.st.stm32cube.ide.mcu.externaltools.gnu-tools-for-stm32.11.3.rel1.win32_1.1.100.202309141235/tools/bin/../lib/gcc/arm-none-eabi/11.3.1/../../../../arm-none-eabi/lib/thumb/v7e-m+fp/hard\libc_nano.a(libc_a-mallocr.o) (__malloc_lock)
C:/ST/STM32CubeIDE_1.14.1/STM32CubeIDE/plugins/com.st.stm32cube.ide.mcu.externaltools.gnu-tools-for-stm32.11.3.rel1.win32_1.1.100.202309141235/tools/bin/../lib/gcc/arm-none-eabi/11.3.1/../../../../arm-none-eabi/lib/thumb/v7e-m+fp/hard\libc_nano.a(libc_a-utoa.o)
                              C:/ST/STM32CubeIDE_1.14.1/STM32CubeIDE/plugins/com.st.stm32cube.ide.mcu.externaltools.gnu-tools-for-stm32.11.3.rel1.win32_1.1.100.202309141235/tools/bin/../lib/gcc/arm-none-eabi/11.3.1/../../../../arm-none-eabi/lib/thumb/v7e-m+fp/hard\libc_nano.a(libc_a-itoa.o) (__utoa)
C:/ST/STM32CubeIDE_1.14.1/STM32CubeIDE/plugins/com.st.stm32cube.ide.mcu.externaltools.gnu-tools-for-stm32.11.3.rel1.win32_1.1.100.202309141235/tools/bin/../lib/gcc/arm-none-eabi/11.3.1/../../../../arm-none-eabi/lib/thumb/v7e-m+fp/hard\libc_nano.a(libc_a-findfp.o)
                              C:/ST/STM32CubeIDE_1.14.1/STM32CubeIDE/plugins/com.st.stm32cube.ide.mcu.externaltools.gnu-tools-for-stm32.11.3.rel1.win32_1.1.100.202309141235/tools/bin/../lib/gcc/arm-none-eabi/11.3.1/../../../../arm-none-eabi/lib/thumb/v7e-m+fp/hard\libc_nano.a(libc_a-exit.o) (__stdio_exit_handler)
C:/ST/STM32CubeIDE_1.14.1/STM32CubeIDE/plugins/com.st.stm32cube.ide.mcu.externaltools.gnu-tools-for-stm32.11.3.rel1.win32_1.1.100.202309141235/tools/bin/../lib/gcc/arm-none-eabi/11.3.1/../../../../arm-none-eabi/lib/thumb/v7e-m+fp/hard\libc_nano.a(libc_a-fwalk.o)
                              C:/ST/STM32CubeIDE_1.14.1/STM32CubeIDE/plugins/com.st.stm32cube.ide.mcu.externaltools.gnu-tools-for-stm32.11.3.rel1.win32_1.1.100.202309141235/tools/bin/../lib/gcc/arm-none-eabi/11.3.1/../../../../arm-none-eabi/lib/thumb/v7e-m+fp/hard\libc_nano.a(libc_a-findfp.o) (_fwalk_sglue)
C:/ST/STM32CubeIDE_1.14.1/STM32CubeIDE/plugins/com.st.stm32cube.ide.mcu.externaltools.gnu-tools-for-stm32.11.3.rel1.win32_1.1.100.202309141235/tools/bin/../lib/gcc/arm-none-eabi/11.3.1/../../../../arm-none-eabi/lib/thumb/v7e-m+fp/hard\libc_nano.a(libc_a-snprintf.o)
                              ./Core/Src/ssd1306/ssd1306_tests.o (snprintf)
C:/ST/STM32CubeIDE_1.14.1/STM32CubeIDE/plugins/com.st.stm32cube.ide.mcu.externaltools.gnu-tools-for-stm32.11.3.rel1.win32_1.1.100.202309141235/tools/bin/../lib/gcc/arm-none-eabi/11.3.1/../../../../arm-none-eabi/lib/thumb/v7e-m+fp/hard\libc_nano.a(libc_a-stdio.o)
[...]
Memory Configuration

Name             Origin             Length             Attributes
CCMRAM           0x0000000010000000 0x0000000000010000 xrw
RAM              0x0000000020000000 0x0000000000020000 xrw
FLASH            0x0000000008000000 0x0000000000080000 xr
*default*        0x0000000000000000 0xffffffffffffffff

Linker script and memory map

LOAD C:/ST/STM32CubeIDE_1.14.1/STM32CubeIDE/plugins/com.st.stm32cube.ide.mcu.externaltools.gnu-tools-for-stm32.11.3.rel1.win32_1.1.100.202309141235/tools/bin/../lib/gcc/arm-none-eabi/11.3.1/thumb/v7e-m+fp/hard/crti.o
LOAD C:/ST/STM32CubeIDE_1.14.1/STM32CubeIDE/plugins/com.st.stm32cube.ide.mcu.externaltools.gnu-tools-for-stm32.11.3.rel1.win32_1.1.100.202309141235/tools/bin/../lib/gcc/arm-none-eabi/11.3.1/thumb/v7e-m+fp/hard/crtbegin.o
LOAD C:/ST/STM32CubeIDE_1.14.1/STM32CubeIDE/plugins/com.st.stm32cube.ide.mcu.externaltools.gnu-tools-for-stm32.11.3.rel1.win32_1.1.100.202309141235/tools/bin/../lib/gcc/arm-none-eabi/11.3.1/../../../../arm-none-eabi/lib/thumb/v7e-m+fp/hard/crt0.o
LOAD ./Core/Src/adc/adc.o
LOAD ./Core/Src/adc/adc_AD7791.o
LOAD ./Core/Src/adc/adc_ADS1242.o
LOAD ./Core/Src/adc/adc_ADS1246.o
LOAD ./Core/Src/adc/adc_emulator.o
LOAD ./Core/Src/adc/adc_monitor.o
LOAD ./Core/Src/adc/counter.o
LOAD ./Core/Src/adc/range_select.o
LOAD ./Core/Src/dac/dac.o
LOAD ./Core/Src/dac/dac_MCP4811_EP.o
LOAD ./Core/Src/dac/dac_emulator.o
LOAD ./Core/Src/dac/mcp4822.o
LOAD ./Core/Src/display_contents/screens/screen.o
LOAD ./Core/Src/display_contents/screens/screen_1.o
LOAD ./Core/Src/display_contents/widgets/widget.o
LOAD ./Core/Src/flash_manager/flash_data.o
LOAD ./Core/Src/general_task/general_task.o
LOAD ./Core/Src/high_voltage_system/high_voltage_system.o
LOAD ./Core/Src/keyboard/button.o
LOAD ./Core/Src/keyboard/keyboard.o
LOAD ./Core/Src/main.o
LOAD ./Core/Src/stm32f4xx_hal_msp.o
LOAD ./Core/Src/stm32f4xx_it.o
LOAD ./Core/Src/syscalls.o
LOAD ./Core/Src/sysmem.o
LOAD ./Core/Src/system_stm32f4xx.o
LOAD ./Core/Src/pressure_sensor/pressure_sensor.o
LOAD ./Core/Src/ssd1306/ssd1306.o
LOAD ./Core/Src/ssd1306/ssd1306_fonts.o
LOAD ./Core/Src/ssd1306/ssd1306_tests.o
LOAD ./Core/Src/tcp_server/rx_message.o
LOAD ./Core/Src/tcp_server/tcp_input_stream.o
LOAD ./Core/Src/tcp_server/tcp_output_stream.o
LOAD ./Core/Src/tcp_server/tx_message.o
LOAD ./Core/Src/uart_rx_handler/uart_rx_handler.o
LOAD ./Core/Src/w5500_ethernet/socket.o
LOAD ./Core/Src/w5500_ethernet/w5500.o
LOAD ./Core/Src/w5500_ethernet/wizchip_conf.o
LOAD ./Core/Src/w5500_ethernet/wiznet_api.o
LOAD ./Core/Startup/startup_stm32f407vetx.o
LOAD ./Drivers/STM32F4xx_HAL_Driver/Src/stm32f4xx_hal.o
LOAD ./Drivers/STM32F4xx_HAL_Driver/Src/stm32f4xx_hal_cortex.o
LOAD ./Drivers/STM32F4xx_HAL_Driver/Src/stm32f4xx_hal_dma.o
LOAD ./Drivers/STM32F4xx_HAL_Driver/Src/stm32f4xx_hal_dma_ex.o
LOAD ./Drivers/STM32F4xx_HAL_Driver/Src/stm32f4xx_hal_exti.o
LOAD ./Drivers/STM32F4xx_HAL_Driver/Src/stm32f4xx_hal_flash.o
LOAD ./Drivers/STM32F4xx_HAL_Driver/Src/stm32f4xx_hal_flash_ex.o
LOAD ./Drivers/STM32F4xx_HAL_Driver/Src/stm32f4xx_hal_flash_ramfunc.o
LOAD ./Drivers/STM32F4xx_HAL_Driver/Src/stm32f4xx_hal_gpio.o
LOAD ./Drivers/STM32F4xx_HAL_Driver/Src/stm32f4xx_hal_i2c.o
LOAD ./Drivers/STM32F4xx_HAL_Driver/Src/stm32f4xx_hal_i2c_ex.o
LOAD ./Drivers/STM32F4xx_HAL_Driver/Src/stm32f4xx_hal_pwr.o
LOAD ./Drivers/STM32F4xx_HAL_Driver/Src/stm32f4xx_hal_pwr_ex.o
LOAD ./Drivers/STM32F4xx_HAL_Driver/Src/stm32f4xx_hal_rcc.o
LOAD ./Drivers/STM32F4xx_HAL_Driver/Src/stm32f4xx_hal_rcc_ex.o
LOAD ./Drivers/STM32F4xx_HAL_Driver/Src/stm32f4xx_hal_spi.o
LOAD ./Drivers/STM32F4xx_HAL_Driver/Src/stm32f4xx_hal_tim.o
LOAD ./Drivers/STM32F4xx_HAL_Driver/Src/stm32f4xx_hal_tim_ex.o
LOAD ./Drivers/STM32F4xx_HAL_Driver/Src/stm32f4xx_hal_uart.o
START GROUP
LOAD C:/ST/STM32CubeIDE_1.14.1/STM32CubeIDE/plugins/com.st.stm32cube.ide.mcu.externaltools.gnu-tools-for-stm32.11.3.rel1.win32_1.1.100.202309141235/tools/bin/../lib/gcc/arm-none-eabi/11.3.1/../../../../arm-none-eabi/lib/thumb/v7e-m+fp/hard\libc_nano.a
LOAD C:/ST/STM32CubeIDE_1.14.1/STM32CubeIDE/plugins/com.st.stm32cube.ide.mcu.externaltools.gnu-tools-for-stm32.11.3.rel1.win32_1.1.100.202309141235/tools/bin/../lib/gcc/arm-none-eabi/11.3.1/../../../../arm-none-eabi/lib/thumb/v7e-m+fp/hard\libm.a
END GROUP
START GROUP
LOAD C:/ST/STM32CubeIDE_1.14.1/STM32CubeIDE/plugins/com.st.stm32cube.ide.mcu.externaltools.gnu-tools-for-stm32.11.3.rel1.win32_1.1.100.202309141235/tools/bin/../lib/gcc/arm-none-eabi/11.3.1/thumb/v7e-m+fp/hard\libgcc.a
LOAD C:/ST/STM32CubeIDE_1.14.1/STM32CubeIDE/plugins/com.st.stm32cube.ide.mcu.externaltools.gnu-tools-for-stm32.11.3.rel1.win32_1.1.100.202309141235/tools/bin/../lib/gcc/arm-none-eabi/11.3.1/../../../../arm-none-eabi/lib/thumb/v7e-m+fp/hard\libc_nano.a
END GROUP
START GROUP
LOAD C:/ST/STM32CubeIDE_1.14.1/STM32CubeIDE/plugins/com.st.stm32cube.ide.mcu.externaltools.gnu-tools-for-stm32.11.3.rel1.win32_1.1.100.202309141235/tools/bin/../lib/gcc/arm-none-eabi/11.3.1/thumb/v7e-m+fp/hard\libgcc.a
LOAD C:/ST/STM32CubeIDE_1.14.1/STM32CubeIDE/plugins/com.st.stm32cube.ide.mcu.externaltools.gnu-tools-for-stm32.11.3.rel1.win32_1.1.100.202309141235/tools/bin/../lib/gcc/arm-none-eabi/11.3.1/../../../../arm-none-eabi/lib/thumb/v7e-m+fp/hard\libc_nano.a
LOAD C:/ST/STM32CubeIDE_1.14.1/STM32CubeIDE/plugins/com.st.stm32cube.ide.mcu.externaltools.gnu-tools-for-stm32.11.3.rel1.win32_1.1.100.202309141235/tools/bin/../lib/gcc/arm-none-eabi/11.3.1/../../../../arm-none-eabi/lib/thumb/v7e-m+fp/hard\libnosys.a
END GROUP
START GROUP
LOAD C:/ST/STM32CubeIDE_1.14.1/STM32CubeIDE/plugins/com.st.stm32cube.ide.mcu.externaltools.gnu-tools-for-stm32.11.3.rel1.win32_1.1.100.202309141235/tools/bin/../lib/gcc/arm-none-eabi/11.3.1/thumb/v7e-m+fp/hard\libgcc.a
LOAD C:/ST/STM32CubeIDE_1.14.1/STM32CubeIDE/plugins/com.st.stm32cube.ide.mcu.externaltools.gnu-tools-for-stm32.11.3.rel1.win32_1.1.100.202309141235/tools/bin/../lib/gcc/arm-none-eabi/11.3.1/../../../../arm-none-eabi/lib/thumb/v7e-m+fp/hard\libc_nano.a
LOAD C:/ST/STM32CubeIDE_1.14.1/STM32CubeIDE/plugins/com.st.stm32cube.ide.mcu.externaltools.gnu-tools-for-stm32.11.3.rel1.win32_1.1.100.202309141235/tools/bin/../lib/gcc/arm-none-eabi/11.3.1/../../../../arm-none-eabi/lib/thumb/v7e-m+fp/hard\libnosys.a
END GROUP
LOAD C:/ST/STM32CubeIDE_1.14.1/STM32CubeIDE/plugins/com.st.stm32cube.ide.mcu.externaltools.gnu-tools-for-stm32.11.3.rel1.win32_1.1.100.202309141235/tools/bin/../lib/gcc/arm-none-eabi/11.3.1/thumb/v7e-m+fp/hard/crtend.o
LOAD C:/ST/STM32CubeIDE_1.14.1/STM32CubeIDE/plugins/com.st.stm32cube.ide.mcu.externaltools.gnu-tools-for-stm32.11.3.rel1.win32_1.1.100.202309141235/tools/bin/../lib/gcc/arm-none-eabi/11.3.1/thumb/v7e-m+fp/hard/crtn.o
                0x0000000020020000                _estack = (ORIGIN (RAM) + LENGTH (RAM))
                0x0000000000000200                _Min_Heap_Size = 0x200
                0x0000000000000400                _Min_Stack_Size = 0x400

.isr_vector     0x0000000008000000      0x188
                0x0000000008000000                . = ALIGN (0x4)
 *(.isr_vector)
 .isr_vector    0x0000000008000000      0x188 ./Core/Startup/startup_stm32f407vetx.o
                0x0000000008000000                g_pfnVectors
                0x0000000008000188                . = ALIGN (0x4)

.text           0x0000000008000188     0xa8d0
                0x0000000008000188                . = ALIGN (0x4)
 *(.text)
 .text          0x0000000008000188       0x40 C:/ST/STM32CubeIDE_1.14.1/STM32CubeIDE/plugins/com.st.stm32cube.ide.mcu.externaltools.gnu-tools-for-stm32.11.3.rel1.win32_1.1.100.202309141235/tools/bin/../lib/gcc/arm-none-eabi/11.3.1/thumb/v7e-m+fp/hard/crtbegin.o
 .text          0x00000000080001c8      0x378 C:/ST/STM32CubeIDE_1.14.1/STM32CubeIDE/plugins/com.st.stm32cube.ide.mcu.externaltools.gnu-tools-for-stm32.11.3.rel1.win32_1.1.100.202309141235/tools/bin/../lib/gcc/arm-none-eabi/11.3.1/thumb/v7e-m+fp/hard\libgcc.a(_arm_addsubdf3.o)
                0x00000000080001c8                __aeabi_drsub
                0x00000000080001d0                __aeabi_dsub
                0x00000000080001d0                __subdf3
                0x00000000080001d4                __aeabi_dadd
                0x00000000080001d4                __adddf3
                0x000000000800044c                __floatunsidf
                0x000000000800044c                __aeabi_ui2d
                0x000000000800046c                __floatsidf
                0x000000000800046c                __aeabi_i2d
                0x0000000008000490                __aeabi_f2d
                0x0000000008000490                __extendsfdf2
                0x00000000080004d4                __floatundidf
                0x00000000080004d4                __aeabi_ul2d
                0x00000000080004e4                __floatdidf
                0x00000000080004e4                __aeabi_l2d
 .text          0x0000000008000540      0x424 C:/ST/STM32CubeIDE_1.14.1/STM32CubeIDE/plugins/com.st.stm32cube.ide.mcu.externaltools.gnu-tools-for-stm32.11.3.rel1.win32_1.1.100.202309141235/tools/bin/../lib/gcc/arm-none-eabi/11.3.1/thumb/v7e-m+fp/hard\libgcc.a(_arm_muldivdf3.o)
                0x0000000008000540                __aeabi_dmul
                0x0000000008000540                __muldf3
                0x0000000008000794                __divdf3
                0x0000000008000794                __aeabi_ddiv
 .text          0x0000000008000964      0x110 C:/ST/STM32CubeIDE_1.14.1/STM32CubeIDE/plugins/com.st.stm32cube.ide.mcu.externaltools.gnu-tools-for-stm32.11.3.rel1.win32_1.1.100.202309141235/tools/bin/../lib/gcc/arm-none-eabi/11.3.1/thumb/v7e-m+fp/hard\libgcc.a(_arm_cmpdf2.o)
                0x0000000008000964                __gtdf2
                0x0000000008000964                __gedf2
                0x000000000800096c                __ltdf2
                0x000000000800096c                __ledf2
                0x0000000008000974                __nedf2
                0x0000000008000974                __eqdf2
                0x0000000008000974                __cmpdf2
                0x00000000080009f0                __aeabi_cdrcmple
                0x0000000008000a00                __aeabi_cdcmpeq
                0x0000000008000a00                __aeabi_cdcmple
                0x0000000008000a10                __aeabi_dcmpeq
                0x0000000008000a24                __aeabi_dcmplt
                0x0000000008000a38                __aeabi_dcmple
                0x0000000008000a4c                __aeabi_dcmpge
                0x0000000008000a60                __aeabi_dcmpgt
 .text          0x0000000008000a74       0x2c C:/ST/STM32CubeIDE_1.14.1/STM32CubeIDE/plugins/com.st.stm32cube.ide.mcu.externaltools.gnu-tools-for-stm32.11.3.rel1.win32_1.1.100.202309141235/tools/bin/../lib/gcc/arm-none-eabi/11.3.1/thumb/v7e-m+fp/hard\libgcc.a(_arm_unorddf2.o)
                0x0000000008000a74                __unorddf2
                0x0000000008000a74                __aeabi_dcmpun
 .text          0x0000000008000aa0       0x50 C:/ST/STM32CubeIDE_1.14.1/STM32CubeIDE/plugins/com.st.stm32cube.ide.mcu.externaltools.gnu-tools-for-stm32.11.3.rel1.win32_1.1.100.202309141235/tools/bin/../lib/gcc/arm-none-eabi/11.3.1/thumb/v7e-m+fp/hard\libgcc.a(_arm_fixdfsi.o)
                0x0000000008000aa0                __aeabi_d2iz
                0x0000000008000aa0                __fixdfsi
 .text          0x0000000008000af0       0x40 C:/ST/STM32CubeIDE_1.14.1/STM32CubeIDE/plugins/com.st.stm32cube.ide.mcu.externaltools.gnu-tools-for-stm32.11.3.rel1.win32_1.1.100.202309141235/tools/bin/../lib/gcc/arm-none-eabi/11.3.1/thumb/v7e-m+fp/hard\libgcc.a(_arm_fixunsdfsi.o)
                0x0000000008000af0                __aeabi_d2uiz
                0x0000000008000af0                __fixunsdfsi
 .text          0x0000000008000b30       0x30 C:/ST/STM32CubeIDE_1.14.1/STM32CubeIDE/plugins/com.st.stm32cube.ide.mcu.externaltools.gnu-tools-for-stm32.11.3.rel1.win32_1.1.100.202309141235/tools/bin/../lib/gcc/arm-none-eabi/11.3.1/thumb/v7e-m+fp/hard\libgcc.a(_aeabi_uldivmod.o)
                0x0000000008000b30                __aeabi_uldivmod
 .text          0x0000000008000b60      0x2c8 C:/ST/STM32CubeIDE_1.14.1/STM32CubeIDE/plugins/com.st.stm32cube.ide.mcu.externaltools.gnu-tools-for-stm32.11.3.rel1.win32_1.1.100.202309141235/tools/bin/../lib/gcc/arm-none-eabi/11.3.1/thumb/v7e-m+fp/hard\libgcc.a(_udivmoddi4.o)
                0x0000000008000b60                __udivmoddi4
 .text          0x0000000008000e28        0x4 C:/ST/STM32CubeIDE_1.14.1/STM32CubeIDE/plugins/com.st.stm32cube.ide.mcu.externaltools.gnu-tools-for-stm32.11.3.rel1.win32_1.1.100.202309141235/tools/bin/../lib/gcc/arm-none-eabi/11.3.1/thumb/v7e-m+fp/hard\libgcc.a(_dvmd_tls.o)
                0x0000000008000e28                __aeabi_idiv0
                0x0000000008000e28                __aeabi_ldiv0
 *(.text*)
 .text.adc_init
                0x0000000008000e2c       0x1a ./Core/Src/adc/adc.o
                0x0000000008000e2c                adc_init
 .text.adc_update
                0x0000000008000e46       0x1e ./Core/Src/adc/adc.o
                0x0000000008000e46                adc_update
 .text.adc_get_cnt
                0x0000000008000e64       0x1c ./Core/Src/adc/adc.o
                0x0000000008000e64                adc_get_cnt
 .text.adc_get_vout
                0x0000000008000e80       0x28 ./Core/Src/adc/adc.o
                0x0000000008000e80                adc_get_vout
 .text.init     0x0000000008000ea8       0x16 ./Core/Src/adc/adc_ADS1246.o
 *fill*         0x0000000008000ebe        0x2 
 .text.update   0x0000000008000ec0      0x254 ./Core/Src/adc/adc_ADS1246.o
 .text.get_cnt  0x0000000008001114       0x1a ./Core/Src/adc/adc_ADS1246.o
 .text.get_vout
                0x000000000800112e       0x60 ./Core/Src/adc/adc_ADS1246.o
 *fill*         0x000000000800118e        0x2 
 .text.adc_ADS1246_create
                0x0000000008001190      0x104 ./Core/Src/adc/adc_ADS1246.o
                0x0000000008001190                adc_ADS1246_create
 .text.spi_select
                0x0000000008001294       0x24 ./Core/Src/adc/adc_ADS1246.o
 .text.spi_deselect
                0x00000000080012b8       0x24 ./Core/Src/adc/adc_ADS1246.o
 .text.spi_hw_command
                0x00000000080012dc       0x3a ./Core/Src/adc/adc_ADS1246.o
 .text.check_negative_24_to_32
                0x0000000008001316       0x2e ./Core/Src/adc/adc_ADS1246.o
 .text.adc_monitor_init
                0x0000000008001344       0x3e ./Core/Src/adc/adc_monitor.o
                0x0000000008001344                adc_monitor_init
 *fill*         0x0000000008001382        0x2 
 .text.adc_monitor_update
                0x0000000008001384      0x114 ./Core/Src/adc/adc_monitor.o
                0x0000000008001384                adc_monitor_update
 .text.adc_monitor_start_measurement
                0x0000000008001498       0x44 ./Core/Src/adc/adc_monitor.o
                0x0000000008001498                adc_monitor_start_measurement
 .text.adc_monitor_reset_measurement
                0x00000000080014dc       0x2e ./Core/Src/adc/adc_monitor.o
                0x00000000080014dc                adc_monitor_reset_measurement
 .text.adc_monitor_get_average_value
                0x000000000800150a       0x18 ./Core/Src/adc/adc_monitor.o
                0x000000000800150a                adc_monitor_get_average_value
 .text.adc_monitor_get_measurement_cycle_no
                0x0000000008001522       0x18 ./Core/Src/adc/adc_monitor.o
                0x0000000008001522                adc_monitor_get_measurement_cycle_no
 .text.adc_monitor_get_measurement_state
                0x000000000800153a       0x1a ./Core/Src/adc/adc_monitor.o
                0x000000000800153a                adc_monitor_get_measurement_state
 .text.set_adc_dose_range_select_pin
                0x0000000008001554       0x2c ./Core/Src/adc/range_select.o
                0x0000000008001554                set_adc_dose_range_select_pin
 .text.select_broad_adc_dose_range
                0x0000000008001580       0x2c ./Core/Src/adc/range_select.o
                0x0000000008001580                select_broad_adc_dose_range
 .text.select_narrow_adc_dose_range
                0x00000000080015ac       0x2c ./Core/Src/adc/range_select.o
                0x00000000080015ac                select_narrow_adc_dose_range
 .text.get_current_adc_dose_range
                0x00000000080015d8       0x30 ./Core/Src/adc/range_select.o
                0x00000000080015d8                get_current_adc_dose_range
 .text.mcp4822_init
                0x0000000008001608       0xa8 ./Core/Src/dac/mcp4822.o
                0x0000000008001608                mcp4822_init
 .text.mcp4822_set_input_value
                0x00000000080016b0       0x28 ./Core/Src/dac/mcp4822.o
                0x00000000080016b0                mcp4822_set_input_value
 .text.mcp4822_get_max_input_value
                0x00000000080016d8       0x18 ./Core/Src/dac/mcp4822.o
                0x00000000080016d8                mcp4822_get_max_input_value
 .text.mcp4822_get_reference_voltage
                0x00000000080016f0       0x24 ./Core/Src/dac/mcp4822.o
                0x00000000080016f0                mcp4822_get_reference_voltage
 .text.mcp4822_transmit
                0x0000000008001714       0xc4 ./Core/Src/dac/mcp4822.o
 .text.spi_select
                0x00000000080017d8       0x28 ./Core/Src/dac/mcp4822.o
 .text.spi_deselect
                0x0000000008001800       0x28 ./Core/Src/dac/mcp4822.o
 .text.spi_hw_command
                0x0000000008001828       0x3c ./Core/Src/dac/mcp4822.o
 .text.screen_init
                0x0000000008001864       0x1a ./Core/Src/display_contents/screens/screen.o
                0x0000000008001864                screen_init
 .text.screen_draw
                0x000000000800187e       0x1a ./Core/Src/display_contents/screens/screen.o
                0x000000000800187e                screen_draw
 .text.init_    0x0000000008001898       0x60 ./Core/Src/display_contents/screens/screen_1.o
 .text.update_  0x00000000080018f8      0x24c ./Core/Src/display_contents/screens/screen_1.o
 .text.draw_    0x0000000008001b44      0x118 ./Core/Src/display_contents/screens/screen_1.o
 .text.reg_keyboard_cbs_
                0x0000000008001c5c       0x1e ./Core/Src/display_contents/screens/screen_1.o
 *fill*         0x0000000008001c7a        0x2 
 .text.screen_1_instance
                0x0000000008001c7c       0x28 ./Core/Src/display_contents/screens/screen_1.o
                0x0000000008001c7c                screen_1_instance
 .text.flash_data_erase_sector
                0x0000000008001ca4       0x4c ./Core/Src/flash_manager/flash_data.o
 .text.flash_data_write
                0x0000000008001cf0       0x78 ./Core/Src/flash_manager/flash_data.o
                0x0000000008001cf0                flash_data_write
 .text.flash_data_read
                0x0000000008001d68       0x60 ./Core/Src/flash_manager/flash_data.o
                0x0000000008001d68                flash_data_read
 .text.general_task_init
                0x0000000008001dc8      0x4a0 ./Core/Src/general_task/general_task.o
                0x0000000008001dc8                general_task_init
 .text.general_task_setup
                0x0000000008002268       0x58 ./Core/Src/general_task/general_task.o
                0x0000000008002268                general_task_setup
 .text.general_task_loop
                0x00000000080022c0      0x15a ./Core/Src/general_task/general_task.o
                0x00000000080022c0                general_task_loop
 .text.general_task_timer_interrupt
                0x000000000800241a       0xd2 ./Core/Src/general_task/general_task.o
                0x000000000800241a                general_task_timer_interrupt
 .text.general_task_uart_recv_callback
                0x00000000080024ec       0x48 ./Core/Src/general_task/general_task.o
                0x00000000080024ec                general_task_uart_recv_callback
 .text.general_task_switch_screen
                0x0000000008002534       0x20 ./Core/Src/general_task/general_task.o
                0x0000000008002534                general_task_switch_screen
 *fill*         0x0000000008002554        0x4 
 .text.hv_init  0x0000000008002558       0x88 ./Core/Src/high_voltage_system/high_voltage_system.o
                0x0000000008002558                hv_init
 .text.hv_select_negative_source
                0x00000000080025e0       0x22 ./Core/Src/high_voltage_system/high_voltage_system.o
                0x00000000080025e0                hv_select_negative_source
 .text.hv_select_positive_source
                0x0000000008002602       0x22 ./Core/Src/high_voltage_system/high_voltage_system.o
                0x0000000008002602                hv_select_positive_source
 .text.hv_get_source_polarity
                0x0000000008002624       0x24 ./Core/Src/high_voltage_system/high_voltage_system.o
                0x0000000008002624                hv_get_source_polarity
 .text.hv_set_abs_output_voltage_V
                0x0000000008002648       0xd0 ./Core/Src/high_voltage_system/high_voltage_system.o
                0x0000000008002648                hv_set_abs_output_voltage_V
 .text.hv_get_output_voltage_V
                0x0000000008002718       0x4a ./Core/Src/high_voltage_system/high_voltage_system.o
                0x0000000008002718                hv_get_output_voltage_V
 .text.hv_set_output_voltage_adc_offset
                0x0000000008002762       0x22 ./Core/Src/high_voltage_system/high_voltage_system.o
                0x0000000008002762                hv_set_output_voltage_adc_offset
 .text.empty_cb_
                0x0000000008002784        0xe ./Core/Src/keyboard/button.o
 *fill*         0x0000000008002792        0x2 
 .text.button_reset_cbs
                0x0000000008002794       0x2c ./Core/Src/keyboard/button.o
                0x0000000008002794                button_reset_cbs
 .text.keyboard_reset_cbs
                0x00000000080027c0       0x4a ./Core/Src/keyboard/keyboard.o
                0x00000000080027c0                keyboard_reset_cbs
 *fill*         0x000000000800280a        0x2 
 .text.HAL_UART_RxCpltCallback
                0x000000000800280c       0x28 ./Core/Src/main.o
                0x000000000800280c                HAL_UART_RxCpltCallback
 .text.main     0x0000000008002834       0x60 ./Core/Src/main.o
                0x0000000008002834                main
 .text.SystemClock_Config
                0x0000000008002894       0xd4 ./Core/Src/main.o
                0x0000000008002894                SystemClock_Config
 .text.MX_I2C1_Init
                0x0000000008002968       0x5c ./Core/Src/main.o
 .text.MX_I2C3_Init
                0x00000000080029c4       0x5c ./Core/Src/main.o
 .text.MX_SPI1_Init
                0x0000000008002a20       0x6c ./Core/Src/main.o
 .text.MX_SPI2_Init
                0x0000000008002a8c       0x6c ./Core/Src/main.o
 .text.MX_SPI3_Init
                0x0000000008002af8       0x6c ./Core/Src/main.o
 .text.MX_TIM6_Init
                0x0000000008002b64       0x68 ./Core/Src/main.o
 .text.MX_USART1_UART_Init
                0x0000000008002bcc       0x54 ./Core/Src/main.o
 .text.MX_GPIO_Init
                0x0000000008002c20      0x1e4 ./Core/Src/main.o
 .text.HAL_TIM_PeriodElapsedCallback
                0x0000000008002e04       0x48 ./Core/Src/main.o
                0x0000000008002e04                HAL_TIM_PeriodElapsedCallback
 .text.Error_Handler
                0x0000000008002e4c        0xa ./Core/Src/main.o
                0x0000000008002e4c                Error_Handler
 *fill*         0x0000000008002e56        0x2 
 .text.HAL_MspInit
                0x0000000008002e58       0x50 ./Core/Src/stm32f4xx_hal_msp.o
                0x0000000008002e58                HAL_MspInit
 .text.HAL_I2C_MspInit
                0x0000000008002ea8      0x140 ./Core/Src/stm32f4xx_hal_msp.o
                0x0000000008002ea8                HAL_I2C_MspInit
 .text.HAL_SPI_MspInit
                0x0000000008002fe8      0x16c ./Core/Src/stm32f4xx_hal_msp.o
                0x0000000008002fe8                HAL_SPI_MspInit
 .text.HAL_TIM_Base_MspInit
                0x0000000008003154       0x50 ./Core/Src/stm32f4xx_hal_msp.o
                0x0000000008003154                HAL_TIM_Base_MspInit
 .text.HAL_UART_MspInit
                0x00000000080031a4       0xa0 ./Core/Src/stm32f4xx_hal_msp.o
                0x00000000080031a4                HAL_UART_MspInit
 .text.SDTimer_Handler
                0x0000000008003244       0x48 ./Core/Src/stm32f4xx_it.o
                0x0000000008003244                SDTimer_Handler
 .text.NMI_Handler
                0x000000000800328c        0x6 ./Core/Src/stm32f4xx_it.o
                0x000000000800328c                NMI_Handler
 .text.HardFault_Handler
                0x0000000008003292        0x6 ./Core/Src/stm32f4xx_it.o
                0x0000000008003292                HardFault_Handler
 .text.MemManage_Handler
                0x0000000008003298        0x6 ./Core/Src/stm32f4xx_it.o
                0x0000000008003298                MemManage_Handler
 .text.BusFault_Handler
                0x000000000800329e        0x6 ./Core/Src/stm32f4xx_it.o
                0x000000000800329e                BusFault_Handler
 .text.UsageFault_Handler
                0x00000000080032a4        0x6 ./Core/Src/stm32f4xx_it.o
                0x00000000080032a4                UsageFault_Handler
 .text.SVC_Handler
                0x00000000080032aa        0xe ./Core/Src/stm32f4xx_it.o
                0x00000000080032aa                SVC_Handler
 .text.DebugMon_Handler
                0x00000000080032b8        0xe ./Core/Src/stm32f4xx_it.o
                0x00000000080032b8                DebugMon_Handler
 .text.PendSV_Handler
                0x00000000080032c6        0xe ./Core/Src/stm32f4xx_it.o
                0x00000000080032c6                PendSV_Handler
 .text.SysTick_Handler
                0x00000000080032d4       0x34 ./Core/Src/stm32f4xx_it.o
                0x00000000080032d4                SysTick_Handler
 .text.USART1_IRQHandler
                0x0000000008003308       0x14 ./Core/Src/stm32f4xx_it.o
                0x0000000008003308                USART1_IRQHandler
 .text.TIM6_DAC_IRQHandler
                0x000000000800331c       0x14 ./Core/Src/stm32f4xx_it.o
                0x000000000800331c                TIM6_DAC_IRQHandler
 .text._sbrk    0x0000000008003330       0x6c ./Core/Src/sysmem.o
                0x0000000008003330                _sbrk
 .text.SystemInit
                0x000000000800339c       0x24 ./Core/Src/system_stm32f4xx.o
                0x000000000800339c                SystemInit
 .text.pressure_sensor_init
                0x00000000080033c0       0x3a ./Core/Src/pressure_sensor/pressure_sensor.o
                0x00000000080033c0                pressure_sensor_init
 .text.pressure_sensor_get_kPa
                0x00000000080033fa       0x68 ./Core/Src/pressure_sensor/pressure_sensor.o
                0x00000000080033fa                pressure_sensor_get_kPa
 *fill*         0x0000000008003462        0x2 
 .text.ssd1306_WriteCommand
                0x0000000008003464       0x30 ./Core/Src/ssd1306/ssd1306.o
                0x0000000008003464                ssd1306_WriteCommand
 .text.ssd1306_WriteData
                0x0000000008003494       0x34 ./Core/Src/ssd1306/ssd1306.o
                0x0000000008003494                ssd1306_WriteData
 .text.ssd1306_Fill
                0x00000000080034c8       0x30 ./Core/Src/ssd1306/ssd1306.o
                0x00000000080034c8                ssd1306_Fill
 .text.ssd1306_UpdateScreen
                0x00000000080034f8       0x50 ./Core/Src/ssd1306/ssd1306.o
                0x00000000080034f8                ssd1306_UpdateScreen
 .text.ssd1306_DrawPixel
                0x0000000008003548       0xa8 ./Core/Src/ssd1306/ssd1306.o
                0x0000000008003548                ssd1306_DrawPixel
 .text.ssd1306_WriteChar
                0x00000000080035f0      0x124 ./Core/Src/ssd1306/ssd1306.o
                0x00000000080035f0                ssd1306_WriteChar
 .text.ssd1306_WriteString
                0x0000000008003714       0x4c ./Core/Src/ssd1306/ssd1306.o
                0x0000000008003714                ssd1306_WriteString
 .text.ssd1306_SetCursor
                0x0000000008003760       0x30 ./Core/Src/ssd1306/ssd1306.o
                0x0000000008003760                ssd1306_SetCursor
 .text.ssd1306_WriteInt
                0x0000000008003790       0xf8 ./Core/Src/ssd1306/ssd1306.o
                0x0000000008003790                ssd1306_WriteInt
 .text.rx_message_run_command
                0x0000000008003888       0xbc ./Core/Src/tcp_server/rx_message.o
                0x0000000008003888                rx_message_run_command
 .text.tcp_input_stream_init
                0x0000000008003944       0x88 ./Core/Src/tcp_server/tcp_input_stream.o
                0x0000000008003944                tcp_input_stream_init
 .text.tcp_input_stream_routine
                0x00000000080039cc       0x88 ./Core/Src/tcp_server/tcp_input_stream.o
                0x00000000080039cc                tcp_input_stream_routine
 .text.tcp_input_stream_enable_handler
                0x0000000008003a54       0x1c ./Core/Src/tcp_server/tcp_input_stream.o
                0x0000000008003a54                tcp_input_stream_enable_handler
 .text.tcp_input_stream_open_socket
                0x0000000008003a70       0x30 ./Core/Src/tcp_server/tcp_input_stream.o
 .text.tcp_input_stream_listen_socket
                0x0000000008003aa0       0x26 ./Core/Src/tcp_server/tcp_input_stream.o
 .text.tcp_input_stream_receive
                0x0000000008003ac6       0xc8 ./Core/Src/tcp_server/tcp_input_stream.o
 .text.tcp_input_stream_close_socket
                0x0000000008003b8e       0x2a ./Core/Src/tcp_server/tcp_input_stream.o
                0x0000000008003b8e                tcp_input_stream_close_socket
 .text.tcp_input_stream_reboot_ethernet
                0x0000000008003bb8       0x44 ./Core/Src/tcp_server/tcp_input_stream.o
 .text.tcp_output_stream_init
                0x0000000008003bfc       0x6c ./Core/Src/tcp_server/tcp_output_stream.o
                0x0000000008003bfc                tcp_output_stream_init
 .text.tcp_output_stream_set_message
                0x0000000008003c68       0x5a ./Core/Src/tcp_server/tcp_output_stream.o
                0x0000000008003c68                tcp_output_stream_set_message
 .text.tcp_output_stream_routine
                0x0000000008003cc2       0x90 ./Core/Src/tcp_server/tcp_output_stream.o
                0x0000000008003cc2                tcp_output_stream_routine
 .text.tcp_output_stream_open_socket
                0x0000000008003d52       0x32 ./Core/Src/tcp_server/tcp_output_stream.o
 .text.tcp_output_stream_listen_socket
                0x0000000008003d84       0x26 ./Core/Src/tcp_server/tcp_output_stream.o
 .text.tcp_output_stream_send
                0x0000000008003daa       0x28 ./Core/Src/tcp_server/tcp_output_stream.o
 .text.tcp_output_stream_close_socket
                0x0000000008003dd2       0x1e ./Core/Src/tcp_server/tcp_output_stream.o
                0x0000000008003dd2                tcp_output_stream_close_socket
 .text.tcp_output_stream_reboot_socket
                0x0000000008003df0       0x54 ./Core/Src/tcp_server/tcp_output_stream.o
 .text.tx_message_increase_id
                0x0000000008003e44       0x26 ./Core/Src/tcp_server/tx_message.o
                0x0000000008003e44                tx_message_increase_id
 .text.tx_message_set_adc_dr_cnt
                0x0000000008003e6a       0x1e ./Core/Src/tcp_server/tx_message.o
                0x0000000008003e6a                tx_message_set_adc_dr_cnt
 .text.tx_message_set_adc_dr_average_cnt
                0x0000000008003e88       0x1e ./Core/Src/tcp_server/tx_message.o
                0x0000000008003e88                tx_message_set_adc_dr_average_cnt
 .text.tx_message_set_hv_out_V
                0x0000000008003ea6       0x20 ./Core/Src/tcp_server/tx_message.o
                0x0000000008003ea6                tx_message_set_hv_out_V
 .text.tx_message_set_hv_polarity
                0x0000000008003ec6       0x20 ./Core/Src/tcp_server/tx_message.o
                0x0000000008003ec6                tx_message_set_hv_polarity
 .text.tx_message_set_range
                0x0000000008003ee6       0x20 ./Core/Src/tcp_server/tx_message.o
                0x0000000008003ee6                tx_message_set_range
 .text.tx_message_set_press_out_kPa
                0x0000000008003f06       0x1e ./Core/Src/tcp_server/tx_message.o
                0x0000000008003f06                tx_message_set_press_out_kPa
 .text.tx_message_set_adc_dr_measure_state
                0x0000000008003f24       0x20 ./Core/Src/tcp_server/tx_message.o
                0x0000000008003f24                tx_message_set_adc_dr_measure_state
 .text.tx_message_set_adc_dr_measure_time
                0x0000000008003f44       0x20 ./Core/Src/tcp_server/tx_message.o
                0x0000000008003f44                tx_message_set_adc_dr_measure_time
 .text.tx_message_get
                0x0000000008003f64       0x16 ./Core/Src/tcp_server/tx_message.o
                0x0000000008003f64                tx_message_get
 .text.tx_message_size
                0x0000000008003f7a       0x10 ./Core/Src/tcp_server/tx_message.o
                0x0000000008003f7a                tx_message_size
 *fill*         0x0000000008003f8a        0x2 
 .text.uart_handle_rx_message
                0x0000000008003f8c      0x12c ./Core/Src/uart_rx_handler/uart_rx_handler.o
                0x0000000008003f8c                uart_handle_rx_message
 .text.socket   0x00000000080040b8      0x228 ./Core/Src/w5500_ethernet/socket.o
                0x00000000080040b8                socket
 .text.close    0x00000000080042e0       0xdc ./Core/Src/w5500_ethernet/socket.o
                0x00000000080042e0                close
 .text.listen   0x00000000080043bc       0xb2 ./Core/Src/w5500_ethernet/socket.o
                0x00000000080043bc                listen
 *fill*         0x000000000800446e        0x2 
 .text.disconnect
                0x0000000008004470       0xec ./Core/Src/w5500_ethernet/socket.o
                0x0000000008004470                disconnect
 .text.send     0x000000000800455c      0x1f4 ./Core/Src/w5500_ethernet/socket.o
                0x000000000800455c                send
 .text.recv     0x0000000008004750      0x16c ./Core/Src/w5500_ethernet/socket.o
                0x0000000008004750                recv
 .text.WIZCHIP_READ
                0x00000000080048bc       0x98 ./Core/Src/w5500_ethernet/w5500.o
                0x00000000080048bc                WIZCHIP_READ
 .text.WIZCHIP_WRITE
                0x0000000008004954       0x9c ./Core/Src/w5500_ethernet/w5500.o
                0x0000000008004954                WIZCHIP_WRITE
 .text.WIZCHIP_READ_BUF
                0x00000000080049f0       0xc0 ./Core/Src/w5500_ethernet/w5500.o
                0x00000000080049f0                WIZCHIP_READ_BUF
 .text.WIZCHIP_WRITE_BUF
                0x0000000008004ab0       0xc0 ./Core/Src/w5500_ethernet/w5500.o
                0x0000000008004ab0                WIZCHIP_WRITE_BUF
 .text.getSn_TX_FSR
                0x0000000008004b70       0x96 ./Core/Src/w5500_ethernet/w5500.o
                0x0000000008004b70                getSn_TX_FSR
 .text.getSn_RX_RSR
                0x0000000008004c06       0x96 ./Core/Src/w5500_ethernet/w5500.o
                0x0000000008004c06                getSn_RX_RSR
 .text.wiz_send_data
                0x0000000008004c9c       0xb8 ./Core/Src/w5500_ethernet/w5500.o
                0x0000000008004c9c                wiz_send_data
 .text.wiz_recv_data
                0x0000000008004d54       0xb8 ./Core/Src/w5500_ethernet/w5500.o
                0x0000000008004d54                wiz_recv_data
 .text.wizchip_cris_enter
                0x0000000008004e0c        0xe ./Core/Src/w5500_ethernet/wizchip_conf.o
                0x0000000008004e0c                wizchip_cris_enter
 .text.wizchip_cris_exit
                0x0000000008004e1a        0xe ./Core/Src/w5500_ethernet/wizchip_conf.o
                0x0000000008004e1a                wizchip_cris_exit
 .text.wizchip_cs_select
                0x0000000008004e28        0xe ./Core/Src/w5500_ethernet/wizchip_conf.o
                0x0000000008004e28                wizchip_cs_select
 .text.wizchip_cs_deselect
                0x0000000008004e36        0xe ./Core/Src/w5500_ethernet/wizchip_conf.o
                0x0000000008004e36                wizchip_cs_deselect
 .text.wizchip_bus_readdata
                0x0000000008004e44       0x1a ./Core/Src/w5500_ethernet/wizchip_conf.o
                0x0000000008004e44                wizchip_bus_readdata
 .text.wizchip_bus_writedata
                0x0000000008004e5e       0x1e ./Core/Src/w5500_ethernet/wizchip_conf.o
                0x0000000008004e5e                wizchip_bus_writedata
 .text.wizchip_spi_readbyte
                0x0000000008004e7c       0x10 ./Core/Src/w5500_ethernet/wizchip_conf.o
                0x0000000008004e7c                wizchip_spi_readbyte
 .text.wizchip_spi_writebyte
                0x0000000008004e8c       0x16 ./Core/Src/w5500_ethernet/wizchip_conf.o
                0x0000000008004e8c                wizchip_spi_writebyte
 .text.wizchip_spi_readburst
                0x0000000008004ea2       0x18 ./Core/Src/w5500_ethernet/wizchip_conf.o
                0x0000000008004ea2                wizchip_spi_readburst
 .text.wizchip_spi_writeburst
                0x0000000008004eba       0x18 ./Core/Src/w5500_ethernet/wizchip_conf.o
                0x0000000008004eba                wizchip_spi_writeburst
 *fill*         0x0000000008004ed2        0x2 
 .text.reg_wizchip_cs_cbfunc
                0x0000000008004ed4       0x4c ./Core/Src/w5500_ethernet/wizchip_conf.o
                0x0000000008004ed4                reg_wizchip_cs_cbfunc
 .text.reg_wizchip_spi_cbfunc
                0x0000000008004f20       0x58 ./Core/Src/w5500_ethernet/wizchip_conf.o
                0x0000000008004f20                reg_wizchip_spi_cbfunc
 .text.reg_wizchip_spiburst_cbfunc
                0x0000000008004f78       0x58 ./Core/Src/w5500_ethernet/wizchip_conf.o
                0x0000000008004f78                reg_wizchip_spiburst_cbfunc
 .text.ctlnetwork
                0x0000000008004fd0       0x7c ./Core/Src/w5500_ethernet/wizchip_conf.o
                0x0000000008004fd0                ctlnetwork
 .text.wizchip_sw_reset
                0x000000000800504c       0x98 ./Core/Src/w5500_ethernet/wizchip_conf.o
                0x000000000800504c                wizchip_sw_reset
 .text.wizchip_init
                0x00000000080050e4      0x118 ./Core/Src/w5500_ethernet/wizchip_conf.o
                0x00000000080050e4                wizchip_init
 .text.wizchip_setnetinfo
                0x00000000080051fc       0x80 ./Core/Src/w5500_ethernet/wizchip_conf.o
                0x00000000080051fc                wizchip_setnetinfo
 .text.wizchip_getnetinfo
                0x000000000800527c       0x80 ./Core/Src/w5500_ethernet/wizchip_conf.o
                0x000000000800527c                wizchip_getnetinfo
 .text.wizchip_setnetmode
                0x00000000080052fc       0x44 ./Core/Src/w5500_ethernet/wizchip_conf.o
                0x00000000080052fc                wizchip_setnetmode
 .text.wizchip_getnetmode
                0x0000000008005340       0x10 ./Core/Src/w5500_ethernet/wizchip_conf.o
                0x0000000008005340                wizchip_getnetmode
 .text.wizchip_settimeout
                0x0000000008005350       0x42 ./Core/Src/w5500_ethernet/wizchip_conf.o
                0x0000000008005350                wizchip_settimeout
 .text.wizchip_gettimeout
                0x0000000008005392       0x44 ./Core/Src/w5500_ethernet/wizchip_conf.o
                0x0000000008005392                wizchip_gettimeout
 *fill*         0x00000000080053d6        0x2 
 .text.W5500_Select
                0x00000000080053d8       0x18 ./Core/Src/w5500_ethernet/wiznet_api.o
                0x00000000080053d8                W5500_Select
 .text.W5500_Deselect
                0x00000000080053f0       0x18 ./Core/Src/w5500_ethernet/wiznet_api.o
                0x00000000080053f0                W5500_Deselect
 .text.W5500_ReadBuff
                0x0000000008005408       0x28 ./Core/Src/w5500_ethernet/wiznet_api.o
                0x0000000008005408                W5500_ReadBuff
 .text.W5500_WriteBuff
                0x0000000008005430       0x28 ./Core/Src/w5500_ethernet/wiznet_api.o
                0x0000000008005430                W5500_WriteBuff
 .text.W5500_ReadByte
                0x0000000008005458       0x1a ./Core/Src/w5500_ethernet/wiznet_api.o
                0x0000000008005458                W5500_ReadByte
 .text.W5500_WriteByte
                0x0000000008005472       0x1c ./Core/Src/w5500_ethernet/wiznet_api.o
                0x0000000008005472                W5500_WriteByte
 *fill*         0x000000000800548e        0x2 
 .text.W5500_SetAddress
                0x0000000008005490       0x38 ./Core/Src/w5500_ethernet/wiznet_api.o
                0x0000000008005490                W5500_SetAddress
 .text.W5500_Reboot
                0x00000000080054c8       0x90 ./Core/Src/w5500_ethernet/wiznet_api.o
                0x00000000080054c8                W5500_Reboot
 .text.Reset_Handler
                0x0000000008005558       0x50 ./Core/Startup/startup_stm32f407vetx.o
                0x0000000008005558                Reset_Handler
 .text.Default_Handler
                0x00000000080055a8        0x2 ./Core/Startup/startup_stm32f407vetx.o
                0x00000000080055a8                RTC_Alarm_IRQHandler
                0x00000000080055a8                HASH_RNG_IRQHandler
                0x00000000080055a8                EXTI2_IRQHandler
                0x00000000080055a8                TIM8_CC_IRQHandler
                0x00000000080055a8                TIM1_CC_IRQHandler
                0x00000000080055a8                DMA2_Stream5_IRQHandler
                0x00000000080055a8                DMA1_Stream5_IRQHandler
                0x00000000080055a8                PVD_IRQHandler
                0x00000000080055a8                SDIO_IRQHandler
                0x00000000080055a8                TAMP_STAMP_IRQHandler
                0x00000000080055a8                CAN2_RX1_IRQHandler
                0x00000000080055a8                EXTI3_IRQHandler
                0x00000000080055a8                TIM8_TRG_COM_TIM14_IRQHandler
                0x00000000080055a8                TIM1_UP_TIM10_IRQHandler
                0x00000000080055a8                TIM8_UP_TIM13_IRQHandler
                0x00000000080055a8                I2C3_ER_IRQHandler
                0x00000000080055a8                EXTI0_IRQHandler
                0x00000000080055a8                I2C2_EV_IRQHandler
                0x00000000080055a8                DMA1_Stream2_IRQHandler
                0x00000000080055a8                CAN1_RX0_IRQHandler
                0x00000000080055a8                FPU_IRQHandler
                0x00000000080055a8                OTG_HS_WKUP_IRQHandler
                0x00000000080055a8                CAN2_SCE_IRQHandler
                0x00000000080055a8                DMA2_Stream2_IRQHandler
                0x00000000080055a8                SPI1_IRQHandler
                0x00000000080055a8                TIM1_BRK_TIM9_IRQHandler
                0x00000000080055a8                DCMI_IRQHandler
                0x00000000080055a8                CAN2_RX0_IRQHandler
                0x00000000080055a8                DMA2_Stream3_IRQHandler
                0x00000000080055a8                USART6_IRQHandler
                0x00000000080055a8                USART3_IRQHandler
                0x00000000080055a8                CAN1_RX1_IRQHandler
                0x00000000080055a8                UART5_IRQHandler
                0x00000000080055a8                DMA2_Stream0_IRQHandler
                0x00000000080055a8                TIM4_IRQHandler
                0x00000000080055a8                I2C1_EV_IRQHandler
                0x00000000080055a8                DMA1_Stream6_IRQHandler
                0x00000000080055a8                DMA1_Stream1_IRQHandler
                0x00000000080055a8                UART4_IRQHandler
                0x00000000080055a8                TIM3_IRQHandler
                0x00000000080055a8                RCC_IRQHandler
                0x00000000080055a8                TIM8_BRK_TIM12_IRQHandler
                0x00000000080055a8                Default_Handler
                0x00000000080055a8                EXTI15_10_IRQHandler
                0x00000000080055a8                ADC_IRQHandler
                0x00000000080055a8                DMA1_Stream7_IRQHandler
                0x00000000080055a8                TIM7_IRQHandler
                0x00000000080055a8                CAN2_TX_IRQHandler
                0x00000000080055a8                TIM5_IRQHandler
                0x00000000080055a8                DMA2_Stream7_IRQHandler
                0x00000000080055a8                I2C3_EV_IRQHandler
                0x00000000080055a8                EXTI9_5_IRQHandler
                0x00000000080055a8                RTC_WKUP_IRQHandler
                0x00000000080055a8                ETH_WKUP_IRQHandler
                0x00000000080055a8                SPI2_IRQHandler
                0x00000000080055a8                OTG_HS_EP1_IN_IRQHandler
                0x00000000080055a8                DMA1_Stream0_IRQHandler
                0x00000000080055a8                CAN1_TX_IRQHandler
                0x00000000080055a8                EXTI4_IRQHandler
                0x00000000080055a8                FSMC_IRQHandler
                0x00000000080055a8                ETH_IRQHandler
                0x00000000080055a8                OTG_HS_EP1_OUT_IRQHandler
                0x00000000080055a8                WWDG_IRQHandler
                0x00000000080055a8                TIM2_IRQHandler
                0x00000000080055a8                OTG_FS_WKUP_IRQHandler
                0x00000000080055a8                TIM1_TRG_COM_TIM11_IRQHandler
                0x00000000080055a8                OTG_HS_IRQHandler
                0x00000000080055a8                EXTI1_IRQHandler
                0x00000000080055a8                USART2_IRQHandler
                0x00000000080055a8                I2C2_ER_IRQHandler
                0x00000000080055a8                DMA2_Stream1_IRQHandler
                0x00000000080055a8                CAN1_SCE_IRQHandler
                0x00000000080055a8                FLASH_IRQHandler
                0x00000000080055a8                DMA2_Stream4_IRQHandler
                0x00000000080055a8                OTG_FS_IRQHandler
                0x00000000080055a8                SPI3_IRQHandler
                0x00000000080055a8                DMA1_Stream4_IRQHandler
                0x00000000080055a8                I2C1_ER_IRQHandler
                0x00000000080055a8                DMA2_Stream6_IRQHandler
                0x00000000080055a8                DMA1_Stream3_IRQHandler
 *fill*         0x00000000080055aa        0x2 
 .text.HAL_Init
                0x00000000080055ac       0x44 ./Drivers/STM32F4xx_HAL_Driver/Src/stm32f4xx_hal.o
                0x00000000080055ac                HAL_Init
 .text.HAL_InitTick
                0x00000000080055f0       0x60 ./Drivers/STM32F4xx_HAL_Driver/Src/stm32f4xx_hal.o
                0x00000000080055f0                HAL_InitTick
 .text.HAL_IncTick
                0x0000000008005650       0x28 ./Drivers/STM32F4xx_HAL_Driver/Src/stm32f4xx_hal.o
                0x0000000008005650                HAL_IncTick
 .text.HAL_GetTick
                0x0000000008005678       0x18 ./Drivers/STM32F4xx_HAL_Driver/Src/stm32f4xx_hal.o
                0x0000000008005678                HAL_GetTick
 .text.HAL_Delay
                0x0000000008005690       0x48 ./Drivers/STM32F4xx_HAL_Driver/Src/stm32f4xx_hal.o
                0x0000000008005690                HAL_Delay
 .text.__NVIC_SetPriorityGrouping
                0x00000000080056d8       0x48 ./Drivers/STM32F4xx_HAL_Driver/Src/stm32f4xx_hal_cortex.o
 .text.__NVIC_GetPriorityGrouping
                0x0000000008005720       0x1c ./Drivers/STM32F4xx_HAL_Driver/Src/stm32f4xx_hal_cortex.o
 .text.__NVIC_EnableIRQ
                0x000000000800573c       0x3c ./Drivers/STM32F4xx_HAL_Driver/Src/stm32f4xx_hal_cortex.o
 .text.__NVIC_DisableIRQ
                0x0000000008005778       0x48 ./Drivers/STM32F4xx_HAL_Driver/Src/stm32f4xx_hal_cortex.o
 .text.__NVIC_SetPriority
                0x00000000080057c0       0x54 ./Drivers/STM32F4xx_HAL_Driver/Src/stm32f4xx_hal_cortex.o
 .text.NVIC_EncodePriority
                0x0000000008005814       0x66 ./Drivers/STM32F4xx_HAL_Driver/Src/stm32f4xx_hal_cortex.o
 *fill*         0x000000000800587a        0x2 
 .text.SysTick_Config
                0x000000000800587c       0x44 ./Drivers/STM32F4xx_HAL_Driver/Src/stm32f4xx_hal_cortex.o
 .text.HAL_NVIC_SetPriorityGrouping
                0x00000000080058c0       0x16 ./Drivers/STM32F4xx_HAL_Driver/Src/stm32f4xx_hal_cortex.o
                0x00000000080058c0                HAL_NVIC_SetPriorityGrouping
 .text.HAL_NVIC_SetPriority
                0x00000000080058d6       0x38 ./Drivers/STM32F4xx_HAL_Driver/Src/stm32f4xx_hal_cortex.o
                0x00000000080058d6                HAL_NVIC_SetPriority
 .text.HAL_NVIC_EnableIRQ
                0x000000000800590e       0x1c ./Drivers/STM32F4xx_HAL_Driver/Src/stm32f4xx_hal_cortex.o
                0x000000000800590e                HAL_NVIC_EnableIRQ
 .text.HAL_NVIC_DisableIRQ
                0x000000000800592a       0x1c ./Drivers/STM32F4xx_HAL_Driver/Src/stm32f4xx_hal_cortex.o
                0x000000000800592a                HAL_NVIC_DisableIRQ
 .text.HAL_SYSTICK_Config
                0x0000000008005946       0x18 ./Drivers/STM32F4xx_HAL_Driver/Src/stm32f4xx_hal_cortex.o
                0x0000000008005946                HAL_SYSTICK_Config
 .text.HAL_DMA_Abort
                0x000000000800595e       0xe0 ./Drivers/STM32F4xx_HAL_Driver/Src/stm32f4xx_hal_dma.o
                0x000000000800595e                HAL_DMA_Abort
 .text.HAL_DMA_Abort_IT
                0x0000000008005a3e       0x44 ./Drivers/STM32F4xx_HAL_Driver/Src/stm32f4xx_hal_dma.o
                0x0000000008005a3e                HAL_DMA_Abort_IT
 *fill*         0x0000000008005a82        0x2 
 .text.HAL_FLASH_Program
                0x0000000008005a84       0xa8 ./Drivers/STM32F4xx_HAL_Driver/Src/stm32f4xx_hal_flash.o
                0x0000000008005a84                HAL_FLASH_Program
 .text.HAL_FLASH_Unlock
                0x0000000008005b2c       0x44 ./Drivers/STM32F4xx_HAL_Driver/Src/stm32f4xx_hal_flash.o
                0x0000000008005b2c                HAL_FLASH_Unlock
 .text.HAL_FLASH_Lock
                0x0000000008005b70       0x20 ./Drivers/STM32F4xx_HAL_Driver/Src/stm32f4xx_hal_flash.o
                0x0000000008005b70                HAL_FLASH_Lock
 .text.FLASH_WaitForLastOperation
                0x0000000008005b90       0x80 ./Drivers/STM32F4xx_HAL_Driver/Src/stm32f4xx_hal_flash.o
                0x0000000008005b90                FLASH_WaitForLastOperation
 .text.FLASH_Program_DoubleWord
                0x0000000008005c10       0x64 ./Drivers/STM32F4xx_HAL_Driver/Src/stm32f4xx_hal_flash.o
 .text.FLASH_Program_Word
                0x0000000008005c74       0x44 ./Drivers/STM32F4xx_HAL_Driver/Src/stm32f4xx_hal_flash.o
 .text.FLASH_Program_HalfWord
                0x0000000008005cb8       0x48 ./Drivers/STM32F4xx_HAL_Driver/Src/stm32f4xx_hal_flash.o
 .text.FLASH_Program_Byte
                0x0000000008005d00       0x44 ./Drivers/STM32F4xx_HAL_Driver/Src/stm32f4xx_hal_flash.o
 .text.FLASH_SetErrorCode
                0x0000000008005d44       0xac ./Drivers/STM32F4xx_HAL_Driver/Src/stm32f4xx_hal_flash.o
 .text.HAL_FLASHEx_Erase
                0x0000000008005df0       0xe0 ./Drivers/STM32F4xx_HAL_Driver/Src/stm32f4xx_hal_flash_ex.o
                0x0000000008005df0                HAL_FLASHEx_Erase
 .text.FLASH_MassErase
                0x0000000008005ed0       0x48 ./Drivers/STM32F4xx_HAL_Driver/Src/stm32f4xx_hal_flash_ex.o
 .text.FLASH_Erase_Sector
                0x0000000008005f18       0x90 ./Drivers/STM32F4xx_HAL_Driver/Src/stm32f4xx_hal_flash_ex.o
                0x0000000008005f18                FLASH_Erase_Sector
 .text.FLASH_FlushCaches
                0x0000000008005fa8       0x8c ./Drivers/STM32F4xx_HAL_Driver/Src/stm32f4xx_hal_flash_ex.o
                0x0000000008005fa8                FLASH_FlushCaches
 .text.HAL_GPIO_Init
                0x0000000008006034      0x338 ./Drivers/STM32F4xx_HAL_Driver/Src/stm32f4xx_hal_gpio.o
                0x0000000008006034                HAL_GPIO_Init
 .text.HAL_GPIO_ReadPin
                0x000000000800636c       0x30 ./Drivers/STM32F4xx_HAL_Driver/Src/stm32f4xx_hal_gpio.o
                0x000000000800636c                HAL_GPIO_ReadPin
 .text.HAL_GPIO_WritePin
                0x000000000800639c       0x32 ./Drivers/STM32F4xx_HAL_Driver/Src/stm32f4xx_hal_gpio.o
                0x000000000800639c                HAL_GPIO_WritePin
 *fill*         0x00000000080063ce        0x2 
 .text.HAL_I2C_Init
                0x00000000080063d0      0x288 ./Drivers/STM32F4xx_HAL_Driver/Src/stm32f4xx_hal_i2c.o
                0x00000000080063d0                HAL_I2C_Init
 .text.HAL_I2C_Mem_Write
                0x0000000008006658      0x1f4 ./Drivers/STM32F4xx_HAL_Driver/Src/stm32f4xx_hal_i2c.o
                0x0000000008006658                HAL_I2C_Mem_Write
 .text.I2C_RequestMemoryWrite
                0x000000000800684c      0x12c ./Drivers/STM32F4xx_HAL_Driver/Src/stm32f4xx_hal_i2c.o
 .text.I2C_WaitOnFlagUntilTimeout
                0x0000000008006978       0xf4 ./Drivers/STM32F4xx_HAL_Driver/Src/stm32f4xx_hal_i2c.o
 .text.I2C_WaitOnMasterAddressFlagUntilTimeout
                0x0000000008006a6c      0x140 ./Drivers/STM32F4xx_HAL_Driver/Src/stm32f4xx_hal_i2c.o
 .text.I2C_WaitOnTXEFlagUntilTimeout
                0x0000000008006bac       0x90 ./Drivers/STM32F4xx_HAL_Driver/Src/stm32f4xx_hal_i2c.o
 .text.I2C_WaitOnBTFFlagUntilTimeout
                0x0000000008006c3c       0x90 ./Drivers/STM32F4xx_HAL_Driver/Src/stm32f4xx_hal_i2c.o
 .text.I2C_IsAcknowledgeFailed
                0x0000000008006ccc       0x5e ./Drivers/STM32F4xx_HAL_Driver/Src/stm32f4xx_hal_i2c.o
 *fill*         0x0000000008006d2a        0x2 
 .text.HAL_RCC_OscConfig
                0x0000000008006d2c      0x4f0 ./Drivers/STM32F4xx_HAL_Driver/Src/stm32f4xx_hal_rcc.o
                0x0000000008006d2c                HAL_RCC_OscConfig
 .text.HAL_RCC_ClockConfig
                0x000000000800721c      0x1cc ./Drivers/STM32F4xx_HAL_Driver/Src/stm32f4xx_hal_rcc.o
                0x000000000800721c                HAL_RCC_ClockConfig
 .text.HAL_RCC_GetSysClockFreq
                0x00000000080073e8      0x18c ./Drivers/STM32F4xx_HAL_Driver/Src/stm32f4xx_hal_rcc.o
                0x00000000080073e8                HAL_RCC_GetSysClockFreq
 .text.HAL_RCC_GetHCLKFreq
                0x0000000008007574       0x18 ./Drivers/STM32F4xx_HAL_Driver/Src/stm32f4xx_hal_rcc.o
                0x0000000008007574                HAL_RCC_GetHCLKFreq
 .text.HAL_RCC_GetPCLK1Freq
                0x000000000800758c       0x28 ./Drivers/STM32F4xx_HAL_Driver/Src/stm32f4xx_hal_rcc.o
                0x000000000800758c                HAL_RCC_GetPCLK1Freq
 .text.HAL_RCC_GetPCLK2Freq
                0x00000000080075b4       0x28 ./Drivers/STM32F4xx_HAL_Driver/Src/stm32f4xx_hal_rcc.o
                0x00000000080075b4                HAL_RCC_GetPCLK2Freq
 .text.HAL_SPI_Init
                0x00000000080075dc      0x112 ./Drivers/STM32F4xx_HAL_Driver/Src/stm32f4xx_hal_spi.o
                0x00000000080075dc                HAL_SPI_Init
 .text.HAL_SPI_Transmit
                0x00000000080076ee      0x286 ./Drivers/STM32F4xx_HAL_Driver/Src/stm32f4xx_hal_spi.o
                0x00000000080076ee                HAL_SPI_Transmit
 .text.HAL_SPI_Receive
                0x0000000008007974      0x230 ./Drivers/STM32F4xx_HAL_Driver/Src/stm32f4xx_hal_spi.o
                0x0000000008007974                HAL_SPI_Receive
 .text.HAL_SPI_TransmitReceive
                0x0000000008007ba4      0x360 ./Drivers/STM32F4xx_HAL_Driver/Src/stm32f4xx_hal_spi.o
                0x0000000008007ba4                HAL_SPI_TransmitReceive
 .text.HAL_SPI_GetState
                0x0000000008007f04       0x1c ./Drivers/STM32F4xx_HAL_Driver/Src/stm32f4xx_hal_spi.o
                0x0000000008007f04                HAL_SPI_GetState
 .text.SPI_WaitFlagStateUntilTimeout
                0x0000000008007f20      0x110 ./Drivers/STM32F4xx_HAL_Driver/Src/stm32f4xx_hal_spi.o
 .text.SPI_EndRxTransaction
                0x0000000008008030       0xca ./Drivers/STM32F4xx_HAL_Driver/Src/stm32f4xx_hal_spi.o
 *fill*         0x00000000080080fa        0x2 
 .text.SPI_EndRxTxTransaction
                0x00000000080080fc       0xa8 ./Drivers/STM32F4xx_HAL_Driver/Src/stm32f4xx_hal_spi.o
 .text.HAL_TIM_Base_Init
                0x00000000080081a4       0x9e ./Drivers/STM32F4xx_HAL_Driver/Src/stm32f4xx_hal_tim.o
                0x00000000080081a4                HAL_TIM_Base_Init
 *fill*         0x0000000008008242        0x2 
 .text.HAL_TIM_Base_Start_IT
                0x0000000008008244       0xe0 ./Drivers/STM32F4xx_HAL_Driver/Src/stm32f4xx_hal_tim.o
                0x0000000008008244                HAL_TIM_Base_Start_IT
 .text.HAL_TIM_IRQHandler
                0x0000000008008324      0x1e0 ./Drivers/STM32F4xx_HAL_Driver/Src/stm32f4xx_hal_tim.o
                0x0000000008008324                HAL_TIM_IRQHandler
 .text.HAL_TIM_OC_DelayElapsedCallback
                0x0000000008008504       0x14 ./Drivers/STM32F4xx_HAL_Driver/Src/stm32f4xx_hal_tim.o
                0x0000000008008504                HAL_TIM_OC_DelayElapsedCallback
 .text.HAL_TIM_IC_CaptureCallback
                0x0000000008008518       0x14 ./Drivers/STM32F4xx_HAL_Driver/Src/stm32f4xx_hal_tim.o
                0x0000000008008518                HAL_TIM_IC_CaptureCallback
 .text.HAL_TIM_PWM_PulseFinishedCallback
                0x000000000800852c       0x14 ./Drivers/STM32F4xx_HAL_Driver/Src/stm32f4xx_hal_tim.o
                0x000000000800852c                HAL_TIM_PWM_PulseFinishedCallback
 .text.HAL_TIM_TriggerCallback
                0x0000000008008540       0x14 ./Drivers/STM32F4xx_HAL_Driver/Src/stm32f4xx_hal_tim.o
                0x0000000008008540                HAL_TIM_TriggerCallback
 .text.TIM_Base_SetConfig
                0x0000000008008554      0x158 ./Drivers/STM32F4xx_HAL_Driver/Src/stm32f4xx_hal_tim.o
                0x0000000008008554                TIM_Base_SetConfig
 .text.HAL_TIMEx_MasterConfigSynchronization
                0x00000000080086ac       0xf8 ./Drivers/STM32F4xx_HAL_Driver/Src/stm32f4xx_hal_tim_ex.o
                0x00000000080086ac                HAL_TIMEx_MasterConfigSynchronization
 .text.HAL_TIMEx_CommutCallback
                0x00000000080087a4       0x14 ./Drivers/STM32F4xx_HAL_Driver/Src/stm32f4xx_hal_tim_ex.o
                0x00000000080087a4                HAL_TIMEx_CommutCallback
 .text.HAL_TIMEx_BreakCallback
                0x00000000080087b8       0x14 ./Drivers/STM32F4xx_HAL_Driver/Src/stm32f4xx_hal_tim_ex.o
                0x00000000080087b8                HAL_TIMEx_BreakCallback
 .text.HAL_UART_Init
                0x00000000080087cc       0xa0 ./Drivers/STM32F4xx_HAL_Driver/Src/stm32f4xx_hal_uart.o
                0x00000000080087cc                HAL_UART_Init
 .text.HAL_UART_Transmit
                0x000000000800886c      0x116 ./Drivers/STM32F4xx_HAL_Driver/Src/stm32f4xx_hal_uart.o
                0x000000000800886c                HAL_UART_Transmit
 .text.HAL_UART_Receive_IT
                0x0000000008008982       0x4a ./Drivers/STM32F4xx_HAL_Driver/Src/stm32f4xx_hal_uart.o
                0x0000000008008982                HAL_UART_Receive_IT
 .text.HAL_UART_IRQHandler
                0x00000000080089cc      0x524 ./Drivers/STM32F4xx_HAL_Driver/Src/stm32f4xx_hal_uart.o
                0x00000000080089cc                HAL_UART_IRQHandler
 .text.HAL_UART_TxCpltCallback
                0x0000000008008ef0       0x14 ./Drivers/STM32F4xx_HAL_Driver/Src/stm32f4xx_hal_uart.o
                0x0000000008008ef0                HAL_UART_TxCpltCallback
 .text.HAL_UART_ErrorCallback
                0x0000000008008f04       0x14 ./Drivers/STM32F4xx_HAL_Driver/Src/stm32f4xx_hal_uart.o
                0x0000000008008f04                HAL_UART_ErrorCallback
 .text.HAL_UARTEx_RxEventCallback
                0x0000000008008f18       0x18 ./Drivers/STM32F4xx_HAL_Driver/Src/stm32f4xx_hal_uart.o
                0x0000000008008f18                HAL_UARTEx_RxEventCallback
 .text.UART_WaitOnFlagUntilTimeout
                0x0000000008008f30       0xb2 ./Drivers/STM32F4xx_HAL_Driver/Src/stm32f4xx_hal_uart.o
 .text.UART_Start_Receive_IT
                0x0000000008008fe2       0x74 ./Drivers/STM32F4xx_HAL_Driver/Src/stm32f4xx_hal_uart.o
                0x0000000008008fe2                UART_Start_Receive_IT
 .text.UART_EndRxTransfer
                0x0000000008009056       0xc6 ./Drivers/STM32F4xx_HAL_Driver/Src/stm32f4xx_hal_uart.o
 .text.UART_DMAAbortOnError
                0x000000000800911c       0x28 ./Drivers/STM32F4xx_HAL_Driver/Src/stm32f4xx_hal_uart.o
 .text.UART_Transmit_IT
                0x0000000008009144       0xa0 ./Drivers/STM32F4xx_HAL_Driver/Src/stm32f4xx_hal_uart.o
 .text.UART_EndTransmit_IT
                0x00000000080091e4       0x30 ./Drivers/STM32F4xx_HAL_Driver/Src/stm32f4xx_hal_uart.o
 .text.UART_Receive_IT
                0x0000000008009214      0x17c ./Drivers/STM32F4xx_HAL_Driver/Src/stm32f4xx_hal_uart.o
 .text.UART_SetConfig
                0x0000000008009390      0x4e8 ./Drivers/STM32F4xx_HAL_Driver/Src/stm32f4xx_hal_uart.o
 .text.__itoa   0x0000000008009878       0x30 C:/ST/STM32CubeIDE_1.14.1/STM32CubeIDE/plugins/com.st.stm32cube.ide.mcu.externaltools.gnu-tools-for-stm32.11.3.rel1.win32_1.1.100.202309141235/tools/bin/../lib/gcc/arm-none-eabi/11.3.1/../../../../arm-none-eabi/lib/thumb/v7e-m+fp/hard\libc_nano.a(libc_a-itoa.o)
                0x0000000008009878                __itoa
 .text.itoa     0x00000000080098a8        0x4 C:/ST/STM32CubeIDE_1.14.1/STM32CubeIDE/plugins/com.st.stm32cube.ide.mcu.externaltools.gnu-tools-for-stm32.11.3.rel1.win32_1.1.100.202309141235/tools/bin/../lib/gcc/arm-none-eabi/11.3.1/../../../../arm-none-eabi/lib/thumb/v7e-m+fp/hard\libc_nano.a(libc_a-itoa.o)
                0x00000000080098a8                itoa
 .text.malloc   0x00000000080098ac       0x10 C:/ST/STM32CubeIDE_1.14.1/STM32CubeIDE/plugins/com.st.stm32cube.ide.mcu.externaltools.gnu-tools-for-stm32.11.3.rel1.win32_1.1.100.202309141235/tools/bin/../lib/gcc/arm-none-eabi/11.3.1/../../../../arm-none-eabi/lib/thumb/v7e-m+fp/hard\libc_nano.a(libc_a-malloc.o)
                0x00000000080098ac                malloc
 .text.sbrk_aligned
                0x00000000080098bc       0x40 C:/ST/STM32CubeIDE_1.14.1/STM32CubeIDE/plugins/com.st.stm32cube.ide.mcu.externaltools.gnu-tools-for-stm32.11.3.rel1.win32_1.1.100.202309141235/tools/bin/../lib/gcc/arm-none-eabi/11.3.1/../../../../arm-none-eabi/lib/thumb/v7e-m+fp/hard\libc_nano.a(libc_a-mallocr.o)
 .text._malloc_r
                0x00000000080098fc      0x100 C:/ST/STM32CubeIDE_1.14.1/STM32CubeIDE/plugins/com.st.stm32cube.ide.mcu.externaltools.gnu-tools-for-stm32.11.3.rel1.win32_1.1.100.202309141235/tools/bin/../lib/gcc/arm-none-eabi/11.3.1/../../../../arm-none-eabi/lib/thumb/v7e-m+fp/hard\libc_nano.a(libc_a-mallocr.o)
                0x00000000080098fc                _malloc_r
 .text.__malloc_lock
                0x00000000080099fc        0xc C:/ST/STM32CubeIDE_1.14.1/STM32CubeIDE/plugins/com.st.stm32cube.ide.mcu.externaltools.gnu-tools-for-stm32.11.3.rel1.win32_1.1.100.202309141235/tools/bin/../lib/gcc/arm-none-eabi/11.3.1/../../../../arm-none-eabi/lib/thumb/v7e-m+fp/hard\libc_nano.a(libc_a-mlock.o)
                0x00000000080099fc                __malloc_lock
 .text.__malloc_unlock
                0x0000000008009a08        0xc C:/ST/STM32CubeIDE_1.14.1/STM32CubeIDE/plugins/com.st.stm32cube.ide.mcu.externaltools.gnu-tools-for-stm32.11.3.rel1.win32_1.1.100.202309141235/tools/bin/../lib/gcc/arm-none-eabi/11.3.1/../../../../arm-none-eabi/lib/thumb/v7e-m+fp/hard\libc_nano.a(libc_a-mlock.o)
                0x0000000008009a08                __malloc_unlock
 .text.__utoa   0x0000000008009a14       0x84 C:/ST/STM32CubeIDE_1.14.1/STM32CubeIDE/plugins/com.st.stm32cube.ide.mcu.externaltools.gnu-tools-for-stm32.11.3.rel1.win32_1.1.100.202309141235/tools/bin/../lib/gcc/arm-none-eabi/11.3.1/../../../../arm-none-eabi/lib/thumb/v7e-m+fp/hard\libc_nano.a(libc_a-utoa.o)
                0x0000000008009a14                __utoa
 .text.memset   0x0000000008009a98       0x10 C:/ST/STM32CubeIDE_1.14.1/STM32CubeIDE/plugins/com.st.stm32cube.ide.mcu.externaltools.gnu-tools-for-stm32.11.3.rel1.win32_1.1.100.202309141235/tools/bin/../lib/gcc/arm-none-eabi/11.3.1/../../../../arm-none-eabi/lib/thumb/v7e-m+fp/hard\libc_nano.a(libc_a-memset.o)
                0x0000000008009a98                memset
 .text._sbrk_r  0x0000000008009aa8       0x20 C:/ST/STM32CubeIDE_1.14.1/STM32CubeIDE/plugins/com.st.stm32cube.ide.mcu.externaltools.gnu-tools-for-stm32.11.3.rel1.win32_1.1.100.202309141235/tools/bin/../lib/gcc/arm-none-eabi/11.3.1/../../../../arm-none-eabi/lib/thumb/v7e-m+fp/hard\libc_nano.a(libc_a-sbrkr.o)
                0x0000000008009aa8                _sbrk_r
 .text.__errno  0x0000000008009ac8        0xc C:/ST/STM32CubeIDE_1.14.1/STM32CubeIDE/plugins/com.st.stm32cube.ide.mcu.externaltools.gnu-tools-for-stm32.11.3.rel1.win32_1.1.100.202309141235/tools/bin/../lib/gcc/arm-none-eabi/11.3.1/../../../../arm-none-eabi/lib/thumb/v7e-m+fp/hard\libc_nano.a(libc_a-errno.o)
                0x0000000008009ac8                __errno
 .text.__libc_init_array
                0x0000000008009ad4       0x48 C:/ST/STM32CubeIDE_1.14.1/STM32CubeIDE/plugins/com.st.stm32cube.ide.mcu.externaltools.gnu-tools-for-stm32.11.3.rel1.win32_1.1.100.202309141235/tools/bin/../lib/gcc/arm-none-eabi/11.3.1/../../../../arm-none-eabi/lib/thumb/v7e-m+fp/hard\libc_nano.a(libc_a-init.o)
                0x0000000008009ad4                __libc_init_array
 .text.__retarget_lock_acquire_recursive
                0x0000000008009b1c        0x2 C:/ST/STM32CubeIDE_1.14.1/STM32CubeIDE/plugins/com.st.stm32cube.ide.mcu.externaltools.gnu-tools-for-stm32.11.3.rel1.win32_1.1.100.202309141235/tools/bin/../lib/gcc/arm-none-eabi/11.3.1/../../../../arm-none-eabi/lib/thumb/v7e-m+fp/hard\libc_nano.a(libc_a-lock.o)
                0x0000000008009b1c                __retarget_lock_acquire_recursive
 .text.__retarget_lock_release_recursive
                0x0000000008009b1e        0x2 C:/ST/STM32CubeIDE_1.14.1/STM32CubeIDE/plugins/com.st.stm32cube.ide.mcu.externaltools.gnu-tools-for-stm32.11.3.rel1.win32_1.1.100.202309141235/tools/bin/../lib/gcc/arm-none-eabi/11.3.1/../../../../arm-none-eabi/lib/thumb/v7e-m+fp/hard\libc_nano.a(libc_a-lock.o)
                0x0000000008009b1e                __retarget_lock_release_recursive
 .text.memcpy   0x0000000008009b20       0x1c C:/ST/STM32CubeIDE_1.14.1/STM32CubeIDE/plugins/com.st.stm32cube.ide.mcu.externaltools.gnu-tools-for-stm32.11.3.rel1.win32_1.1.100.202309141235/tools/bin/../lib/gcc/arm-none-eabi/11.3.1/../../../../arm-none-eabi/lib/thumb/v7e-m+fp/hard\libc_nano.a(libc_a-memcpy-stub.o)
                0x0000000008009b20                memcpy
 .text.pow      0x0000000008009b3c       0xe0 C:/ST/STM32CubeIDE_1.14.1/STM32CubeIDE/plugins/com.st.stm32cube.ide.mcu.externaltools.gnu-tools-for-stm32.11.3.rel1.win32_1.1.100.202309141235/tools/bin/../lib/gcc/arm-none-eabi/11.3.1/../../../../arm-none-eabi/lib/thumb/v7e-m+fp/hard\libm.a(libm_a-w_pow.o)
                0x0000000008009b3c                pow
 .text.finite   0x0000000008009c1c       0x16 C:/ST/STM32CubeIDE_1.14.1/STM32CubeIDE/plugins/com.st.stm32cube.ide.mcu.externaltools.gnu-tools-for-stm32.11.3.rel1.win32_1.1.100.202309141235/tools/bin/../lib/gcc/arm-none-eabi/11.3.1/../../../../arm-none-eabi/lib/thumb/v7e-m+fp/hard\libm.a(libm_a-s_finite.o)
                0x0000000008009c1c                finite
 *fill*         0x0000000008009c32        0x2 
 .text.round    0x0000000008009c34       0x90 C:/ST/STM32CubeIDE_1.14.1/STM32CubeIDE/plugins/com.st.stm32cube.ide.mcu.externaltools.gnu-tools-for-stm32.11.3.rel1.win32_1.1.100.202309141235/tools/bin/../lib/gcc/arm-none-eabi/11.3.1/../../../../arm-none-eabi/lib/thumb/v7e-m+fp/hard\libm.a(libm_a-s_round.o)
                0x0000000008009c34                round
 *fill*         0x0000000008009cc4        0x4 
 .text.__ieee754_pow
                0x0000000008009cc8      0xa54 C:/ST/STM32CubeIDE_1.14.1/STM32CubeIDE/plugins/com.st.stm32cube.ide.mcu.externaltools.gnu-tools-for-stm32.11.3.rel1.win32_1.1.100.202309141235/tools/bin/../lib/gcc/arm-none-eabi/11.3.1/../../../../arm-none-eabi/lib/thumb/v7e-m+fp/hard\libm.a(libm_a-e_pow.o)
                0x0000000008009cc8                __ieee754_pow
 .text.fabs     0x000000000800a71c       0x12 C:/ST/STM32CubeIDE_1.14.1/STM32CubeIDE/plugins/com.st.stm32cube.ide.mcu.externaltools.gnu-tools-for-stm32.11.3.rel1.win32_1.1.100.202309141235/tools/bin/../lib/gcc/arm-none-eabi/11.3.1/../../../../arm-none-eabi/lib/thumb/v7e-m+fp/hard\libm.a(libm_a-s_fabs.o)
                0x000000000800a71c                fabs
 *fill*         0x000000000800a72e        0x2 
 .text.scalbn   0x000000000800a730       0xfc C:/ST/STM32CubeIDE_1.14.1/STM32CubeIDE/plugins/com.st.stm32cube.ide.mcu.externaltools.gnu-tools-for-stm32.11.3.rel1.win32_1.1.100.202309141235/tools/bin/../lib/gcc/arm-none-eabi/11.3.1/../../../../arm-none-eabi/lib/thumb/v7e-m+fp/hard\libm.a(libm_a-s_scalbn.o)
                0x000000000800a730                scalbn
 .text.with_errno
                0x000000000800a82c       0x14 C:/ST/STM32CubeIDE_1.14.1/STM32CubeIDE/plugins/com.st.stm32cube.ide.mcu.externaltools.gnu-tools-for-stm32.11.3.rel1.win32_1.1.100.202309141235/tools/bin/../lib/gcc/arm-none-eabi/11.3.1/../../../../arm-none-eabi/lib/thumb/v7e-m+fp/hard\libm.a(libm_a-math_err.o)
 .text.xflow    0x000000000800a840       0x28 C:/ST/STM32CubeIDE_1.14.1/STM32CubeIDE/plugins/com.st.stm32cube.ide.mcu.externaltools.gnu-tools-for-stm32.11.3.rel1.win32_1.1.100.202309141235/tools/bin/../lib/gcc/arm-none-eabi/11.3.1/../../../../arm-none-eabi/lib/thumb/v7e-m+fp/hard\libm.a(libm_a-math_err.o)
 .text.__math_uflow
                0x000000000800a868       0x12 C:/ST/STM32CubeIDE_1.14.1/STM32CubeIDE/plugins/com.st.stm32cube.ide.mcu.externaltools.gnu-tools-for-stm32.11.3.rel1.win32_1.1.100.202309141235/tools/bin/../lib/gcc/arm-none-eabi/11.3.1/../../../../arm-none-eabi/lib/thumb/v7e-m+fp/hard\libm.a(libm_a-math_err.o)
                0x000000000800a868                __math_uflow
 .text.__math_oflow
                0x000000000800a87a       0x12 C:/ST/STM32CubeIDE_1.14.1/STM32CubeIDE/plugins/com.st.stm32cube.ide.mcu.externaltools.gnu-tools-for-stm32.11.3.rel1.win32_1.1.100.202309141235/tools/bin/../lib/gcc/arm-none-eabi/11.3.1/../../../../arm-none-eabi/lib/thumb/v7e-m+fp/hard\libm.a(libm_a-math_err.o)
                0x000000000800a87a                __math_oflow
 .text.__ieee754_sqrt
                0x000000000800a88c      0x1b4 C:/ST/STM32CubeIDE_1.14.1/STM32CubeIDE/plugins/com.st.stm32cube.ide.mcu.externaltools.gnu-tools-for-stm32.11.3.rel1.win32_1.1.100.202309141235/tools/bin/../lib/gcc/arm-none-eabi/11.3.1/../../../../arm-none-eabi/lib/thumb/v7e-m+fp/hard\libm.a(libm_a-e_sqrt.o)
                0x000000000800a88c                __ieee754_sqrt
 *(.glue_7)
 .glue_7        0x000000000800aa40        0x0 linker stubs
 *(.glue_7t)
 .glue_7t       0x000000000800aa40        0x0 linker stubs
 *(.eh_frame)
 .eh_frame      0x000000000800aa40        0x0 C:/ST/STM32CubeIDE_1.14.1/STM32CubeIDE/plugins/com.st.stm32cube.ide.mcu.externaltools.gnu-tools-for-stm32.11.3.rel1.win32_1.1.100.202309141235/tools/bin/../lib/gcc/arm-none-eabi/11.3.1/thumb/v7e-m+fp/hard/crtbegin.o
 *(.init)
 .init          0x000000000800aa40        0x4 C:/ST/STM32CubeIDE_1.14.1/STM32CubeIDE/plugins/com.st.stm32cube.ide.mcu.externaltools.gnu-tools-for-stm32.11.3.rel1.win32_1.1.100.202309141235/tools/bin/../lib/gcc/arm-none-eabi/11.3.1/thumb/v7e-m+fp/hard/crti.o
                0x000000000800aa40                _init
 .init          0x000000000800aa44        0x8 C:/ST/STM32CubeIDE_1.14.1/STM32CubeIDE/plugins/com.st.stm32cube.ide.mcu.externaltools.gnu-tools-for-stm32.11.3.rel1.win32_1.1.100.202309141235/tools/bin/../lib/gcc/arm-none-eabi/11.3.1/thumb/v7e-m+fp/hard/crtn.o
 *(.fini)
 .fini          0x000000000800aa4c        0x4 C:/ST/STM32CubeIDE_1.14.1/STM32CubeIDE/plugins/com.st.stm32cube.ide.mcu.externaltools.gnu-tools-for-stm32.11.3.rel1.win32_1.1.100.202309141235/tools/bin/../lib/gcc/arm-none-eabi/11.3.1/thumb/v7e-m+fp/hard/crti.o
                0x000000000800aa4c                _fini
 .fini          0x000000000800aa50        0x8 C:/ST/STM32CubeIDE_1.14.1/STM32CubeIDE/plugins/com.st.stm32cube.ide.mcu.externaltools.gnu-tools-for-stm32.11.3.rel1.win32_1.1.100.202309141235/tools/bin/../lib/gcc/arm-none-eabi/11.3.1/thumb/v7e-m+fp/hard/crtn.o
                0x000000000800aa58                . = ALIGN (0x4)
                0x000000000800aa58                _etext = .

.vfp11_veneer   0x000000000800aa58        0x0
 .vfp11_veneer  0x000000000800aa58        0x0 linker stubs

.v4_bx          0x000000000800aa58        0x0
 .v4_bx         0x000000000800aa58        0x0 linker stubs

.iplt           0x000000000800aa58        0x0
 .iplt          0x000000000800aa58        0x0 C:/ST/STM32CubeIDE_1.14.1/STM32CubeIDE/plugins/com.st.stm32cube.ide.mcu.externaltools.gnu-tools-for-stm32.11.3.rel1.win32_1.1.100.202309141235/tools/bin/../lib/gcc/arm-none-eabi/11.3.1/thumb/v7e-m+fp/hard/crtbegin.o

.rodata         0x000000000800aa58      0x838
                0x000000000800aa58                . = ALIGN (0x4)
 *(.rodata)
 .rodata        0x000000000800aa58       0x32 ./Core/Src/display_contents/screens/screen_1.o
 *fill*         0x000000000800aa8a        0x2 
 .rodata        0x000000000800aa8c       0x10 ./Core/Src/general_task/general_task.o
 .rodata        0x000000000800aa9c        0x8 ./Core/Src/w5500_ethernet/wiznet_api.o
 *(.rodata*)
 .rodata.AHBPrescTable
                0x000000000800aaa4       0x10 ./Core/Src/system_stm32f4xx.o
                0x000000000800aaa4                AHBPrescTable
 .rodata.APBPrescTable
                0x000000000800aab4        0x8 ./Core/Src/system_stm32f4xx.o
                0x000000000800aab4                APBPrescTable
 .rodata.MAX_NUMBER_LENGTH.0
                0x000000000800aabc        0x4 ./Core/Src/ssd1306/ssd1306.o
 .rodata.Font7x10
                0x000000000800aac0      0x76c ./Core/Src/ssd1306/ssd1306_fonts.o
 .rodata.Font_7x10
                0x000000000800b22c        0xc ./Core/Src/ssd1306/ssd1306_fonts.o
                0x000000000800b22c                Font_7x10
 .rodata.__utoa.str1.1
                0x000000000800b238       0x25 C:/ST/STM32CubeIDE_1.14.1/STM32CubeIDE/plugins/com.st.stm32cube.ide.mcu.externaltools.gnu-tools-for-stm32.11.3.rel1.win32_1.1.100.202309141235/tools/bin/../lib/gcc/arm-none-eabi/11.3.1/../../../../arm-none-eabi/lib/thumb/v7e-m+fp/hard\libc_nano.a(libc_a-utoa.o)
 *fill*         0x000000000800b25d        0x3 
 .rodata.bp     0x000000000800b260       0x10 C:/ST/STM32CubeIDE_1.14.1/STM32CubeIDE/plugins/com.st.stm32cube.ide.mcu.externaltools.gnu-tools-for-stm32.11.3.rel1.win32_1.1.100.202309141235/tools/bin/../lib/gcc/arm-none-eabi/11.3.1/../../../../arm-none-eabi/lib/thumb/v7e-m+fp/hard\libm.a(libm_a-e_pow.o)
 .rodata.dp_h   0x000000000800b270       0x10 C:/ST/STM32CubeIDE_1.14.1/STM32CubeIDE/plugins/com.st.stm32cube.ide.mcu.externaltools.gnu-tools-for-stm32.11.3.rel1.win32_1.1.100.202309141235/tools/bin/../lib/gcc/arm-none-eabi/11.3.1/../../../../arm-none-eabi/lib/thumb/v7e-m+fp/hard\libm.a(libm_a-e_pow.o)
 .rodata.dp_l   0x000000000800b280       0x10 C:/ST/STM32CubeIDE_1.14.1/STM32CubeIDE/plugins/com.st.stm32cube.ide.mcu.externaltools.gnu-tools-for-stm32.11.3.rel1.win32_1.1.100.202309141235/tools/bin/../lib/gcc/arm-none-eabi/11.3.1/../../../../arm-none-eabi/lib/thumb/v7e-m+fp/hard\libm.a(libm_a-e_pow.o)
                0x000000000800b290                . = ALIGN (0x4)

.ARM.extab      0x000000000800b290        0x0
                0x000000000800b290                . = ALIGN (0x4)
 *(.ARM.extab* .gnu.linkonce.armextab.*)
                0x000000000800b290                . = ALIGN (0x4)

.ARM            0x000000000800b290        0x8
                0x000000000800b290                . = ALIGN (0x4)
                0x000000000800b290                __exidx_start = .
 *(.ARM.exidx*)
 .ARM.exidx     0x000000000800b290        0x8 C:/ST/STM32CubeIDE_1.14.1/STM32CubeIDE/plugins/com.st.stm32cube.ide.mcu.externaltools.gnu-tools-for-stm32.11.3.rel1.win32_1.1.100.202309141235/tools/bin/../lib/gcc/arm-none-eabi/11.3.1/thumb/v7e-m+fp/hard\libgcc.a(_udivmoddi4.o)
                0x000000000800b298                __exidx_end = .
                0x000000000800b298                . = ALIGN (0x4)

.rel.dyn        0x000000000800b298        0x0
 .rel.iplt      0x000000000800b298        0x0 C:/ST/STM32CubeIDE_1.14.1/STM32CubeIDE/plugins/com.st.stm32cube.ide.mcu.externaltools.gnu-tools-for-stm32.11.3.rel1.win32_1.1.100.202309141235/tools/bin/../lib/gcc/arm-none-eabi/11.3.1/thumb/v7e-m+fp/hard/crtbegin.o

.preinit_array  0x000000000800b298        0x0
                0x000000000800b298                . = ALIGN (0x4)
                0x000000000800b298                PROVIDE (__preinit_array_start = .)
 *(.preinit_array*)
                0x000000000800b298                PROVIDE (__preinit_array_end = .)
                0x000000000800b298                . = ALIGN (0x4)

.init_array     0x000000000800b298        0x4
                0x000000000800b298                . = ALIGN (0x4)
                0x000000000800b298                PROVIDE (__init_array_start = .)
 *(SORT_BY_NAME(.init_array.*))
 *(.init_array*)
 .init_array    0x000000000800b298        0x4 C:/ST/STM32CubeIDE_1.14.1/STM32CubeIDE/plugins/com.st.stm32cube.ide.mcu.externaltools.gnu-tools-for-stm32.11.3.rel1.win32_1.1.100.202309141235/tools/bin/../lib/gcc/arm-none-eabi/11.3.1/thumb/v7e-m+fp/hard/crtbegin.o
                0x000000000800b29c                PROVIDE (__init_array_end = .)
                0x000000000800b29c                . = ALIGN (0x4)

.fini_array     0x000000000800b29c        0x4
                0x000000000800b29c                . = ALIGN (0x4)
                [!provide]                        PROVIDE (__fini_array_start = .)
 *(SORT_BY_NAME(.fini_array.*))
 *(.fini_array*)
 .fini_array    0x000000000800b29c        0x4 C:/ST/STM32CubeIDE_1.14.1/STM32CubeIDE/plugins/com.st.stm32cube.ide.mcu.externaltools.gnu-tools-for-stm32.11.3.rel1.win32_1.1.100.202309141235/tools/bin/../lib/gcc/arm-none-eabi/11.3.1/thumb/v7e-m+fp/hard/crtbegin.o
                [!provide]                        PROVIDE (__fini_array_end = .)
                0x000000000800b2a0                . = ALIGN (0x4)
                0x000000000800b2a0                _sidata = LOADADDR (.data)

.data           0x0000000020000000       0xd0 load address 0x000000000800b2a0
                0x0000000020000000                . = ALIGN (0x4)
                0x0000000020000000                _sdata = .
 *(.data)
 *(.data*)
 .data.CMD_NOP  0x0000000020000000        0x1 ./Core/Src/adc/adc_ADS1246.o
 .data.CMD_RDATA
                0x0000000020000001        0x1 ./Core/Src/adc/adc_ADS1246.o
 .data.CMD_WREG
                0x0000000020000002        0x1 ./Core/Src/adc/adc_ADS1246.o
 .data.REG_SYS0
                0x0000000020000003        0x1 ./Core/Src/adc/adc_ADS1246.o
 .data.methods  0x0000000020000004       0x10 ./Core/Src/adc/adc_ADS1246.o
 .data.TEXT_FONT
                0x0000000020000014        0x4 ./Core/Src/display_contents/screens/screen_1.o
 .data.methods  0x0000000020000018       0x10 ./Core/Src/display_contents/screens/screen_1.o
 .data.single_screen
                0x0000000020000028        0x8 ./Core/Src/display_contents/screens/screen_1.o
 .data.adctim   0x0000000020000030        0x4 ./Core/Src/main.o
                0x0000000020000030                adctim
 .data.conf_uart
                0x0000000020000034        0x4 ./Core/Src/main.o
                0x0000000020000034                conf_uart
 .data.SystemCoreClock
                0x0000000020000038        0x4 ./Core/Src/system_stm32f4xx.o
                0x0000000020000038                SystemCoreClock
 .data.sock_any_port
                0x000000002000003c        0x2 ./Core/Src/w5500_ethernet/socket.o
 *fill*         0x000000002000003e        0x2 
 .data.WIZCHIP  0x0000000020000040       0x28 ./Core/Src/w5500_ethernet/wizchip_conf.o
                0x0000000020000040                WIZCHIP
 .data.uwTickPrio
                0x0000000020000068        0x4 ./Drivers/STM32F4xx_HAL_Driver/Src/stm32f4xx_hal.o
                0x0000000020000068                uwTickPrio
 .data.uwTickFreq
                0x000000002000006c        0x1 ./Drivers/STM32F4xx_HAL_Driver/Src/stm32f4xx_hal.o
                0x000000002000006c                uwTickFreq
 *fill*         0x000000002000006d        0x3 
 .data._impure_data
                0x0000000020000070       0x4c C:/ST/STM32CubeIDE_1.14.1/STM32CubeIDE/plugins/com.st.stm32cube.ide.mcu.externaltools.gnu-tools-for-stm32.11.3.rel1.win32_1.1.100.202309141235/tools/bin/../lib/gcc/arm-none-eabi/11.3.1/../../../../arm-none-eabi/lib/thumb/v7e-m+fp/hard\libc_nano.a(libc_a-impure.o)
                0x0000000020000070                _impure_data
 .data._impure_ptr
                0x00000000200000bc        0x4 C:/ST/STM32CubeIDE_1.14.1/STM32CubeIDE/plugins/com.st.stm32cube.ide.mcu.externaltools.gnu-tools-for-stm32.11.3.rel1.win32_1.1.100.202309141235/tools/bin/../lib/gcc/arm-none-eabi/11.3.1/../../../../arm-none-eabi/lib/thumb/v7e-m+fp/hard\libc_nano.a(libc_a-impure.o)
                0x00000000200000bc                _impure_ptr
 .data.one      0x00000000200000c0        0x8 C:/ST/STM32CubeIDE_1.14.1/STM32CubeIDE/plugins/com.st.stm32cube.ide.mcu.externaltools.gnu-tools-for-stm32.11.3.rel1.win32_1.1.100.202309141235/tools/bin/../lib/gcc/arm-none-eabi/11.3.1/../../../../arm-none-eabi/lib/thumb/v7e-m+fp/hard\libm.a(libm_a-e_sqrt.o)
 .data.tiny     0x00000000200000c8        0x8 C:/ST/STM32CubeIDE_1.14.1/STM32CubeIDE/plugins/com.st.stm32cube.ide.mcu.externaltools.gnu-tools-for-stm32.11.3.rel1.win32_1.1.100.202309141235/tools/bin/../lib/gcc/arm-none-eabi/11.3.1/../../../../arm-none-eabi/lib/thumb/v7e-m+fp/hard\libm.a(libm_a-e_sqrt.o)
 *(.RamFunc)
 *(.RamFunc*)
                0x00000000200000d0                . = ALIGN (0x4)
                0x00000000200000d0                _edata = .
                0x000000000800b370                _siccmram = LOADADDR (.ccmram)

.igot.plt       0x00000000200000d0        0x0 load address 0x000000000800b370
 .igot.plt      0x00000000200000d0        0x0 C:/ST/STM32CubeIDE_1.14.1/STM32CubeIDE/plugins/com.st.stm32cube.ide.mcu.externaltools.gnu-tools-for-stm32.11.3.rel1.win32_1.1.100.202309141235/tools/bin/../lib/gcc/arm-none-eabi/11.3.1/thumb/v7e-m+fp/hard/crtbegin.o

.ccmram         0x0000000010000000        0x0 load address 0x000000000800b370
                0x0000000010000000                . = ALIGN (0x4)
                0x0000000010000000                _sccmram = .
 *(.ccmram)
 *(.ccmram*)
                0x0000000010000000                . = ALIGN (0x4)
                0x0000000010000000                _eccmram = .
                0x0000000010000000                . = ALIGN (0x4)

.bss            0x00000000200000d0      0xb48
                0x00000000200000d0                _sbss = .
                0x00000000200000d0                __bss_start__ = _sbss
 *(.bss)
 .bss           0x00000000200000d0       0x1c C:/ST/STM32CubeIDE_1.14.1/STM32CubeIDE/plugins/com.st.stm32cube.ide.mcu.externaltools.gnu-tools-for-stm32.11.3.rel1.win32_1.1.100.202309141235/tools/bin/../lib/gcc/arm-none-eabi/11.3.1/thumb/v7e-m+fp/hard/crtbegin.o
 *(.bss*)
 .bss.CMD_WAKEUP
                0x00000000200000ec        0x1 ./Core/Src/adc/adc_ADS1246.o
 *fill*         0x00000000200000ed        0x3 
 .bss.rangeSelectPort
                0x00000000200000f0        0x4 ./Core/Src/adc/range_select.o
 .bss.rangeSelectPin
                0x00000000200000f4        0x2 ./Core/Src/adc/range_select.o
 .bss.initialized
                0x00000000200000f6        0x1 ./Core/Src/display_contents/screens/screen_1.o
 *fill*         0x00000000200000f7        0x1 
 .bss.data      0x00000000200000f8       0x50 ./Core/Src/display_contents/screens/screen_1.o
 .bss.hi2c1     0x0000000020000148       0x54 ./Core/Src/main.o
                0x0000000020000148                hi2c1
 .bss.hi2c3     0x000000002000019c       0x54 ./Core/Src/main.o
                0x000000002000019c                hi2c3
 .bss.hspi1     0x00000000200001f0       0x58 ./Core/Src/main.o
                0x00000000200001f0                hspi1
 .bss.hspi2     0x0000000020000248       0x58 ./Core/Src/main.o
                0x0000000020000248                hspi2
 .bss.hspi3     0x00000000200002a0       0x58 ./Core/Src/main.o
                0x00000000200002a0                hspi3
 .bss.htim6     0x00000000200002f8       0x48 ./Core/Src/main.o
                0x00000000200002f8                htim6
 .bss.huart1    0x0000000020000340       0x48 ./Core/Src/main.o
                0x0000000020000340                huart1
 .bss.task      0x0000000020000388      0x2d8 ./Core/Src/main.o
                0x0000000020000388                task
 .bss.FatFsCnt  0x0000000020000660        0x1 ./Core/Src/stm32f4xx_it.o
                0x0000000020000660                FatFsCnt
 .bss.Timer1    0x0000000020000661        0x1 ./Core/Src/stm32f4xx_it.o
                0x0000000020000661                Timer1
 .bss.Timer2    0x0000000020000662        0x1 ./Core/Src/stm32f4xx_it.o
                0x0000000020000662                Timer2
 *fill*         0x0000000020000663        0x1 
 .bss.__sbrk_heap_end
                0x0000000020000664        0x4 ./Core/Src/sysmem.o
 .bss.SSD1306_Buffer
                0x0000000020000668      0x400 ./Core/Src/ssd1306/ssd1306.o
 .bss.SSD1306   0x0000000020000a68        0x6 ./Core/Src/ssd1306/ssd1306.o
 .bss.sock_io_mode
                0x0000000020000a6e        0x2 ./Core/Src/w5500_ethernet/socket.o
 .bss.sock_is_sending
                0x0000000020000a70        0x2 ./Core/Src/w5500_ethernet/socket.o
 *fill*         0x0000000020000a72        0x2 
 .bss.sock_remained_size
                0x0000000020000a74       0x10 ./Core/Src/w5500_ethernet/socket.o
 .bss.sock_pack_info
                0x0000000020000a84        0x8 ./Core/Src/w5500_ethernet/socket.o
                0x0000000020000a84                sock_pack_info
 .bss._DNS_     0x0000000020000a8c        0x4 ./Core/Src/w5500_ethernet/wizchip_conf.o
 .bss._DHCP_    0x0000000020000a90        0x1 ./Core/Src/w5500_ethernet/wizchip_conf.o
 *fill*         0x0000000020000a91        0x3 
 .bss.gWIZNETINFO
                0x0000000020000a94       0x17 ./Core/Src/w5500_ethernet/wiznet_api.o
 *fill*         0x0000000020000aab        0x1 
 .bss.uwTick    0x0000000020000aac        0x4 ./Drivers/STM32F4xx_HAL_Driver/Src/stm32f4xx_hal.o
                0x0000000020000aac                uwTick
 .bss.pFlash    0x0000000020000ab0       0x20 ./Drivers/STM32F4xx_HAL_Driver/Src/stm32f4xx_hal_flash.o
                0x0000000020000ab0                pFlash
 .bss.__malloc_free_list
                0x0000000020000ad0        0x4 C:/ST/STM32CubeIDE_1.14.1/STM32CubeIDE/plugins/com.st.stm32cube.ide.mcu.externaltools.gnu-tools-for-stm32.11.3.rel1.win32_1.1.100.202309141235/tools/bin/../lib/gcc/arm-none-eabi/11.3.1/../../../../arm-none-eabi/lib/thumb/v7e-m+fp/hard\libc_nano.a(libc_a-mallocr.o)
                0x0000000020000ad0                __malloc_free_list
 .bss.__malloc_sbrk_start
                0x0000000020000ad4        0x4 C:/ST/STM32CubeIDE_1.14.1/STM32CubeIDE/plugins/com.st.stm32cube.ide.mcu.externaltools.gnu-tools-for-stm32.11.3.rel1.win32_1.1.100.202309141235/tools/bin/../lib/gcc/arm-none-eabi/11.3.1/../../../../arm-none-eabi/lib/thumb/v7e-m+fp/hard\libc_nano.a(libc_a-mallocr.o)
                0x0000000020000ad4                __malloc_sbrk_start
 .bss.__sf      0x0000000020000ad8      0x138 C:/ST/STM32CubeIDE_1.14.1/STM32CubeIDE/plugins/com.st.stm32cube.ide.mcu.externaltools.gnu-tools-for-stm32.11.3.rel1.win32_1.1.100.202309141235/tools/bin/../lib/gcc/arm-none-eabi/11.3.1/../../../../arm-none-eabi/lib/thumb/v7e-m+fp/hard\libc_nano.a(libc_a-findfp.o)
                0x0000000020000ad8                __sf
 .bss.errno     0x0000000020000c10        0x4 C:/ST/STM32CubeIDE_1.14.1/STM32CubeIDE/plugins/com.st.stm32cube.ide.mcu.externaltools.gnu-tools-for-stm32.11.3.rel1.win32_1.1.100.202309141235/tools/bin/../lib/gcc/arm-none-eabi/11.3.1/../../../../arm-none-eabi/lib/thumb/v7e-m+fp/hard\libc_nano.a(libc_a-reent.o)
                0x0000000020000c10                errno
 .bss.__lock___malloc_recursive_mutex
                0x0000000020000c14        0x1 C:/ST/STM32CubeIDE_1.14.1/STM32CubeIDE/plugins/com.st.stm32cube.ide.mcu.externaltools.gnu-tools-for-stm32.11.3.rel1.win32_1.1.100.202309141235/tools/bin/../lib/gcc/arm-none-eabi/11.3.1/../../../../arm-none-eabi/lib/thumb/v7e-m+fp/hard\libc_nano.a(libc_a-lock.o)
                0x0000000020000c14                __lock___malloc_recursive_mutex
 *(COMMON)
                0x0000000020000c18                . = ALIGN (0x4)
 *fill*         0x0000000020000c15        0x3 
                0x0000000020000c18                _ebss = .
                0x0000000020000c18                __bss_end__ = _ebss

._user_heap_stack
                0x0000000020000c18      0x600
                0x0000000020000c18                . = ALIGN (0x8)
                [!provide]                        PROVIDE (end = .)
                0x0000000020000c18                PROVIDE (_end = .)
                0x0000000020000e18                . = (. + _Min_Heap_Size)
 *fill*         0x0000000020000c18      0x200 
                0x0000000020001218                . = (. + _Min_Stack_Size)
 *fill*         0x0000000020000e18      0x400 
                0x0000000020001218                . = ALIGN (0x8)

/DISCARD/
 libc.a(*)
 libm.a(*)
 libgcc.a(*)

.ARM.attributes
                0x0000000000000000       0x30
 *(.ARM.attributes)
 .ARM.attributes
                0x0000000000000000       0x1e C:/ST/STM32CubeIDE_1.14.1/STM32CubeIDE/plugins/com.st.stm32cube.ide.mcu.externaltools.gnu-tools-for-stm32.11.3.rel1.win32_1.1.100.202309141235/tools/bin/../lib/gcc/arm-none-eabi/11.3.1/thumb/v7e-m+fp/hard/crti.o
 .ARM.attributes
                0x000000000000001e       0x34 C:/ST/STM32CubeIDE_1.14.1/STM32CubeIDE/plugins/com.st.stm32cube.ide.mcu.externaltools.gnu-tools-for-stm32.11.3.rel1.win32_1.1.100.202309141235/tools/bin/../lib/gcc/arm-none-eabi/11.3.1/thumb/v7e-m+fp/hard/crtbegin.o
 .ARM.attributes
                0x0000000000000052       0x34 ./Core/Src/adc/adc.o
 .ARM.attributes
                0x0000000000000086       0x34 ./Core/Src/adc/adc_ADS1246.o
 .ARM.attributes
                0x00000000000000ba       0x34 ./Core/Src/adc/adc_monitor.o
 .ARM.attributes
                0x00000000000000ee       0x34 ./Core/Src/adc/range_select.o
 .ARM.attributes
                0x0000000000000122       0x34 ./Core/Src/dac/mcp4822.o
 .ARM.attributes
                0x0000000000000156       0x34 ./Core/Src/display_contents/screens/screen.o
 .ARM.attributes
                0x000000000000018a       0x34 ./Core/Src/display_contents/screens/screen_1.o
 .ARM.attributes
                0x00000000000001be       0x34 ./Core/Src/flash_manager/flash_data.o
 .ARM.attributes
                0x00000000000001f2       0x34 ./Core/Src/general_task/general_task.o
 .ARM.attributes
                0x0000000000000226       0x34 ./Core/Src/high_voltage_system/high_voltage_system.o
 .ARM.attributes
                0x000000000000025a       0x34 ./Core/Src/keyboard/button.o
 .ARM.attributes
                0x000000000000028e       0x34 ./Core/Src/keyboard/keyboard.o
 .ARM.attributes
                0x00000000000002c2       0x34 ./Core/Src/main.o
 .ARM.attributes
                0x00000000000002f6       0x34 ./Core/Src/stm32f4xx_hal_msp.o
 .ARM.attributes
                0x000000000000032a       0x34 ./Core/Src/stm32f4xx_it.o
 .ARM.attributes
                0x000000000000035e       0x34 ./Core/Src/sysmem.o
 .ARM.attributes
                0x0000000000000392       0x34 ./Core/Src/system_stm32f4xx.o
 .ARM.attributes
                0x00000000000003c6       0x34 ./Core/Src/pressure_sensor/pressure_sensor.o
 .ARM.attributes
                0x00000000000003fa       0x34 ./Core/Src/ssd1306/ssd1306.o
 .ARM.attributes
                0x000000000000042e       0x34 ./Core/Src/ssd1306/ssd1306_fonts.o
 .ARM.attributes
                0x0000000000000462       0x34 ./Core/Src/tcp_server/rx_message.o
 .ARM.attributes
                0x0000000000000496       0x34 ./Core/Src/tcp_server/tcp_input_stream.o
 .ARM.attributes
                0x00000000000004ca       0x34 ./Core/Src/tcp_server/tcp_output_stream.o
 .ARM.attributes
                0x00000000000004fe       0x34 ./Core/Src/tcp_server/tx_message.o
 .ARM.attributes
                0x0000000000000532       0x34 ./Core/Src/uart_rx_handler/uart_rx_handler.o
 .ARM.attributes
                0x0000000000000566       0x34 ./Core/Src/w5500_ethernet/socket.o
 .ARM.attributes
                0x000000000000059a       0x34 ./Core/Src/w5500_ethernet/w5500.o
 .ARM.attributes
                0x00000000000005ce       0x34 ./Core/Src/w5500_ethernet/wizchip_conf.o
 .ARM.attributes
                0x0000000000000602       0x34 ./Core/Src/w5500_ethernet/wiznet_api.o
 .ARM.attributes
                0x0000000000000636       0x21 ./Core/Startup/startup_stm32f407vetx.o
 .ARM.attributes
                0x0000000000000657       0x34 ./Drivers/STM32F4xx_HAL_Driver/Src/stm32f4xx_hal.o
 .ARM.attributes
                0x000000000000068b       0x34 ./Drivers/STM32F4xx_HAL_Driver/Src/stm32f4xx_hal_cortex.o
 .ARM.attributes
                0x00000000000006bf       0x34 ./Drivers/STM32F4xx_HAL_Driver/Src/stm32f4xx_hal_dma.o
 .ARM.attributes