../FATFS/App/fatfs_sd.c:28:6:SD_set_spi_and_cs	24	static
../FATFS/App/fatfs_sd.c:40:13:SELECT	8	static
../FATFS/App/fatfs_sd.c:49:13:DESELECT	8	static
../FATFS/App/fatfs_sd.c:57:13:SPI_TxByte	16	static
../FATFS/App/fatfs_sd.c:66:16:SPI_RxByte	24	static
../FATFS/App/fatfs_sd.c:82:13:SPI_RxBytePtr	16	static
../FATFS/App/fatfs_sd.c:87:16:SD_ReadyWait	16	static
../FATFS/App/fatfs_sd.c:101:13:SD_PowerOn	32	static
../FATFS/App/fatfs_sd.c:139:13:SD_PowerOff	4	static
../FATFS/App/fatfs_sd.c:144:16:SD_CheckPower	4	static
../FATFS/App/fatfs_sd.c:149:13:SD_RxDataBlock	24	static
../FATFS/App/fatfs_sd.c:176:13:SD_TxDataBlock	24	static
../FATFS/App/fatfs_sd.c:219:13:SD_SendCmd	24	static
../FATFS/App/fatfs_sd.c:253:9:SD_disk_initialize	32	static
../FATFS/App/fatfs_sd.c:345:9:SD_disk_status	16	static
../FATFS/App/fatfs_sd.c:353:9:SD_disk_read	24	static
../FATFS/App/fatfs_sd.c:392:9:SD_disk_write	24	static
../FATFS/App/fatfs_sd.c:444:9:SD_disk_ioctl	56	static
