../Core/Src/main.c:80:5:main	8	static
../Core/Src/main.c:138:6:SystemClock_Config	88	static
../Core/Src/main.c:185:13:MX_I2C3_Init	8	static
../Core/Src/main.c:219:13:MX_SPI1_Init	8	static
../Core/Src/main.c:257:13:MX_SPI2_Init	8	static
../Core/Src/main.c:295:13:MX_SPI3_Init	8	static
../Core/Src/main.c:333:13:MX_TIM6_Init	16	static
../Core/Src/main.c:371:13:MX_GPIO_Init	48	static
../Core/Src/main.c:453:6:HAL_TIM_PeriodElapsedCallback	16	static
../Core/Src/main.c:475:6:Error_Handler	4	static,ignoring_inline_asm
